OpenJDK 64-Bit Server VM (25.152-b22) for windows-amd64 JRE (1.8.0_152-release-1248-b22), built on Nov  1 2018 13:49:01 by "builduser" with MS VC++ 10.0 (VS2010)
Memory: 4k page, physical 20585160k(16484456k free), swap 23599816k(19452348k free)
CommandLine flags: -XX:ErrorFile=C:\Users\liupingao\java_error_in_idea_%p.log -XX:+HeapDumpOnOutOfMemoryError -XX:HeapDumpPath=C:\Users\liupingao\java_error_in_idea.hprof -XX:InitialHeapSize=268435456 -XX:MaxHeapSize=2147483648 -XX:MaxNewSize=348966912 -XX:MaxTenuringThreshold=6 -XX:OldPLABSize=16 -XX:-OmitStackTraceInFastThrow -XX:+PrintGC -XX:+PrintGCDetails -XX:+PrintGCTimeStamps -XX:ReservedCodeCacheSize=251658240 -XX:SoftRefLRUPolicyMSPerMB=50 -XX:+UseCompressedClassPointers -XX:+UseCompressedOops -XX:+UseConcMarkSweepGC -XX:-UseLargePagesIndividualAllocation -XX:+UseParNewGC 
4.588: [GC (Allocation Failure) 4.588: [ParNew: 69952K->8704K(78656K), 0.0180095 secs] 69952K->11963K(253440K), 0.0182080 secs] [Times: user=0.03 sys=0.00, real=0.02 secs] 
11.195: [GC (Allocation Failure) 11.195: [ParNew: 78656K->8704K(78656K), 0.0280861 secs] 81915K->23073K(253440K), 0.0281636 secs] [Times: user=0.08 sys=0.00, real=0.03 secs] 
15.242: [GC (CMS Initial Mark) [1 CMS-initial-mark: 14369K(174784K)] 57421K(253440K), 0.0064734 secs] [Times: user=0.00 sys=0.00, real=0.01 secs] 
15.248: [CMS-concurrent-mark-start]
15.274: [CMS-concurrent-mark: 0.026/0.026 secs] [Times: user=0.05 sys=0.00, real=0.03 secs] 
15.274: [CMS-concurrent-preclean-start]
15.277: [CMS-concurrent-preclean: 0.003/0.003 secs] [Times: user=0.00 sys=0.00, real=0.00 secs] 
15.277: [CMS-concurrent-abortable-preclean-start]
17.602: [GC (Allocation Failure) 17.602: [ParNew: 78656K->8704K(78656K), 0.0246981 secs] 93025K->35438K(253440K), 0.0247684 secs] [Times: user=0.06 sys=0.00, real=0.02 secs] 
18.925: [CMS-concurrent-abortable-preclean: 1.373/3.648 secs] [Times: user=4.44 sys=0.13, real=3.65 secs] 
18.926: [GC (CMS Final Remark) [YG occupancy: 47124 K (78656 K)]18.926: [Rescan (parallel) , 0.0402353 secs]18.966: [weak refs processing, 0.0003627 secs]18.967: [class unloading, 0.0066815 secs]18.973: [scrub symbol table, 0.0061513 secs]18.980: [scrub string table, 0.0010938 secs][1 CMS-remark: 26734K(174784K)] 73859K(253440K), 0.0559809 secs] [Times: user=0.13 sys=0.00, real=0.05 secs] 
18.982: [CMS-concurrent-sweep-start]
18.991: [CMS-concurrent-sweep: 0.009/0.009 secs] [Times: user=0.02 sys=0.00, real=0.01 secs] 
18.991: [CMS-concurrent-reset-start]
18.994: [CMS-concurrent-reset: 0.003/0.003 secs] [Times: user=0.00 sys=0.00, real=0.01 secs] 
20.849: [GC (Allocation Failure) 20.849: [ParNew: 78656K->8704K(78656K), 0.0166277 secs] 103586K->41369K(253440K), 0.0166792 secs] [Times: user=0.03 sys=0.00, real=0.02 secs] 
24.266: [GC (Allocation Failure) 24.266: [ParNew: 78656K->8704K(78656K), 0.0106516 secs] 111321K->42971K(253440K), 0.0107200 secs] [Times: user=0.00 sys=0.00, real=0.01 secs] 
26.060: [GC (Allocation Failure) 26.060: [ParNew: 78656K->8704K(78656K), 0.0185920 secs] 112923K->52166K(253440K), 0.0186604 secs] [Times: user=0.11 sys=0.00, real=0.02 secs] 
27.296: [GC (Allocation Failure) 27.296: [ParNew: 78656K->6252K(78656K), 0.0102123 secs] 122118K->54342K(253440K), 0.0103135 secs] [Times: user=0.00 sys=0.00, real=0.01 secs] 
30.370: [GC (Allocation Failure) 30.370: [ParNew: 76204K->8704K(78656K), 0.0151197 secs] 124294K->60867K(253440K), 0.0152472 secs] [Times: user=0.06 sys=0.00, real=0.02 secs] 
35.703: [GC (Allocation Failure) 35.703: [ParNew: 78656K->8704K(78656K), 0.0150811 secs] 130819K->69153K(253440K), 0.0151355 secs] [Times: user=0.02 sys=0.00, real=0.01 secs] 
39.717: [GC (CMS Initial Mark) [1 CMS-initial-mark: 60449K(174784K)] 137394K(253440K), 0.0177846 secs] [Times: user=0.05 sys=0.01, real=0.02 secs] 
39.735: [CMS-concurrent-mark-start]
39.796: [CMS-concurrent-mark: 0.061/0.061 secs] [Times: user=0.16 sys=0.00, real=0.06 secs] 
39.796: [CMS-concurrent-preclean-start]
39.800: [CMS-concurrent-preclean: 0.003/0.003 secs] [Times: user=0.00 sys=0.00, real=0.00 secs] 
39.800: [CMS-concurrent-abortable-preclean-start]
39.876: [GC (Allocation Failure) 39.876: [ParNew: 78656K->8704K(78656K), 0.0366438 secs] 139105K->84605K(253440K), 0.0367933 secs] [Times: user=0.05 sys=0.02, real=0.04 secs] 
41.241: [CMS-concurrent-abortable-preclean: 0.825/1.442 secs] [Times: user=2.91 sys=0.19, real=1.44 secs] 
41.247: [GC (CMS Final Remark) [YG occupancy: 52630 K (78656 K)]41.247: [Rescan (parallel) , 0.0093524 secs]41.257: [weak refs processing, 0.0000762 secs]41.257: [class unloading, 0.0120287 secs]41.269: [scrub symbol table, 0.0167458 secs]41.286: [scrub string table, 0.0011212 secs][1 CMS-remark: 75901K(174784K)] 128532K(253440K), 0.0404042 secs] [Times: user=0.09 sys=0.00, real=0.04 secs] 
41.290: [CMS-concurrent-sweep-start]
41.338: [CMS-concurrent-sweep: 0.048/0.049 secs] [Times: user=0.14 sys=0.02, real=0.05 secs] 
41.339: [CMS-concurrent-reset-start]
41.341: [CMS-concurrent-reset: 0.002/0.002 secs] [Times: user=0.00 sys=0.00, real=0.00 secs] 
42.407: [GC (Allocation Failure) 42.407: [ParNew: 78656K->7442K(78656K), 0.0212160 secs] 134321K->69089K(253440K), 0.0212989 secs] [Times: user=0.06 sys=0.00, real=0.02 secs] 
44.617: [GC (Allocation Failure) 44.617: [ParNew: 77394K->8704K(78656K), 0.0227786 secs] 139041K->75716K(253440K), 0.0229244 secs] [Times: user=0.08 sys=0.00, real=0.02 secs] 
46.723: [GC (Allocation Failure) 46.723: [ParNew: 78656K->8704K(78656K), 0.0330189 secs] 145668K->85470K(253440K), 0.0331412 secs] [Times: user=0.09 sys=0.02, real=0.03 secs] 
48.729: [GC (Allocation Failure) 48.729: [ParNew: 78649K->8704K(78656K), 0.0352882 secs] 155416K->94976K(253440K), 0.0354111 secs] [Times: user=0.13 sys=0.00, real=0.03 secs] 
48.797: [GC (CMS Initial Mark) [1 CMS-initial-mark: 86272K(174784K)] 96221K(253440K), 0.0038078 secs] [Times: user=0.00 sys=0.00, real=0.00 secs] 
48.801: [CMS-concurrent-mark-start]
48.952: [CMS-concurrent-mark: 0.150/0.150 secs] [Times: user=0.36 sys=0.00, real=0.15 secs] 
48.952: [CMS-concurrent-preclean-start]
48.955: [CMS-concurrent-preclean: 0.003/0.003 secs] [Times: user=0.00 sys=0.00, real=0.00 secs] 
48.955: [CMS-concurrent-abortable-preclean-start]
50.566: [GC (Allocation Failure) 50.566: [ParNew: 78656K->8703K(78656K), 0.0272703 secs] 164928K->100136K(253440K), 0.0274255 secs] [Times: user=0.06 sys=0.00, real=0.03 secs] 
52.037: [CMS-concurrent-abortable-preclean: 2.648/3.082 secs] [Times: user=7.16 sys=0.39, real=3.08 secs] 
52.037: [GC (CMS Final Remark) [YG occupancy: 44277 K (78656 K)]52.037: [Rescan (parallel) , 0.0182001 secs]52.056: [weak refs processing, 0.0000633 secs]52.056: [class unloading, 0.0182719 secs]52.074: [scrub symbol table, 0.0346872 secs]52.109: [scrub string table, 0.0025616 secs][1 CMS-remark: 91432K(174784K)] 135709K(253440K), 0.0748496 secs] [Times: user=0.13 sys=0.00, real=0.08 secs] 
52.113: [CMS-concurrent-sweep-start]
52.168: [CMS-concurrent-sweep: 0.055/0.055 secs] [Times: user=0.09 sys=0.00, real=0.06 secs] 
52.168: [CMS-concurrent-reset-start]
52.171: [CMS-concurrent-reset: 0.002/0.002 secs] [Times: user=0.02 sys=0.00, real=0.00 secs] 
53.718: [GC (Allocation Failure) 53.718: [ParNew: 78655K->8704K(78656K), 0.0215431 secs] 150428K->88643K(253440K), 0.0216254 secs] [Times: user=0.05 sys=0.02, real=0.02 secs] 
56.946: [GC (Allocation Failure) 56.947: [ParNew: 78656K->8341K(78656K), 0.0193600 secs] 158595K->95723K(253440K), 0.0194344 secs] [Times: user=0.06 sys=0.00, real=0.02 secs] 
57.681: [GC (Allocation Failure) 57.681: [ParNew: 78293K->7948K(78656K), 0.0151485 secs] 165675K->100478K(253440K), 0.0152250 secs] [Times: user=0.06 sys=0.00, real=0.02 secs] 
59.237: [GC (Allocation Failure) 59.237: [ParNew: 77900K->8704K(78656K), 0.0089209 secs] 170430K->102388K(253440K), 0.0089791 secs] [Times: user=0.00 sys=0.00, real=0.01 secs] 
61.696: [GC (Allocation Failure) 61.696: [ParNew: 78656K->7695K(78656K), 0.0148417 secs] 172340K->107613K(253440K), 0.0149325 secs] [Times: user=0.06 sys=0.00, real=0.02 secs] 
63.263: [GC (Allocation Failure) 63.263: [ParNew: 77647K->8704K(78656K), 0.0110266 secs] 177565K->109486K(253440K), 0.0110931 secs] [Times: user=0.06 sys=0.00, real=0.01 secs] 
65.742: [GC (Allocation Failure) 65.742: [ParNew: 77335K->8704K(78656K), 0.0185353 secs] 178117K->117494K(253440K), 0.0185961 secs] [Times: user=0.06 sys=0.00, real=0.02 secs] 
68.148: [GC (Allocation Failure) 68.148: [ParNew: 78656K->8704K(78656K), 0.0297854 secs] 187446K->133500K(253440K), 0.0298592 secs] [Times: user=0.13 sys=0.00, real=0.03 secs] 
70.124: [GC (Allocation Failure) 70.124: [ParNew: 78656K->8704K(78656K), 0.0182577 secs] 203452K->141875K(253440K), 0.0183411 secs] [Times: user=0.06 sys=0.00, real=0.02 secs] 
70.143: [GC (CMS Initial Mark) [1 CMS-initial-mark: 133171K(174784K)] 141875K(253440K), 0.0046746 secs] [Times: user=0.00 sys=0.00, real=0.00 secs] 
70.148: [CMS-concurrent-mark-start]
70.323: [CMS-concurrent-mark: 0.175/0.175 secs] [Times: user=0.53 sys=0.00, real=0.17 secs] 
70.323: [CMS-concurrent-preclean-start]
70.326: [CMS-concurrent-preclean: 0.004/0.004 secs] [Times: user=0.05 sys=0.00, real=0.00 secs] 
70.327: [GC (CMS Final Remark) [YG occupancy: 9466 K (78656 K)]70.327: [Rescan (parallel) , 0.0042232 secs]70.331: [weak refs processing, 0.0003132 secs]70.331: [class unloading, 0.0285680 secs]70.360: [scrub symbol table, 0.0466466 secs]70.407: [scrub string table, 0.0038863 secs][1 CMS-remark: 133171K(174784K)] 142637K(253440K), 0.0847565 secs] [Times: user=0.16 sys=0.00, real=0.09 secs] 
70.412: [CMS-concurrent-sweep-start]
70.468: [CMS-concurrent-sweep: 0.055/0.056 secs] [Times: user=0.20 sys=0.02, real=0.06 secs] 
70.468: [CMS-concurrent-reset-start]
70.471: [CMS-concurrent-reset: 0.003/0.003 secs] [Times: user=0.00 sys=0.00, real=0.00 secs] 
72.348: [GC (Allocation Failure) 72.348: [ParNew: 78656K->8704K(78656K), 0.0183273 secs] 184216K->120984K(254592K), 0.0184128 secs] [Times: user=0.06 sys=0.00, real=0.02 secs] 
73.271: [GC (Allocation Failure) 73.271: [ParNew: 78656K->7671K(78656K), 0.0160053 secs] 190936K->125601K(254592K), 0.0161013 secs] [Times: user=0.06 sys=0.00, real=0.02 secs] 
73.619: [GC (Allocation Failure) 73.619: [ParNew: 77623K->8704K(78656K), 0.0209955 secs] 195553K->136465K(254592K), 0.0210834 secs] [Times: user=0.09 sys=0.00, real=0.02 secs] 
75.334: [GC (Allocation Failure) 75.335: [ParNew: 78656K->8704K(78656K), 0.0202505 secs] 206417K->144178K(254592K), 0.0203412 secs] [Times: user=0.06 sys=0.00, real=0.02 secs] 
76.683: [GC (Allocation Failure) 76.683: [ParNew: 78656K->7628K(78656K), 0.0205935 secs] 214130K->150716K(254592K), 0.0206782 secs] [Times: user=0.08 sys=0.00, real=0.02 secs] 
77.151: [GC (Allocation Failure) 77.151: [ParNew: 77580K->3468K(78656K), 0.0118495 secs] 220668K->150595K(254592K), 0.0120112 secs] [Times: user=0.06 sys=0.00, real=0.01 secs] 
77.484: [GC (Allocation Failure) 77.484: [ParNew: 73420K->5304K(78656K), 0.0066331 secs] 220547K->152432K(254592K), 0.0067176 secs] [Times: user=0.00 sys=0.00, real=0.01 secs] 
77.791: [GC (Allocation Failure) 77.791: [ParNew: 75256K->6637K(78656K), 0.0077194 secs] 222384K->153764K(254592K), 0.0077996 secs] [Times: user=0.06 sys=0.00, real=0.01 secs] 
78.048: [GC (Allocation Failure) 78.048: [ParNew: 76589K->8704K(78656K), 0.0095334 secs] 223716K->156957K(254592K), 0.0096245 secs] [Times: user=0.00 sys=0.00, real=0.01 secs] 
78.297: [GC (Allocation Failure) 78.297: [ParNew: 78656K->6514K(78656K), 0.0102597 secs] 226909K->156830K(254592K), 0.0103328 secs] [Times: user=0.00 sys=0.00, real=0.01 secs] 
78.979: [GC (Allocation Failure) 78.979: [ParNew: 76466K->8704K(78656K), 0.0116058 secs] 226782K->160989K(254592K), 0.0116851 secs] [Times: user=0.06 sys=0.00, real=0.01 secs] 
81.298: [GC (Allocation Failure) 81.298: [ParNew: 78656K->8704K(78656K), 0.0216308 secs] 230941K->167110K(254592K), 0.0217170 secs] [Times: user=0.05 sys=0.00, real=0.02 secs] 
83.645: [GC (Allocation Failure) 83.645: [ParNew: 78656K->8704K(78656K), 0.0280963 secs] 237062K->177487K(254592K), 0.0281977 secs] [Times: user=0.08 sys=0.01, real=0.03 secs] 
83.674: [GC (CMS Initial Mark) [1 CMS-initial-mark: 168783K(175936K)] 177711K(254592K), 0.0078070 secs] [Times: user=0.00 sys=0.00, real=0.01 secs] 
83.681: [CMS-concurrent-mark-start]
83.918: [CMS-concurrent-mark: 0.236/0.236 secs] [Times: user=0.75 sys=0.03, real=0.24 secs] 
83.918: [CMS-concurrent-preclean-start]
83.928: [CMS-concurrent-preclean: 0.011/0.011 secs] [Times: user=0.06 sys=0.00, real=0.01 secs] 
83.928: [CMS-concurrent-abortable-preclean-start]
85.340: [CMS-concurrent-abortable-preclean: 1.391/1.412 secs] [Times: user=4.91 sys=0.16, real=1.41 secs] 
85.341: [GC (CMS Final Remark) [YG occupancy: 43753 K (78656 K)]85.341: [Rescan (parallel) , 0.0171818 secs]85.358: [weak refs processing, 0.0003921 secs]85.358: [class unloading, 0.0509724 secs]85.409: [scrub symbol table, 0.0561067 secs]85.465: [scrub string table, 0.0039935 secs][1 CMS-remark: 168783K(175936K)] 212537K(254592K), 0.1294539 secs] [Times: user=0.33 sys=0.00, real=0.13 secs] 
85.470: [CMS-concurrent-sweep-start]
85.565: [CMS-concurrent-sweep: 0.094/0.094 secs] [Times: user=0.19 sys=0.03, real=0.10 secs] 
85.565: [CMS-concurrent-reset-start]
85.567: [CMS-concurrent-reset: 0.002/0.002 secs] [Times: user=0.00 sys=0.00, real=0.00 secs] 
86.376: [GC (GCLocker Initiated GC) 86.376: [ParNew: 78656K->8704K(78656K), 0.0255486 secs] 215118K->157011K(306056K), 0.0256501 secs] [Times: user=0.06 sys=0.00, real=0.03 secs] 
89.167: [GC (Allocation Failure) 89.167: [ParNew: 78656K->8704K(78656K), 0.0270709 secs] 226963K->168849K(306056K), 0.0271569 secs] [Times: user=0.08 sys=0.01, real=0.03 secs] 
91.187: [GC (Allocation Failure) 91.187: [ParNew: 78656K->8120K(78656K), 0.0168220 secs] 238801K->176041K(306056K), 0.0169041 secs] [Times: user=0.02 sys=0.00, real=0.02 secs] 
98.225: [GC (Allocation Failure) 98.225: [ParNew: 78072K->4927K(78656K), 0.0100438 secs] 245993K->172848K(306056K), 0.0101560 secs] [Times: user=0.06 sys=0.00, real=0.01 secs] 
99.863: [GC (Allocation Failure) 99.863: [ParNew: 74879K->6194K(78656K), 0.0084292 secs] 242800K->174115K(306056K), 0.0085454 secs] [Times: user=0.00 sys=0.00, real=0.01 secs] 
100.980: [GC (Allocation Failure) 100.981: [ParNew: 76146K->5410K(78656K), 0.0130928 secs] 244067K->175021K(306056K), 0.0132325 secs] [Times: user=0.06 sys=0.00, real=0.01 secs] 
101.771: [GC (Allocation Failure) 101.771: [ParNew: 75362K->5826K(78656K), 0.0093911 secs] 244973K->175437K(306056K), 0.0094852 secs] [Times: user=0.02 sys=0.00, real=0.01 secs] 
102.905: [GC (Allocation Failure) 102.905: [ParNew: 75778K->7209K(78656K), 0.0105453 secs] 245389K->176821K(306056K), 0.0106671 secs] [Times: user=0.00 sys=0.00, real=0.01 secs] 
103.619: [GC (Allocation Failure) 103.619: [ParNew: 77161K->8006K(78656K), 0.0145626 secs] 246773K->179393K(306056K), 0.0146913 secs] [Times: user=0.06 sys=0.00, real=0.01 secs] 
104.075: [GC (Allocation Failure) 104.076: [ParNew: 77958K->7518K(78656K), 0.0072940 secs] 249345K->179958K(306056K), 0.0073752 secs] [Times: user=0.06 sys=0.00, real=0.01 secs] 
104.915: [GC (Allocation Failure) 104.915: [ParNew: 77470K->6704K(78656K), 0.0071969 secs] 249910K->179143K(306056K), 0.0072873 secs] [Times: user=0.06 sys=0.00, real=0.01 secs] 
105.477: [GC (Allocation Failure) 105.477: [ParNew: 76656K->6574K(78656K), 0.0071333 secs] 249095K->179807K(306056K), 0.0072498 secs] [Times: user=0.02 sys=0.00, real=0.01 secs] 
105.932: [GC (Allocation Failure) 105.932: [ParNew: 76526K->6554K(78656K), 0.0063014 secs] 249759K->179916K(306056K), 0.0063757 secs] [Times: user=0.06 sys=0.00, real=0.01 secs] 
107.731: [GC (Allocation Failure) 107.731: [ParNew: 76506K->8703K(78656K), 0.0098140 secs] 249868K->184361K(306056K), 0.0098979 secs] [Times: user=0.06 sys=0.00, real=0.01 secs] 
109.345: [GC (Allocation Failure) 109.345: [ParNew: 78655K->8703K(78656K), 0.0138860 secs] 254313K->188852K(306056K), 0.0139773 secs] [Times: user=0.05 sys=0.00, real=0.01 secs] 
109.904: [GC (Allocation Failure) 109.904: [ParNew: 78655K->6785K(78656K), 0.0139244 secs] 258804K->193381K(306056K), 0.0140164 secs] [Times: user=0.06 sys=0.00, real=0.01 secs] 
110.863: [GC (Allocation Failure) 110.863: [ParNew: 76737K->5584K(78656K), 0.0071160 secs] 263333K->192181K(306056K), 0.0072738 secs] [Times: user=0.00 sys=0.00, real=0.01 secs] 
111.932: [GC (Allocation Failure) 111.932: [ParNew: 75536K->5246K(78656K), 0.0078356 secs] 262133K->193487K(306056K), 0.0079305 secs] [Times: user=0.06 sys=0.00, real=0.01 secs] 
112.325: [GC (Allocation Failure) 112.325: [ParNew: 75198K->5356K(78656K), 0.0054527 secs] 263439K->193597K(306056K), 0.0055349 secs] [Times: user=0.06 sys=0.00, real=0.00 secs] 
112.539: [GC (Allocation Failure) 112.539: [ParNew: 75308K->5476K(78656K), 0.0055165 secs] 263549K->193717K(306056K), 0.0055966 secs] [Times: user=0.00 sys=0.00, real=0.01 secs] 
112.845: [GC (Allocation Failure) 112.845: [ParNew: 75428K->4640K(78656K), 0.0073914 secs] 263669K->192881K(306056K), 0.0074887 secs] [Times: user=0.00 sys=0.00, real=0.01 secs] 
113.069: [GC (Allocation Failure) 113.069: [ParNew: 74592K->6421K(78656K), 0.0057527 secs] 262833K->194662K(306056K), 0.0058357 secs] [Times: user=0.00 sys=0.00, real=0.01 secs] 
113.239: [GC (Allocation Failure) 113.239: [ParNew: 76373K->3462K(78656K), 0.0067681 secs] 264614K->193889K(306056K), 0.0068536 secs] [Times: user=0.00 sys=0.00, real=0.01 secs] 
113.682: [GC (Allocation Failure) 113.682: [ParNew: 73414K->1174K(78656K), 0.0047739 secs] 263841K->192977K(306056K), 0.0048601 secs] [Times: user=0.06 sys=0.00, real=0.01 secs] 
114.007: [GC (Allocation Failure) 114.007: [ParNew: 71126K->230K(78656K), 0.0075752 secs] 262929K->192075K(306056K), 0.0077080 secs] [Times: user=0.05 sys=0.00, real=0.01 secs] 
114.255: [GC (Allocation Failure) 114.255: [ParNew: 70182K->199K(78656K), 0.0039938 secs] 262027K->192045K(306056K), 0.0040945 secs] [Times: user=0.00 sys=0.00, real=0.00 secs] 
114.445: [GC (Allocation Failure) 114.445: [ParNew: 70151K->364K(78656K), 0.0039818 secs] 261997K->192224K(306056K), 0.0040675 secs] [Times: user=0.00 sys=0.00, real=0.00 secs] 
114.794: [GC (Allocation Failure) 114.794: [ParNew: 55756K->261K(78656K), 0.0052464 secs] 247616K->192122K(306056K), 0.0053445 secs] [Times: user=0.06 sys=0.00, real=0.00 secs] 
122.461: [GC (Allocation Failure) 122.461: [ParNew: 63425K->605K(78656K), 0.0099004 secs] 255286K->192467K(306056K), 0.0100106 secs] [Times: user=0.05 sys=0.02, real=0.01 secs] 
129.961: [GC (Allocation Failure) 129.961: [ParNew: 70557K->3725K(78656K), 0.0083433 secs] 262419K->195587K(306056K), 0.0084387 secs] [Times: user=0.03 sys=0.00, real=0.01 secs] 
190.404: [GC (Allocation Failure) 190.404: [ParNew: 73677K->8704K(78656K), 0.0178859 secs] 265539K->204442K(306056K), 0.0179701 secs] [Times: user=0.03 sys=0.00, real=0.02 secs] 
203.741: [GC (Allocation Failure) 203.741: [ParNew: 78656K->6975K(78656K), 0.0241430 secs] 274394K->210682K(306056K), 0.0242335 secs] [Times: user=0.06 sys=0.02, real=0.02 secs] 
229.798: [GC (Allocation Failure) 229.798: [ParNew: 76927K->4027K(78656K), 0.0068071 secs] 280634K->207734K(306056K), 0.0069065 secs] [Times: user=0.00 sys=0.00, real=0.01 secs] 
275.728: [GC (Allocation Failure) 275.728: [ParNew: 73979K->8704K(78656K), 0.0102469 secs] 277686K->213791K(306056K), 0.0103331 secs] [Times: user=0.06 sys=0.00, real=0.01 secs] 
284.692: [GC (Allocation Failure) 284.692: [ParNew: 78656K->8704K(78656K), 0.0240363 secs] 283743K->227033K(306056K), 0.0241172 secs] [Times: user=0.06 sys=0.00, real=0.02 secs] 
284.716: [GC (CMS Initial Mark) [1 CMS-initial-mark: 218329K(227400K)] 227254K(306056K), 0.0055323 secs] [Times: user=0.06 sys=0.00, real=0.00 secs] 
284.722: [CMS-concurrent-mark-start]
285.012: [CMS-concurrent-mark: 0.284/0.290 secs] [Times: user=0.98 sys=0.02, real=0.29 secs] 
285.012: [CMS-concurrent-preclean-start]
285.020: [CMS-concurrent-preclean: 0.007/0.008 secs] [Times: user=0.06 sys=0.00, real=0.01 secs] 
285.020: [CMS-concurrent-abortable-preclean-start]
289.347: [GC (Allocation Failure) 289.347: [ParNew: 78656K->7838K(78656K), 0.0194953 secs] 296985K->233581K(310472K), 0.0195881 secs] [Times: user=0.06 sys=0.00, real=0.02 secs] 
 CMS: abort preclean due to time 290.090: [CMS-concurrent-abortable-preclean: 2.227/5.070 secs] [Times: user=5.51 sys=0.28, real=5.07 secs] 
290.090:[GC (CMS Final Remark) [YG occupancy: 11405 K (78656 K)]290.090: [Rescan (parallel) , 0.0073453 secs]290.097: [weak refs processing, 0.0048900 secs]290.102: [class unloading, 0.0671373 secs]290.170: [scrub symbol table, 0.0593884 secs]290.229: [scrub string table, 0.0046081 secs][1 CMS-remark: 225743K(231816K)] 237148K(310472K), 0.1647180 secs] [Times: user=0.19 sys=0.00, real=0.16 secs]
290.255: [CMS-concurrent-sweep-start]
290.362: [CMS-concurrent-sweep: 0.106/0.108 secs] [Times: user=0.22 sys=0.02, real=0.11 secs] 
290.363: [CMS-concurrent-reset-start]
290.365: [CMS-concurrent-reset: 0.002/0.002 secs] [Times: user=0.00 sys=0.00, real=0.00 secs] 
293.997: [GC (Allocation Failure) 293.997: [ParNew: 77790K->8704K(78656K), 0.0116618 secs] 233601K->164554K(338344K), 0.0117466 secs] [Times: user=0.06 sys=0.00, real=0.01 secs] 
298.139: [GC (Allocation Failure) 298.139: [ParNew: 78656K->6760K(78656K), 0.0142797 secs] 234506K->169207K(338344K), 0.0143621 secs] [Times: user=0.00 sys=0.00, real=0.01 secs] 
308.339: [GC (Allocation Failure) 308.339: [ParNew: 76712K->3892K(78656K), 0.0065479 secs] 239159K->166340K(338344K), 0.0066209 secs] [Times: user=0.06 sys=0.00, real=0.01 secs] 
327.915: [GC (Allocation Failure) 327.915: [ParNew: 73844K->6655K(78656K), 0.0112316 secs] 236292K->169103K(338344K), 0.0113309 secs] [Times: user=0.06 sys=0.00, real=0.01 secs] 
333.609: [GC (Allocation Failure) 333.609: [ParNew: 76607K->6074K(78656K), 0.0107427 secs] 239055K->170523K(338344K), 0.0108516 secs] [Times: user=0.00 sys=0.00, real=0.01 secs] 
341.216: [GC (Allocation Failure) 341.216: [ParNew: 76026K->5807K(78656K), 0.0135586 secs] 240475K->170256K(338344K), 0.0136932 secs] [Times: user=0.05 sys=0.00, real=0.01 secs] 
347.839: [GC (Allocation Failure) 347.839: [ParNew: 75759K->6166K(78656K), 0.0063659 secs] 240208K->170615K(338344K), 0.0064527 secs] [Times: user=0.05 sys=0.00, real=0.01 secs] 
364.313: [GC (Allocation Failure) 364.313: [ParNew: 76118K->6700K(78656K), 0.0083482 secs] 240567K->171150K(338344K), 0.0084376 secs] [Times: user=0.00 sys=0.00, real=0.01 secs] 
383.278: [GC (Allocation Failure) 383.278: [ParNew: 76652K->4896K(78656K), 0.0078780 secs] 241102K->171077K(338344K), 0.0079559 secs] [Times: user=0.06 sys=0.00, real=0.01 secs] 
459.387: [GC (Allocation Failure) 459.387: [ParNew: 74848K->3514K(78656K), 0.0089182 secs] 241029K->169695K(338344K), 0.0090269 secs] [Times: user=0.06 sys=0.00, real=0.01 secs] 
602.866: [GC (Allocation Failure) 602.866: [ParNew: 73466K->3160K(78656K), 0.0136042 secs] 239647K->170756K(338344K), 0.0137290 secs] [Times: user=0.06 sys=0.00, real=0.01 secs] 
615.017: [GC (Allocation Failure) 615.017: [ParNew: 73112K->3431K(78656K), 0.0073755 secs] 240708K->171072K(338344K), 0.0075053 secs] [Times: user=0.00 sys=0.00, real=0.01 secs] 
637.138: [GC (Allocation Failure) 637.138: [ParNew: 73383K->4018K(78656K), 0.0100736 secs] 241024K->171728K(338344K), 0.0101803 secs] [Times: user=0.06 sys=0.00, real=0.01 secs] 
665.831: [GC (Allocation Failure) 665.831: [ParNew: 73970K->4216K(78656K), 0.0058909 secs] 241680K->172061K(338344K), 0.0060198 secs] [Times: user=0.00 sys=0.00, real=0.01 secs] 
672.997: [GC (Allocation Failure) 672.997: [ParNew: 74168K->2228K(78656K), 0.0083056 secs] 242013K->170697K(338344K), 0.0083801 secs] [Times: user=0.06 sys=0.00, real=0.01 secs] 
698.841: [GC (Allocation Failure) 698.841: [ParNew: 72180K->3939K(78656K), 0.0069251 secs] 240649K->172419K(338344K), 0.0069877 secs] [Times: user=0.06 sys=0.00, real=0.01 secs] 
706.670: [GC (Allocation Failure) 706.670: [ParNew: 73891K->3791K(78656K), 0.0070224 secs] 242371K->172917K(338344K), 0.0071091 secs] [Times: user=0.00 sys=0.00, real=0.01 secs] 
733.905: [GC (Allocation Failure) 733.905: [ParNew: 73743K->4803K(78656K), 0.0080829 secs] 242869K->174174K(338344K), 0.0081843 secs] [Times: user=0.00 sys=0.00, real=0.01 secs] 
760.253: [GC (Allocation Failure) 760.253: [ParNew: 74755K->4677K(78656K), 0.0069187 secs] 244126K->174322K(338344K), 0.0070050 secs] [Times: user=0.00 sys=0.00, real=0.01 secs] 
772.821: [GC (Allocation Failure) 772.821: [ParNew: 74629K->4864K(78656K), 0.0052657 secs] 244274K->174872K(338344K), 0.0053504 secs] [Times: user=0.00 sys=0.00, real=0.01 secs] 
788.216: [GC (Allocation Failure) 788.216: [ParNew: 74816K->3676K(78656K), 0.0154785 secs] 244824K->173765K(338344K), 0.0156716 secs] [Times: user=0.06 sys=0.00, real=0.02 secs] 
844.052: [GC (Allocation Failure) 844.052: [ParNew: 73628K->3819K(78656K), 0.0105417 secs] 243717K->174478K(338344K), 0.0106631 secs] [Times: user=0.03 sys=0.00, real=0.01 secs] 
873.534: [GC (Allocation Failure) 873.534: [ParNew: 73771K->4093K(78656K), 0.0064358 secs] 244430K->175487K(338344K), 0.0065222 secs] [Times: user=0.00 sys=0.00, real=0.01 secs] 
922.921: [GC (Allocation Failure) 922.921: [ParNew: 74045K->2836K(78656K), 0.0056686 secs] 245439K->174651K(338344K), 0.0057541 secs] [Times: user=0.00 sys=0.00, real=0.01 secs] 
931.279: [GC (Allocation Failure) 931.280: [ParNew: 72788K->8250K(78656K), 0.0091320 secs] 244603K->180130K(338344K), 0.0092411 secs] [Times: user=0.06 sys=0.00, real=0.01 secs] 
932.693: [GC (Allocation Failure) 932.693: [ParNew: 78202K->8704K(78656K), 0.0176484 secs] 250082K->187962K(338344K), 0.0177422 secs] [Times: user=0.06 sys=0.00, real=0.02 secs] 
933.639: [GC (Allocation Failure) 933.639: [ParNew: 78656K->8704K(78656K), 0.0190230 secs] 257914K->195817K(338344K), 0.0191088 secs] [Times: user=0.06 sys=0.00, real=0.02 secs] 
935.376: [GC (Allocation Failure) 935.376: [ParNew: 78656K->8704K(78656K), 0.0181245 secs] 265769K->202156K(338344K), 0.0182195 secs] [Times: user=0.06 sys=0.00, real=0.02 secs] 
936.484: [GC (Allocation Failure) 936.484: [ParNew: 78656K->8704K(78656K), 0.0113723 secs] 272108K->202655K(338344K), 0.0114561 secs] [Times: user=0.00 sys=0.00, real=0.01 secs] 
937.241: [GC (Allocation Failure) 937.241: [ParNew: 78656K->8704K(78656K), 0.0176523 secs] 272607K->209270K(338344K), 0.0177584 secs] [Times: user=0.06 sys=0.00, real=0.02 secs] 
937.957: [GC (Allocation Failure) 937.957: [ParNew: 78656K->8704K(78656K), 0.0274362 secs] 279222K->222826K(338344K), 0.0275169 secs] [Times: user=0.09 sys=0.00, real=0.03 secs] 
937.985: [GC (CMS Initial Mark) [1 CMS-initial-mark: 214122K(259688K)] 223715K(338344K), 0.0073688 secs] [Times: user=0.00 sys=0.00, real=0.01 secs] 
937.992: [CMS-concurrent-mark-start]
938.293: [CMS-concurrent-mark: 0.300/0.301 secs] [Times: user=1.08 sys=0.05, real=0.30 secs] 
938.293: [CMS-concurrent-preclean-start]
938.301: [CMS-concurrent-preclean: 0.007/0.007 secs] [Times: user=0.06 sys=0.00, real=0.01 secs] 
938.301: [CMS-concurrent-abortable-preclean-start]
938.913: [GC (Allocation Failure) 938.913: [ParNew: 78656K->8704K(78656K), 0.0222854 secs] 292778K->232660K(338344K), 0.0223737 secs] [Times: user=0.06 sys=0.00, real=0.02 secs] 
939.366: [CMS-concurrent-abortable-preclean: 1.024/1.066 secs] [Times: user=3.17 sys=0.13, real=1.07 secs] 
939.367: [GC (CMS Final Remark) [YG occupancy: 49122 K (78656 K)]939.367: [Rescan (parallel) , 0.0129584 secs]939.380: [weak refs processing, 0.0010650 secs]939.381: [class unloading, 0.0826706 secs]939.464: [scrub symbol table, 0.0583570 secs]939.522: [scrub string table, 0.0035475 secs][1 CMS-remark: 223956K(259688K)] 273078K(338344K), 0.1846241 secs] [Times: user=0.23 sys=0.00, real=0.18 secs] 
939.551: [CMS-concurrent-sweep-start]
939.676: [CMS-concurrent-sweep: 0.123/0.124 secs] [Times: user=0.44 sys=0.00, real=0.12 secs] 
939.676: [CMS-concurrent-reset-start]
939.678: [CMS-concurrent-reset: 0.002/0.002 secs] [Times: user=0.00 sys=0.00, real=0.00 secs] 
940.221: [GC (Allocation Failure) 940.221: [ParNew: 78656K->8704K(78656K), 0.0325745 secs] 240920K->185580K(349100K), 0.0326633 secs] [Times: user=0.13 sys=0.00, real=0.03 secs] 
940.998: [GC (Allocation Failure) 940.998: [ParNew: 78656K->8704K(78656K), 0.0179868 secs] 255532K->192373K(349100K), 0.0180786 secs] [Times: user=0.08 sys=0.00, real=0.02 secs] 
943.219: [GC (Allocation Failure) 943.219: [ParNew: 78656K->8704K(78656K), 0.0132833 secs] 262325K->198282K(349100K), 0.0133668 secs] [Times: user=0.00 sys=0.00, real=0.01 secs] 
947.978: [GC (Allocation Failure) 947.978: [ParNew: 78656K->8133K(78656K), 0.0107702 secs] 268234K->197712K(349100K), 0.0108465 secs] [Times: user=0.06 sys=0.00, real=0.01 secs] 
948.875: [GC (Allocation Failure) 948.875: [ParNew: 78085K->8704K(78656K), 0.0100501 secs] 267664K->199460K(349100K), 0.0101381 secs] [Times: user=0.00 sys=0.00, real=0.01 secs] 
952.688: [GC (Allocation Failure) 952.688: [ParNew: 78656K->6732K(78656K), 0.0084762 secs] 269412K->200520K(349100K), 0.0085635 secs] [Times: user=0.00 sys=0.00, real=0.01 secs] 
953.996: [GC (Allocation Failure) 953.996: [ParNew: 76684K->7108K(78656K), 0.0063545 secs] 270472K->200896K(349100K), 0.0064312 secs] [Times: user=0.06 sys=0.00, real=0.01 secs] 
954.807: [GC (Allocation Failure) 954.807: [ParNew: 77060K->5803K(78656K), 0.0078608 secs] 270848K->202964K(349100K), 0.0079511 secs] [Times: user=0.06 sys=0.00, real=0.01 secs] 
955.966: [GC (Allocation Failure) 955.966: [ParNew: 75755K->5048K(78656K), 0.0060347 secs] 272916K->202209K(349100K), 0.0061197 secs] [Times: user=0.06 sys=0.00, real=0.01 secs] 
956.644: [GC (Allocation Failure) 956.644: [ParNew: 75000K->8704K(78656K), 0.0125861 secs] 272161K->207125K(349100K), 0.0126697 secs] [Times: user=0.06 sys=0.00, real=0.01 secs] 
957.624: [GC (Allocation Failure) 957.624: [ParNew: 78656K->8704K(78656K), 0.0141632 secs] 277077K->211755K(349100K), 0.0142536 secs] [Times: user=0.00 sys=0.00, real=0.01 secs] 
958.879: [GC (Allocation Failure) 958.879: [ParNew: 78656K->7826K(78656K), 0.0086571 secs] 281707K->213449K(349100K), 0.0087486 secs] [Times: user=0.00 sys=0.00, real=0.01 secs] 
965.218: [GC (Allocation Failure) 965.218: [ParNew: 77782K->6467K(78656K), 0.0108463 secs] 283405K->214987K(349100K), 0.0109403 secs] [Times: user=0.00 sys=0.00, real=0.01 secs] 
965.230: [GC (GCLocker Initiated GC) 965.230: [ParNew: 6497K->4472K(78656K), 0.0057225 secs] 215017K->212992K(349100K), 0.0057900 secs] [Times: user=0.05 sys=0.00, real=0.01 secs] 
1007.916: [GC (Allocation Failure) 1007.916: [ParNew: 74424K->5569K(78656K), 0.0066492 secs] 282944K->214090K(349100K), 0.0067493 secs] [Times: user=0.06 sys=0.00, real=0.01 secs] 
1056.035: [GC (Allocation Failure) 1056.035: [ParNew: 75521K->8704K(78656K), 0.0088159 secs] 284042K->217338K(349100K), 0.0088974 secs] [Times: user=0.00 sys=0.00, real=0.01 secs] 
1060.865: [GC (Allocation Failure) 1060.865: [ParNew: 78656K->6449K(78656K), 0.0192640 secs] 287290K->219527K(349100K), 0.0193997 secs] [Times: user=0.06 sys=0.00, real=0.02 secs] 
1068.900: [GC (Allocation Failure) 1068.900: [ParNew: 76236K->8704K(78656K), 0.0084758 secs] 289313K->221797K(349100K), 0.0085462 secs] [Times: user=0.06 sys=0.00, real=0.01 secs] 
1069.338: [GC (Allocation Failure) 1069.338: [ParNew: 78656K->8704K(78656K), 0.0364406 secs] 291749K->239993K(349100K), 0.0365223 secs] [Times: user=0.16 sys=0.00, real=0.04 secs] 
1069.375: [GC (CMS Initial Mark) [1 CMS-initial-mark: 231289K(270444K)] 239993K(349100K), 0.0060217 secs] [Times: user=0.00 sys=0.00, real=0.01 secs] 
1069.381: [CMS-concurrent-mark-start]
1069.687: [CMS-concurrent-mark: 0.304/0.306 secs] [Times: user=0.86 sys=0.03, real=0.31 secs] 
1069.687: [CMS-concurrent-preclean-start]
1069.695: [CMS-concurrent-preclean: 0.007/0.007 secs] [Times: user=0.00 sys=0.00, real=0.01 secs] 
1069.695: [CMS-concurrent-abortable-preclean-start]
1072.776: [GC (Allocation Failure) 1072.776: [ParNew: 78656K->8704K(78656K), 0.0188537 secs] 309945K->247636K(349100K), 0.0189393 secs] [Times: user=0.06 sys=0.00, real=0.02 secs] 
1073.818: [CMS-concurrent-abortable-preclean: 2.601/4.123 secs] [Times: user=8.28 sys=0.17, real=4.12 secs] 
1073.818: [GC (CMS Final Remark) [YG occupancy: 46409 K (78656 K)]1073.818: [Rescan (parallel) , 0.0197184 secs]1073.838: [weak refs processing, 0.0023224 secs]1073.840: [class unloading, 0.0870290 secs]1073.927: [scrub symbol table, 0.0586379 secs]1073.986: [scrub string table, 0.0024063 secs][1 CMS-remark: 238932K(270444K)] 285342K(349100K), 0.2001106 secs] [Times: user=0.27 sys=0.00, real=0.20 secs] 
1074.018: [CMS-concurrent-sweep-start]
1074.126: [CMS-concurrent-sweep: 0.107/0.108 secs] [Times: user=0.23 sys=0.00, real=0.11 secs] 
1074.126: [CMS-concurrent-reset-start]
1074.128: [CMS-concurrent-reset: 0.002/0.002 secs] [Times: user=0.00 sys=0.00, real=0.00 secs] 
1078.365: [GC (Allocation Failure) 1078.365: [ParNew: 78656K->6588K(78656K), 0.0101244 secs] 243498K->176904K(353396K), 0.0102180 secs] [Times: user=0.06 sys=0.00, real=0.01 secs] 
1083.497: [GC (Allocation Failure) 1083.497: [ParNew: 76540K->3586K(78656K), 0.0059719 secs] 246856K->173903K(353396K), 0.0060566 secs] [Times: user=0.06 sys=0.00, real=0.01 secs] 
1085.872: [GC (Allocation Failure) 1085.872: [ParNew: 73538K->3251K(78656K), 0.0046512 secs] 243855K->173567K(353396K), 0.0047243 secs] [Times: user=0.06 sys=0.00, real=0.01 secs] 
1088.244: [GC (Allocation Failure) 1088.244: [ParNew: 73203K->2751K(78656K), 0.0072218 secs] 243519K->173068K(353396K), 0.0073078 secs] [Times: user=0.06 sys=0.00, real=0.01 secs] 
1089.764: [GC (Allocation Failure) 1089.764: [ParNew: 72703K->5308K(78656K), 0.0074538 secs] 243020K->175624K(353396K), 0.0075335 secs] [Times: user=0.06 sys=0.00, real=0.01 secs] 
1090.697: [GC (Allocation Failure) 1090.697: [ParNew: 75260K->8306K(78656K), 0.0081712 secs] 245576K->179395K(353396K), 0.0082604 secs] [Times: user=0.06 sys=0.00, real=0.01 secs] 
1091.680: [GC (Allocation Failure) 1091.680: [ParNew: 78258K->7245K(78656K), 0.0093128 secs] 249347K->181146K(353396K), 0.0093908 secs] [Times: user=0.06 sys=0.00, real=0.01 secs] 
1095.485: [GC (Allocation Failure) 1095.485: [ParNew: 77197K->4825K(78656K), 0.0059539 secs] 251098K->180368K(353396K), 0.0060339 secs] [Times: user=0.00 sys=0.00, real=0.01 secs] 
1098.932: [GC (GCLocker Initiated GC) 1098.932: [ParNew: 74777K->3199K(78656K), 0.0053474 secs] 250320K->178742K(353396K), 0.0054392 secs] [Times: user=0.06 sys=0.00, real=0.01 secs] 
1100.549: [GC (Allocation Failure) 1100.549: [ParNew: 73142K->3318K(78656K), 0.0046731 secs] 248685K->178861K(353396K), 0.0047350 secs] [Times: user=0.00 sys=0.00, real=0.00 secs] 
1102.780: [GC (Allocation Failure) 1102.780: [ParNew: 73270K->7297K(78656K), 0.0074213 secs] 248813K->182840K(353396K), 0.0075141 secs] [Times: user=0.06 sys=0.00, real=0.01 secs] 
1105.258: [GC (Allocation Failure) 1105.258: [ParNew: 77249K->4860K(78656K), 0.0086053 secs] 252792K->183680K(353396K), 0.0086745 secs] [Times: user=0.06 sys=0.00, real=0.01 secs] 
1106.955: [GC (Allocation Failure) 1106.955: [ParNew: 74812K->4638K(78656K), 0.0073279 secs] 253632K->183458K(353396K), 0.0074087 secs] [Times: user=0.00 sys=0.00, real=0.01 secs] 
1109.721: [GC (Allocation Failure) 1109.721: [ParNew: 74590K->6560K(78656K), 0.0079785 secs] 253410K->185379K(353396K), 0.0080503 secs] [Times: user=0.00 sys=0.00, real=0.01 secs] 
1116.158: [GC (Allocation Failure) 1116.158: [ParNew: 76512K->8704K(78656K), 0.0098070 secs] 255331K->188901K(353396K), 0.0099001 secs] [Times: user=0.00 sys=0.00, real=0.01 secs] 
1116.337: [GC (Allocation Failure) 1116.337: [ParNew: 78656K->6610K(78656K), 0.0073855 secs] 258853K->188060K(353396K), 0.0074394 secs] [Times: user=0.06 sys=0.00, real=0.01 secs] 
1116.559: [GC (Allocation Failure) 1116.559: [ParNew: 76562K->5624K(78656K), 0.0085045 secs] 258012K->187075K(353396K), 0.0085922 secs] [Times: user=0.06 sys=0.00, real=0.01 secs] 
1116.986: [GC (Allocation Failure) 1116.986: [ParNew: 75576K->7589K(78656K), 0.0060775 secs] 257027K->189039K(353396K), 0.0061510 secs] [Times: user=0.00 sys=0.00, real=0.01 secs] 
1117.289: [GC (Allocation Failure) 1117.289: [ParNew: 77541K->5417K(78656K), 0.0072244 secs] 258991K->186867K(353396K), 0.0073064 secs] [Times: user=0.06 sys=0.00, real=0.01 secs] 
1117.491: [GC (Allocation Failure) 1117.491: [ParNew: 75369K->3826K(78656K), 0.0078077 secs] 256819K->187717K(353396K), 0.0078794 secs] [Times: user=0.02 sys=0.00, real=0.01 secs] 
1117.801: [GC (Allocation Failure) 1117.801: [ParNew: 73778K->1645K(78656K), 0.0053681 secs] 257669K->187271K(353396K), 0.0054494 secs] [Times: user=0.00 sys=0.00, real=0.01 secs] 
1118.017: [GC (Allocation Failure) 1118.017: [ParNew: 71597K->670K(78656K), 0.0042033 secs] 257223K->186296K(353396K), 0.0042727 secs] [Times: user=0.00 sys=0.00, real=0.00 secs] 
1119.169: [GC (Allocation Failure) 1119.169: [ParNew: 70622K->3479K(78656K), 0.0064023 secs] 256248K->189104K(353396K), 0.0064993 secs] [Times: user=0.06 sys=0.00, real=0.01 secs] 
1119.540: [GC (Allocation Failure) 1119.540: [ParNew: 73431K->8704K(78656K), 0.0157133 secs] 259056K->198820K(353396K), 0.0157959 secs] [Times: user=0.06 sys=0.00, real=0.01 secs] 
1120.198: [GC (Allocation Failure) 1120.198: [ParNew: 78656K->8704K(78656K), 0.0183461 secs] 268772K->205560K(353396K), 0.0184236 secs] [Times: user=0.06 sys=0.00, real=0.02 secs] 
1144.305: [GC (Allocation Failure) 1144.305: [ParNew: 78656K->7628K(78656K), 0.0121292 secs] 275512K->210655K(353396K), 0.0122056 secs] [Times: user=0.06 sys=0.00, real=0.01 secs] 
1153.773: [GC (Allocation Failure) 1153.773: [ParNew: 77518K->7068K(78656K), 0.0071241 secs] 280545K->210095K(353396K), 0.0072033 secs] [Times: user=0.02 sys=0.00, real=0.01 secs] 
1156.007: [GC (Allocation Failure) 1156.007: [ParNew: 77020K->8704K(78656K), 0.0109557 secs] 280047K->214566K(353396K), 0.0110353 secs] [Times: user=0.06 sys=0.00, real=0.01 secs] 
1156.658: [GC (Allocation Failure) 1156.658: [ParNew: 78656K->8704K(78656K), 0.0165062 secs] 284518K->222353K(353396K), 0.0165875 secs] [Times: user=0.06 sys=0.00, real=0.02 secs] 
1157.723: [GC (Allocation Failure) 1157.723: [ParNew: 78656K->7984K(78656K), 0.0119925 secs] 292305K->228242K(353396K), 0.0121108 secs] [Times: user=0.06 sys=0.00, real=0.01 secs] 
1189.663: [GC (Allocation Failure) 1189.663: [ParNew: 77936K->6541K(78656K), 0.0078424 secs] 298194K->226799K(353396K), 0.0079228 secs] [Times: user=0.02 sys=0.00, real=0.01 secs] 
1210.628: [GC (Allocation Failure) 1210.628: [ParNew: 76493K->4264K(78656K), 0.0065315 secs] 296751K->227565K(353396K), 0.0065961 secs] [Times: user=0.00 sys=0.00, real=0.01 secs] 
1224.517: [GC (Allocation Failure) 1224.517: [ParNew: 74216K->2921K(78656K), 0.0045412 secs] 297517K->226222K(353396K), 0.0046154 secs] [Times: user=0.00 sys=0.00, real=0.00 secs] 
1235.760: [GC (Allocation Failure) 1235.760: [ParNew: 72873K->3104K(78656K), 0.0057750 secs] 296174K->226405K(353396K), 0.0058542 secs] [Times: user=0.06 sys=0.00, real=0.01 secs] 
1240.060: [GC (Allocation Failure) 1240.060: [ParNew: 73056K->5381K(78656K), 0.0124412 secs] 296357K->228682K(353396K), 0.0125169 secs] [Times: user=0.06 sys=0.00, real=0.01 secs] 
1240.622: [GC (Allocation Failure) 1240.622: [ParNew: 75333K->8704K(78656K), 0.0168847 secs] 298634K->238521K(353396K), 0.0169771 secs] [Times: user=0.06 sys=0.00, real=0.02 secs] 
1248.370: [GC (Allocation Failure) 1248.370: [ParNew: 78656K->7310K(78656K), 0.0088932 secs] 308473K->241764K(353396K), 0.0089802 secs] [Times: user=0.06 sys=0.00, real=0.01 secs] 
1270.953: [GC (Allocation Failure) 1270.954: [ParNew: 77262K->4032K(78656K), 0.0046622 secs] 311716K->238487K(353396K), 0.0047427 secs] [Times: user=0.00 sys=0.00, real=0.01 secs] 
1273.517: [GC (Allocation Failure) 1273.517: [ParNew: 73984K->2488K(78656K), 0.0048022 secs] 308439K->236942K(353396K), 0.0048881 secs] [Times: user=0.00 sys=0.00, real=0.00 secs] 
1276.168: [GC (Allocation Failure) 1276.168: [ParNew: 72440K->2620K(78656K), 0.0045401 secs] 306894K->237074K(353396K), 0.0046109 secs] [Times: user=0.06 sys=0.00, real=0.00 secs] 
1279.072: [GC (Allocation Failure) 1279.072: [ParNew: 72572K->3348K(78656K), 0.0058075 secs] 307026K->237802K(353396K), 0.0058931 secs] [Times: user=0.05 sys=0.00, real=0.01 secs] 
1281.083: [GC (Allocation Failure) 1281.083: [ParNew: 73300K->2691K(78656K), 0.0053927 secs] 307754K->237145K(353396K), 0.0054683 secs] [Times: user=0.00 sys=0.00, real=0.00 secs] 
1284.010: [GC (Allocation Failure) 1284.010: [ParNew: 72643K->715K(78656K), 0.0078885 secs] 307097K->236917K(353396K), 0.0079907 secs] [Times: user=0.02 sys=0.02, real=0.01 secs] 
1286.920: [GC (Allocation Failure) 1286.920: [ParNew: 70667K->333K(78656K), 0.0042471 secs] 306869K->236544K(353396K), 0.0043350 secs] [Times: user=0.00 sys=0.00, real=0.00 secs] 
1289.484: [GC (Allocation Failure) 1289.484: [ParNew: 70285K->252K(78656K), 0.0080629 secs] 306496K->236464K(353396K), 0.0081886 secs] [Times: user=0.00 sys=0.00, real=0.01 secs] 
1291.744: [GC (Allocation Failure) 1291.744: [ParNew: 70204K->280K(78656K), 0.0043901 secs] 306416K->236602K(353396K), 0.0044931 secs] [Times: user=0.00 sys=0.00, real=0.00 secs] 
1294.230: [GC (Allocation Failure) 1294.230: [ParNew: 70232K->410K(78656K), 0.0041411 secs] 306554K->236732K(353396K), 0.0041978 secs] [Times: user=0.03 sys=0.00, real=0.00 secs] 
1296.239: [GC (Allocation Failure) 1296.239: [ParNew: 70362K->500K(78656K), 0.0049396 secs] 306684K->236823K(353396K), 0.0050076 secs] [Times: user=0.00 sys=0.00, real=0.01 secs] 
1298.619: [GC (Allocation Failure) 1298.619: [ParNew: 70452K->579K(78656K), 0.0043094 secs] 306775K->236903K(353396K), 0.0043744 secs] [Times: user=0.00 sys=0.02, real=0.01 secs] 
1300.939: [GC (Allocation Failure) 1300.939: [ParNew: 70531K->635K(78656K), 0.0050449 secs] 306855K->236960K(353396K), 0.0051318 secs] [Times: user=0.00 sys=0.00, real=0.01 secs] 
1303.862: [GC (Allocation Failure) 1303.862: [ParNew: 70587K->597K(78656K), 0.0043680 secs] 306912K->236923K(353396K), 0.0044388 secs] [Times: user=0.00 sys=0.00, real=0.00 secs] 
1306.490: [GC (Allocation Failure) 1306.490: [ParNew: 70549K->610K(78656K), 0.0053084 secs] 306875K->236946K(353396K), 0.0054004 secs] [Times: user=0.00 sys=0.00, real=0.00 secs] 
1309.350: [GC (Allocation Failure) 1309.350: [ParNew: 70562K->518K(78656K), 0.0054370 secs] 306898K->236977K(353396K), 0.0055179 secs] [Times: user=0.00 sys=0.00, real=0.01 secs] 
1312.175: [GC (Allocation Failure) 1312.175: [ParNew: 70470K->382K(78656K), 0.0042239 secs] 306929K->236864K(353396K), 0.0043007 secs] [Times: user=0.00 sys=0.00, real=0.00 secs] 
1314.792: [GC (Allocation Failure) 1314.792: [ParNew: 70334K->297K(78656K), 0.0043908 secs] 306816K->236861K(353396K), 0.0044552 secs] [Times: user=0.05 sys=0.00, real=0.01 secs] 
1317.565: [GC (Allocation Failure) 1317.565: [ParNew: 70249K->138K(78656K), 0.0040919 secs] 306813K->236777K(353396K), 0.0041439 secs] [Times: user=0.00 sys=0.00, real=0.01 secs] 
1320.738: [GC (Allocation Failure) 1320.738: [ParNew: 70090K->140K(78656K), 0.0043605 secs] 306729K->236799K(353396K), 0.0044252 secs] [Times: user=0.00 sys=0.00, real=0.00 secs] 
1323.492: [GC (Allocation Failure) 1323.492: [ParNew: 70092K->155K(78656K), 0.0050171 secs] 306751K->236815K(353396K), 0.0051017 secs] [Times: user=0.00 sys=0.00, real=0.01 secs] 
1325.497: [GC (Allocation Failure) 1325.497: [ParNew: 70107K->117K(78656K), 0.0043784 secs] 306767K->236777K(353396K), 0.0044736 secs] [Times: user=0.06 sys=0.00, real=0.00 secs] 
1341.541: [GC (Allocation Failure) 1341.542: [ParNew: 70069K->450K(78656K), 0.0053507 secs] 306729K->237109K(353396K), 0.0054447 secs] [Times: user=0.05 sys=0.00, real=0.01 secs] 
1344.331: [GC (Allocation Failure) 1344.331: [ParNew: 70402K->322K(78656K), 0.0048544 secs] 307061K->236983K(353396K), 0.0049399 secs] [Times: user=0.00 sys=0.00, real=0.01 secs] 
1347.631: [GC (Allocation Failure) 1347.631: [ParNew: 70274K->214K(78656K), 0.0043896 secs] 306935K->236875K(353396K), 0.0044690 secs] [Times: user=0.00 sys=0.00, real=0.01 secs] 
1349.429: [GC (Allocation Failure) 1349.429: [ParNew: 70166K->274K(78656K), 0.0048443 secs] 306827K->236936K(353396K), 0.0049015 secs] [Times: user=0.00 sys=0.00, real=0.00 secs] 
1349.519: [GC (Allocation Failure) 1349.519: [ParNew: 70226K->384K(78656K), 0.0044391 secs] 306888K->237045K(353396K), 0.0045185 secs] [Times: user=0.00 sys=0.00, real=0.01 secs] 
1356.722: [GC (Allocation Failure) 1356.722: [ParNew: 70336K->473K(78656K), 0.0057061 secs] 306997K->237134K(353396K), 0.0057614 secs] [Times: user=0.00 sys=0.00, real=0.01 secs] 
1363.427: [GC (Allocation Failure) 1363.427: [ParNew: 70425K->472K(78656K), 0.0050100 secs] 307086K->237179K(353396K), 0.0050930 secs] [Times: user=0.00 sys=0.00, real=0.01 secs] 
1375.964: [GC (Allocation Failure) 1375.964: [ParNew: 70424K->417K(78656K), 0.0045445 secs] 307131K->237124K(353396K), 0.0046327 secs] [Times: user=0.05 sys=0.00, real=0.00 secs] 
1376.064: [GC (Allocation Failure) 1376.064: [ParNew: 70369K->578K(78656K), 0.0043852 secs] 307076K->237286K(353396K), 0.0044536 secs] [Times: user=0.00 sys=0.00, real=0.00 secs] 
1384.156: [GC (Allocation Failure) 1384.156: [ParNew: 70530K->410K(78656K), 0.0052801 secs] 307238K->237154K(353396K), 0.0053685 secs] [Times: user=0.00 sys=0.00, real=0.00 secs] 
1390.663: [GC (Allocation Failure) 1390.663: [ParNew: 70362K->329K(78656K), 0.0044748 secs] 307106K->237073K(353396K), 0.0045484 secs] [Times: user=0.00 sys=0.00, real=0.01 secs] 
1390.755: [GC (Allocation Failure) 1390.755: [ParNew: 70281K->264K(78656K), 0.0043919 secs] 307025K->237012K(353396K), 0.0044726 secs] [Times: user=0.00 sys=0.00, real=0.00 secs] 
1391.736: [GC (Allocation Failure) 1391.736: [ParNew: 70216K->176K(78656K), 0.0042388 secs] 306964K->236926K(353396K), 0.0043405 secs] [Times: user=0.00 sys=0.00, real=0.01 secs] 
1392.698: [GC (Allocation Failure) 1392.698: [ParNew: 70128K->103K(78656K), 0.0042392 secs] 306878K->236855K(353396K), 0.0043071 secs] [Times: user=0.05 sys=0.00, real=0.00 secs] 
1393.657: [GC (Allocation Failure) 1393.657: [ParNew: 70055K->109K(78656K), 0.0047667 secs] 306807K->236862K(353396K), 0.0048577 secs] [Times: user=0.00 sys=0.00, real=0.00 secs] 
1395.589: [GC (Allocation Failure) 1395.589: [ParNew: 70061K->2976K(78656K), 0.0067381 secs] 306814K->239730K(353396K), 0.0068116 secs] [Times: user=0.06 sys=0.00, real=0.01 secs] 
1395.987: [GC (Allocation Failure) 1395.987: [ParNew: 72928K->8704K(78656K), 0.0078929 secs] 309682K->245459K(353396K), 0.0079860 secs] [Times: user=0.00 sys=0.00, real=0.01 secs] 
1396.697: [GC (Allocation Failure) 1396.697: [ParNew: 78656K->6318K(78656K), 0.0137426 secs] 315411K->250902K(353396K), 0.0138235 secs] [Times: user=0.03 sys=0.03, real=0.01 secs] 
1396.711: [GC (CMS Initial Mark) [1 CMS-initial-mark: 244584K(274740K)] 250904K(353396K), 0.0047034 secs] [Times: user=0.00 sys=0.00, real=0.00 secs] 
1396.716: [CMS-concurrent-mark-start]
1396.984: [CMS-concurrent-mark: 0.268/0.268 secs] [Times: user=0.86 sys=0.00, real=0.27 secs] 
1396.984: [CMS-concurrent-preclean-start]
1396.989: [CMS-concurrent-preclean: 0.005/0.005 secs] [Times: user=0.00 sys=0.00, real=0.00 secs] 
1396.989: [CMS-concurrent-abortable-preclean-start]
1401.796: [GC (Allocation Failure) 1401.796: [ParNew: 76228K->5115K(78656K), 0.0083686 secs] 320813K->249700K(353396K), 0.0084314 secs] [Times: user=0.00 sys=0.00, real=0.01 secs] 
 CMS: abort preclean due to time 1402.062: [CMS-concurrent-abortable-preclean: 1.791/5.073 secs] [Times: user=2.34 sys=0.09, real=5.07 secs] 
1402.063: [GC (CMS Final Remark) [YG occupancy: 21031 K (78656 K)]1402.063: [Rescan (parallel) , 0.0081715 secs]1402.071: [weak refs processing, 0.0034182 secs]1402.074: [class unloading, 0.0843853 secs]1402.159: [scrub symbol table, 0.0624244 secs]1402.221: [scrub string table, 0.0024843 secs][1 CMS-remark: 244584K(274740K)] 265615K(353396K), 0.1998296 secs] [Times: user=0.19 sys=0.00, real=0.20 secs] 
1402.263: [CMS-concurrent-sweep-start]
1402.373: [CMS-concurrent-sweep: 0.109/0.111 secs] [Times: user=0.11 sys=0.02, real=0.11 secs] 
1402.373: [CMS-concurrent-reset-start]
1402.375: [CMS-concurrent-reset: 0.002/0.002 secs] [Times: user=0.02 sys=0.00, real=0.00 secs] 
1525.840: [GC (Allocation Failure) 1525.840: [ParNew: 75067K->7905K(78656K), 0.0142079 secs] 226540K->159378K(353396K), 0.0143099 secs] [Times: user=0.06 sys=0.00, real=0.01 secs] 
1527.690: [GC (Allocation Failure) 1527.690: [ParNew: 77857K->5592K(78656K), 0.0127210 secs] 229330K->160122K(353396K), 0.0128121 secs] [Times: user=0.02 sys=0.00, real=0.01 secs] 
1529.520: [GC (Allocation Failure) 1529.520: [ParNew: 75544K->1893K(78656K), 0.0044885 secs] 230074K->156423K(353396K), 0.0045351 secs] [Times: user=0.00 sys=0.00, real=0.00 secs] 
1531.311: [GC (Allocation Failure) 1531.311: [ParNew: 71845K->933K(78656K), 0.0064248 secs] 226375K->155463K(353396K), 0.0065135 secs] [Times: user=0.00 sys=0.00, real=0.01 secs] 
1533.116: [GC (Allocation Failure) 1533.116: [ParNew: 70885K->982K(78656K), 0.0049489 secs] 225415K->155512K(353396K), 0.0050167 secs] [Times: user=0.00 sys=0.00, real=0.01 secs] 
1535.121: [GC (Allocation Failure) 1535.121: [ParNew: 70934K->765K(78656K), 0.0054868 secs] 225464K->155433K(353396K), 0.0055731 secs] [Times: user=0.06 sys=0.00, real=0.00 secs] 
1537.186: [GC (Allocation Failure) 1537.186: [ParNew: 70717K->328K(78656K), 0.0064951 secs] 225385K->155474K(353396K), 0.0065631 secs] [Times: user=0.00 sys=0.00, real=0.01 secs] 
1538.730: [GC (Allocation Failure) 1538.730: [ParNew: 70280K->86K(78656K), 0.0044668 secs] 225426K->155232K(353396K), 0.0045356 secs] [Times: user=0.03 sys=0.00, real=0.00 secs] 
1540.430: [GC (Allocation Failure) 1540.430: [ParNew: 70038K->47K(78656K), 0.0045243 secs] 225184K->155193K(353396K), 0.0045786 secs] [Times: user=0.00 sys=0.00, real=0.01 secs] 
1542.240: [GC (Allocation Failure) 1542.240: [ParNew: 69999K->42K(78656K), 0.0059157 secs] 225145K->155188K(353396K), 0.0059852 secs] [Times: user=0.00 sys=0.00, real=0.01 secs] 
1544.052: [GC (Allocation Failure) 1544.052: [ParNew: 69994K->21K(78656K), 0.0041573 secs] 225140K->155185K(353396K), 0.0042223 secs] [Times: user=0.00 sys=0.00, real=0.01 secs] 
1710.369: [GC (Allocation Failure) 1710.369: [ParNew: 69973K->360K(78656K), 0.0147062 secs] 225137K->155524K(353396K), 0.0149041 secs] [Times: user=0.01 sys=0.00, real=0.02 secs] 
1771.909: [GC (Allocation Failure) 1771.909: [ParNew: 70312K->467K(78656K), 0.0168614 secs] 225476K->155631K(353396K), 0.0170585 secs] [Times: user=0.06 sys=0.00, real=0.02 secs] 
1797.695: [GC (Allocation Failure) 1797.695: [ParNew: 70419K->1201K(78656K), 0.0080807 secs] 225583K->156367K(353396K), 0.0081808 secs] [Times: user=0.06 sys=0.00, real=0.01 secs] 
1992.891: [GC (Allocation Failure) 1992.891: [ParNew: 71153K->1302K(78656K), 0.0049602 secs] 226319K->156468K(353396K), 0.0050330 secs] [Times: user=0.00 sys=0.00, real=0.00 secs] 
2009.329: [GC (Allocation Failure) 2009.329: [ParNew: 71254K->5676K(78656K), 0.0077946 secs] 226420K->160842K(353396K), 0.0078724 secs] [Times: user=0.00 sys=0.00, real=0.01 secs] 
2009.652: [GC (Allocation Failure) 2009.652: [ParNew: 75628K->6929K(78656K), 0.0169602 secs] 230794K->167018K(353396K), 0.0170481 secs] [Times: user=0.05 sys=0.00, real=0.02 secs] 
2009.742: [GC (Allocation Failure) 2009.742: [ParNew: 76881K->5242K(78656K), 0.0102390 secs] 236970K->170991K(353396K), 0.0103189 secs] [Times: user=0.05 sys=0.00, real=0.01 secs] 
2018.668: [GC (Allocation Failure) 2018.668: [ParNew: 75194K->3308K(78656K), 0.0060282 secs] 240943K->169057K(353396K), 0.0060960 secs] [Times: user=0.06 sys=0.00, real=0.01 secs] 
2020.095: [GC (Allocation Failure) 2020.095: [ParNew: 73260K->8518K(78656K), 0.0063571 secs] 239009K->174268K(353396K), 0.0064328 secs] [Times: user=0.00 sys=0.00, real=0.01 secs] 
2021.061: [GC (Allocation Failure) 2021.061: [ParNew: 78470K->8704K(78656K), 0.0114609 secs] 244220K->178298K(353396K), 0.0115668 secs] [Times: user=0.00 sys=0.00, real=0.01 secs] 
2021.735: [GC (Allocation Failure) 2021.735: [ParNew: 78656K->8704K(78656K), 0.0089111 secs] 248250K->180749K(353396K), 0.0089797 secs] [Times: user=0.00 sys=0.00, real=0.01 secs] 
2023.293: [GC (Allocation Failure) 2023.293: [ParNew: 78656K->7595K(78656K), 0.0075911 secs] 250701K->182472K(353396K), 0.0076611 secs] [Times: user=0.06 sys=0.00, real=0.01 secs] 
2023.868: [GC (Allocation Failure) 2023.868: [ParNew: 77547K->7034K(78656K), 0.0096928 secs] 252424K->181911K(353396K), 0.0097611 secs] [Times: user=0.06 sys=0.00, real=0.01 secs] 
2024.738: [GC (Allocation Failure) 2024.738: [ParNew: 76986K->7904K(78656K), 0.0086848 secs] 251863K->184272K(353396K), 0.0087683 secs] [Times: user=0.00 sys=0.00, real=0.01 secs] 
2027.586: [GC (Allocation Failure) 2027.586: [ParNew: 77856K->4031K(78656K), 0.0092764 secs] 254224K->183782K(353396K), 0.0093497 secs] [Times: user=0.06 sys=0.00, real=0.01 secs] 
2028.987: [GC (Allocation Failure) 2028.987: [ParNew: 73983K->6958K(78656K), 0.0072150 secs] 253734K->186709K(353396K), 0.0072980 secs] [Times: user=0.00 sys=0.00, real=0.01 secs] 
2030.178: [GC (Allocation Failure) 2030.178: [ParNew: 76910K->6299K(78656K), 0.0079853 secs] 256661K->189103K(353396K), 0.0080442 secs] [Times: user=0.02 sys=0.00, real=0.01 secs] 
2030.594: [GC (Allocation Failure) 2030.594: [ParNew: 76251K->8704K(78656K), 0.0098481 secs] 259055K->192049K(353396K), 0.0099268 secs] [Times: user=0.00 sys=0.00, real=0.01 secs] 
2031.049: [GC (Allocation Failure) 2031.049: [ParNew: 78656K->8704K(78656K), 0.0205708 secs] 262001K->202270K(353396K), 0.0206221 secs] [Times: user=0.06 sys=0.00, real=0.02 secs] 
2031.586: [GC (Allocation Failure) 2031.586: [ParNew: 78656K->8704K(78656K), 0.0164319 secs] 272222K->208096K(353396K), 0.0164994 secs] [Times: user=0.06 sys=0.00, real=0.02 secs] 
2032.364: [GC (Allocation Failure) 2032.365: [ParNew: 78656K->8704K(78656K), 0.0819745 secs] 278048K->221588K(353396K), 0.0821370 secs] [Times: user=0.30 sys=0.00, real=0.08 secs] 
2032.447: [GC (CMS Initial Mark) [1 CMS-initial-mark: 212884K(274740K)] 221590K(353396K), 0.0071182 secs] [Times: user=0.02 sys=0.00, real=0.01 secs] 
2032.454: [CMS-concurrent-mark-start]
2032.756: [CMS-concurrent-mark: 0.302/0.302 secs] [Times: user=1.03 sys=0.00, real=0.30 secs] 
2032.756: [CMS-concurrent-preclean-start]
2032.765: [CMS-concurrent-preclean: 0.008/0.009 secs] [Times: user=0.06 sys=0.00, real=0.01 secs] 
2032.765: [CMS-concurrent-abortable-preclean-start]
2033.058: [GC (Allocation Failure) 2033.058: [ParNew: 78656K->8704K(78656K), 0.0176801 secs] 291540K->229150K(353396K), 0.0177505 secs] [Times: user=0.06 sys=0.00, real=0.02 secs] 
2035.652: [CMS-concurrent-abortable-preclean: 1.563/2.887 secs] [Times: user=5.11 sys=0.14, real=2.89 secs] 
2035.652: [GC (CMS Final Remark) [YG occupancy: 43685 K (78656 K)]2035.652: [Rescan (parallel) , 0.0171297 secs]2035.669: [weak refs processing, 0.0007962 secs]2035.670: [class unloading, 0.0852994 secs]2035.756: [scrub symbol table, 0.0622650 secs]2035.818: [scrub string table, 0.0029624 secs][1 CMS-remark: 220446K(274740K)] 264132K(353396K), 0.2035143 secs] [Times: user=0.25 sys=0.00, real=0.20 secs] 
2035.856: [CMS-concurrent-sweep-start]
2036.001: [CMS-concurrent-sweep: 0.143/0.145 secs] [Times: user=0.59 sys=0.02, real=0.14 secs] 
2036.001: [CMS-concurrent-reset-start]
2036.003: [CMS-concurrent-reset: 0.002/0.002 secs] [Times: user=0.00 sys=0.00, real=0.00 secs] 
2036.214: [GC (Allocation Failure) 2036.214: [ParNew: 78656K->6699K(78656K), 0.0101978 secs] 247958K->178751K(360828K), 0.0102989 secs] [Times: user=0.06 sys=0.00, real=0.01 secs] 
2037.030: [GC (Allocation Failure) 2037.030: [ParNew: 76651K->7205K(78656K), 0.0092773 secs] 248703K->181215K(360828K), 0.0093589 secs] [Times: user=0.00 sys=0.00, real=0.01 secs] 
2046.721: [GC (Allocation Failure) 2046.721: [ParNew: 77157K->6264K(78656K), 0.0160608 secs] 251167K->183738K(360828K), 0.0161607 secs] [Times: user=0.06 sys=0.00, real=0.02 secs] 
2047.247: [GC (Allocation Failure) 2047.247: [ParNew: 76216K->7707K(78656K), 0.0075695 secs] 253690K->185182K(360828K), 0.0076408 secs] [Times: user=0.06 sys=0.00, real=0.01 secs] 
2048.499: [GC (Allocation Failure) 2048.500: [ParNew: 77659K->6253K(78656K), 0.0123433 secs] 255134K->189350K(360828K), 0.0124182 secs] [Times: user=0.00 sys=0.00, real=0.01 secs] 
2052.973: [GC (Allocation Failure) 2052.973: [ParNew: 76205K->8704K(78656K), 0.0144135 secs] 259302K->196813K(360828K), 0.0144922 secs] [Times: user=0.06 sys=0.00, real=0.01 secs] 
2053.717: [GC (Allocation Failure) 2053.717: [ParNew: 78656K->8110K(78656K), 0.0169295 secs] 266765K->201750K(360828K), 0.0170378 secs] [Times: user=0.09 sys=0.00, real=0.02 secs] 
2055.456: [GC (Allocation Failure) 2055.457: [ParNew: 78062K->5340K(78656K), 0.0104511 secs] 271702K->203769K(360828K), 0.0105437 secs] [Times: user=0.03 sys=0.02, real=0.01 secs] 
2063.698: [GC (Allocation Failure) 2063.698: [ParNew: 75292K->5360K(78656K), 0.0141682 secs] 273721K->203790K(360828K), 0.0142864 secs] [Times: user=0.05 sys=0.00, real=0.01 secs] 
2064.372: [GC (Allocation Failure) 2064.372: [ParNew: 76077K->8704K(78656K), 0.0128019 secs] 274506K->207220K(360828K), 0.0128789 secs] [Times: user=0.06 sys=0.00, real=0.01 secs] 
2064.385: [GC (GCLocker Initiated GC) 2064.385: [ParNew: 8704K->1690K(78656K), 0.0156449 secs] 207220K->208062K(360828K), 0.0157184 secs] [Times: user=0.06 sys=0.00, real=0.02 secs] 
2067.484: [GC (Allocation Failure) 2067.484: [ParNew: 71635K->4248K(78656K), 0.0065826 secs] 278007K->210620K(360828K), 0.0066627 secs] [Times: user=0.00 sys=0.00, real=0.01 secs] 
2069.140: [GC (Allocation Failure) 2069.140: [ParNew: 74200K->7609K(78656K), 0.0083391 secs] 280572K->213981K(360828K), 0.0084288 secs] [Times: user=0.00 sys=0.00, real=0.01 secs] 
2069.806: [GC (Allocation Failure) 2069.806: [ParNew: 77561K->6524K(78656K), 0.0112779 secs] 283933K->215572K(360828K), 0.0113495 secs] [Times: user=0.06 sys=0.00, real=0.01 secs] 
2071.790: [GC (Allocation Failure) 2071.790: [ParNew: 76476K->6600K(78656K), 0.0090407 secs] 285524K->217623K(360828K), 0.0091133 secs] [Times: user=0.06 sys=0.00, real=0.01 secs] 
2072.295: [GC (Allocation Failure) 2072.295: [ParNew: 76550K->5992K(78656K), 0.0063963 secs] 287572K->217014K(360828K), 0.0064853 secs] [Times: user=0.02 sys=0.01, real=0.01 secs] 
2074.331: [GC (Allocation Failure) 2074.331: [ParNew: 75944K->5957K(78656K), 0.0074972 secs] 286966K->218160K(360828K), 0.0075826 secs] [Times: user=0.00 sys=0.00, real=0.01 secs] 
2078.886: [GC (Allocation Failure) 2078.886: [ParNew: 75909K->3986K(78656K), 0.0081337 secs] 288112K->216189K(360828K), 0.0081965 secs] [Times: user=0.06 sys=0.00, real=0.01 secs] 
2080.093: [GC (Allocation Failure) 2080.094: [ParNew: 73921K->5567K(78656K), 0.0063324 secs] 286124K->217770K(360828K), 0.0064002 secs] [Times: user=0.00 sys=0.00, real=0.01 secs] 
2082.986: [GC (Allocation Failure) 2082.986: [ParNew: 75519K->8704K(78656K), 0.0121948 secs] 287722K->223113K(360828K), 0.0122778 secs] [Times: user=0.00 sys=0.00, real=0.01 secs] 
2083.572: [GC (GCLocker Initiated GC) 2083.572: [ParNew: 78656K->8704K(78656K), 0.0135765 secs] 293065K->228262K(360828K), 0.0136570 secs] [Times: user=0.06 sys=0.00, real=0.01 secs] 
2095.656: [GC (Allocation Failure) 2095.656: [ParNew: 78656K->4486K(78656K), 0.0097944 secs] 298214K->228155K(360828K), 0.0098843 secs] [Times: user=0.00 sys=0.00, real=0.01 secs] 
2102.015: [GC (Allocation Failure) 2102.015: [ParNew: 74438K->5142K(78656K), 0.0053685 secs] 298107K->228812K(360828K), 0.0054205 secs] [Times: user=0.00 sys=0.00, real=0.00 secs] 
2102.233: [GC (Allocation Failure) 2102.233: [ParNew: 75079K->8704K(78656K), 0.0275212 secs] 298748K->248191K(360828K), 0.0275757 secs] [Times: user=0.06 sys=0.00, real=0.03 secs] 
2102.464: [GC (Allocation Failure) 2102.464: [ParNew: 78656K->8704K(78656K), 0.0374812 secs] 318143K->270004K(360828K), 0.0375408 secs] [Times: user=0.14 sys=0.00, real=0.04 secs] 
2102.502: [GC (CMS Initial Mark) [1 CMS-initial-mark: 261300K(282172K)] 270020K(360828K), 0.0051431 secs] [Times: user=0.00 sys=0.00, real=0.00 secs] 
2102.507: [CMS-concurrent-mark-start]
2102.756: [GC (Allocation Failure) 2102.756: [ParNew: 78656K->8704K(78656K), 0.0423234 secs] 339956K->291415K(367932K), 0.0423773 secs] [Times: user=0.13 sys=0.01, real=0.04 secs] 
2102.918: [CMS-concurrent-mark: 0.368/0.411 secs] [Times: user=1.34 sys=0.06, real=0.41 secs] 
2102.918: [CMS-concurrent-preclean-start]
2102.935: [CMS-concurrent-preclean: 0.016/0.017 secs] [Times: user=0.05 sys=0.00, real=0.02 secs] 
2102.935: [CMS-concurrent-abortable-preclean-start]
2103.218: [GC (Allocation Failure) 2103.218: [ParNew: 78656K->8704K(78656K), 0.0467682 secs] 361367K->309713K(385596K), 0.0468298 secs] [Times: user=0.14 sys=0.02, real=0.05 secs] 
2103.687: [CMS-concurrent-abortable-preclean: 0.644/0.752 secs] [Times: user=2.13 sys=0.08, real=0.75 secs] 
2103.687: [GC (CMS Final Remark) [YG occupancy: 49908 K (78656 K)]2103.687: [Rescan (parallel) , 0.0153382 secs]2103.702: [weak refs processing, 0.0004255 secs]2103.703: [class unloading, 0.0759256 secs]2103.779: [scrub symbol table, 0.0629658 secs]2103.842: [scrub string table, 0.0027595 secs][1 CMS-remark: 301009K(306940K)] 350918K(385596K), 0.1580820 secs] [Times: user=0.20 sys=0.00, real=0.16 secs] 
2103.845: [CMS-concurrent-sweep-start]
2103.998: [CMS-concurrent-sweep: 0.151/0.153 secs] [Times: user=0.42 sys=0.03, real=0.15 secs] 
2103.999: [CMS-concurrent-reset-start]
2104.001: [CMS-concurrent-reset: 0.002/0.002 secs] [Times: user=0.06 sys=0.00, real=0.00 secs] 
2104.141: [GC (Allocation Failure) 2104.141: [ParNew: 78656K->8704K(78656K), 0.0197089 secs] 292019K->229664K(434264K), 0.0197952 secs] [Times: user=0.06 sys=0.00, real=0.02 secs] 
2104.531: [GC (Allocation Failure) 2104.531: [ParNew: 78656K->8704K(78656K), 0.0215755 secs] 299616K->236092K(434264K), 0.0216649 secs] [Times: user=0.06 sys=0.00, real=0.02 secs] 
2106.329: [GC (Allocation Failure) 2106.329: [ParNew: 78656K->8704K(78656K), 0.0234984 secs] 306044K->246312K(434264K), 0.0235596 secs] [Times: user=0.05 sys=0.00, real=0.02 secs] 
2108.718: [GC (Allocation Failure) 2108.718: [ParNew: 78656K->7677K(78656K), 0.0155144 secs] 316264K->252697K(434264K), 0.0156301 secs] [Times: user=0.02 sys=0.00, real=0.02 secs] 
2109.753: [GC (Allocation Failure) 2109.753: [ParNew: 77629K->6642K(78656K), 0.0076546 secs] 322649K->251662K(434264K), 0.0077223 secs] [Times: user=0.00 sys=0.00, real=0.01 secs] 
2115.743: [GC (Allocation Failure) 2115.743: [ParNew: 76594K->4884K(78656K), 0.0163532 secs] 321614K->251252K(434264K), 0.0166910 secs] [Times: user=0.05 sys=0.00, real=0.02 secs] 
2118.578: [GC (Allocation Failure) 2118.578: [ParNew: 74836K->8704K(78656K), 0.0145777 secs] 321204K->258899K(434264K), 0.0146693 secs] [Times: user=0.03 sys=0.00, real=0.02 secs] 
2123.214: [GC (Allocation Failure) 2123.214: [ParNew: 78656K->8704K(78656K), 0.0149794 secs] 328851K->264959K(434264K), 0.0150556 secs] [Times: user=0.06 sys=0.00, real=0.02 secs] 
2125.160: [GC (Allocation Failure) 2125.160: [ParNew: 78656K->3783K(78656K), 0.0077247 secs] 334911K->264335K(434264K), 0.0077824 secs] [Times: user=0.00 sys=0.00, real=0.01 secs] 
2133.442: [GC (Allocation Failure) 2133.442: [ParNew: 73735K->6001K(78656K), 0.0243133 secs] 334287K->266553K(434264K), 0.0245192 secs] [Times: user=0.06 sys=0.00, real=0.02 secs] 
2149.172: [GC (Allocation Failure) 2149.172: [ParNew: 75953K->6447K(78656K), 0.0079507 secs] 336505K->267536K(434264K), 0.0080329 secs] [Times: user=0.00 sys=0.00, real=0.01 secs] 
2149.777: [GC (Allocation Failure) 2149.777: [ParNew: 76399K->8704K(78656K), 0.0100670 secs] 337488K->271073K(434264K), 0.0101570 secs] [Times: user=0.06 sys=0.00, real=0.01 secs] 
2156.944: [GC (Allocation Failure) 2156.944: [ParNew: 78656K->5538K(78656K), 0.0135869 secs] 341025K->272929K(434264K), 0.0136541 secs] [Times: user=0.06 sys=0.00, real=0.01 secs] 
2159.243: [GC (Allocation Failure) 2159.244: [ParNew: 75490K->4584K(78656K), 0.0074065 secs] 342881K->271975K(434264K), 0.0075244 secs] [Times: user=0.06 sys=0.00, real=0.01 secs] 
2161.539: [GC (Allocation Failure) 2161.539: [ParNew: 74536K->5563K(78656K), 0.0057563 secs] 341927K->272954K(434264K), 0.0058090 secs] [Times: user=0.00 sys=0.00, real=0.01 secs] 
2163.217: [GC (Allocation Failure) 2163.217: [ParNew: 75515K->6437K(78656K), 0.0071621 secs] 342906K->274598K(434264K), 0.0072397 secs] [Times: user=0.06 sys=0.00, real=0.01 secs] 
2164.105: [GC (Allocation Failure) 2164.105: [ParNew: 76389K->6948K(78656K), 0.0069122 secs] 344550K->276259K(434264K), 0.0069829 secs] [Times: user=0.06 sys=0.00, real=0.01 secs] 
2167.226: [GC (Allocation Failure) 2167.226: [ParNew: 76900K->6795K(78656K), 0.0071486 secs] 346211K->277211K(434264K), 0.0072360 secs] [Times: user=0.00 sys=0.00, real=0.01 secs] 
2170.873: [GC (Allocation Failure) 2170.873: [ParNew: 76747K->6390K(78656K), 0.0062608 secs] 347163K->276806K(434264K), 0.0063201 secs] [Times: user=0.06 sys=0.00, real=0.01 secs] 
2171.752: [GC (Allocation Failure) 2171.752: [ParNew: 76342K->5231K(78656K), 0.0096059 secs] 346758K->275647K(434264K), 0.0097137 secs] [Times: user=0.00 sys=0.00, real=0.01 secs] 
2180.102: [GC (Allocation Failure) 2180.102: [ParNew: 75183K->7797K(78656K), 0.0093325 secs] 345599K->278213K(434264K), 0.0094067 secs] [Times: user=0.06 sys=0.00, real=0.01 secs] 
2180.747: [GC (Allocation Failure) 2180.747: [ParNew: 70935K->8128K(78656K), 0.0097505 secs] 341351K->279812K(434264K), 0.0098227 secs] [Times: user=0.06 sys=0.00, real=0.01 secs] 
2190.340: [GC (Allocation Failure) 2190.340: [ParNew: 78080K->6294K(78656K), 0.0118178 secs] 349764K->280439K(434264K), 0.0119221 secs] [Times: user=0.06 sys=0.00, real=0.01 secs] 
2190.867: [GC (Allocation Failure) 2190.867: [ParNew: 76246K->8704K(78656K), 0.0088922 secs] 350391K->282974K(434264K), 0.0089798 secs] [Times: user=0.06 sys=0.00, real=0.01 secs] 
2195.152: [GC (Allocation Failure) 2195.152: [ParNew: 78631K->6731K(78656K), 0.0150757 secs] 352902K->288258K(434264K), 0.0151616 secs] [Times: user=0.06 sys=0.00, real=0.02 secs] 
2210.582: [GC (Allocation Failure) 2210.582: [ParNew: 76683K->2892K(78656K), 0.0047846 secs] 358210K->284419K(434264K), 0.0048427 secs] [Times: user=0.00 sys=0.00, real=0.01 secs] 
2211.471: [GC (Allocation Failure) 2211.471: [ParNew: 72844K->4503K(78656K), 0.0067865 secs] 354371K->286030K(434264K), 0.0068641 secs] [Times: user=0.00 sys=0.00, real=0.01 secs] 
2230.006: [GC (Allocation Failure) 2230.006: [ParNew: 74455K->4330K(78656K), 0.0118924 secs] 355982K->285857K(434264K), 0.0120220 secs] [Times: user=0.06 sys=0.00, real=0.01 secs] 
2245.216: [GC (Allocation Failure) 2245.216: [ParNew: 74282K->5447K(78656K), 0.0136837 secs] 355809K->286974K(434264K), 0.0137799 secs] [Times: user=0.05 sys=0.00, real=0.01 secs] 
2246.699: [GC (Allocation Failure) 2246.699: [ParNew: 60415K->7719K(78656K), 0.0247224 secs] 341942K->289246K(434264K), 0.0248960 secs] [Times: user=0.13 sys=0.00, real=0.02 secs] 
2256.916: [GC (Allocation Failure) 2256.916: [ParNew: 77671K->5965K(78656K), 0.0171603 secs] 359198K->289919K(434264K), 0.0172558 secs] [Times: user=0.06 sys=0.00, real=0.02 secs] 
2264.251: [GC (Allocation Failure) 2264.251: [ParNew: 75917K->7407K(78656K), 0.0082083 secs] 359871K->291360K(434264K), 0.0083591 secs] [Times: user=0.00 sys=0.00, real=0.01 secs] 
2265.031: [GC (Allocation Failure) 2265.031: [ParNew: 77359K->5919K(78656K), 0.0083064 secs] 361312K->290902K(434264K), 0.0083744 secs] [Times: user=0.00 sys=0.00, real=0.01 secs] 
2265.822: [GC (Allocation Failure) 2265.822: [ParNew: 75871K->7307K(78656K), 0.0074566 secs] 360854K->292290K(434264K), 0.0075320 secs] [Times: user=0.06 sys=0.00, real=0.01 secs] 
2268.157: [GC (Allocation Failure) 2268.157: [ParNew: 77259K->4630K(78656K), 0.0099224 secs] 362242K->291707K(434264K), 0.0099905 secs] [Times: user=0.00 sys=0.00, real=0.01 secs] 
2270.662: [GC (Allocation Failure) 2270.663: [ParNew: 74582K->4561K(78656K), 0.0063181 secs] 361659K->291638K(434264K), 0.0064050 secs] [Times: user=0.00 sys=0.00, real=0.01 secs] 
2275.633: [GC (Allocation Failure) 2275.633: [ParNew: 74513K->4101K(78656K), 0.0094864 secs] 361590K->291293K(434264K), 0.0095881 secs] [Times: user=0.05 sys=0.00, real=0.01 secs] 
2283.568: [GC (Allocation Failure) 2283.568: [ParNew: 74053K->5365K(78656K), 0.0068730 secs] 361245K->292686K(434264K), 0.0069295 secs] [Times: user=0.00 sys=0.00, real=0.01 secs] 
2284.867: [GC (Allocation Failure) 2284.867: [ParNew: 75317K->7567K(78656K), 0.0080551 secs] 362638K->295588K(434264K), 0.0081302 secs] [Times: user=0.06 sys=0.00, real=0.01 secs] 
2313.567: [GC (Allocation Failure) 2313.567: [ParNew: 77519K->7388K(78656K), 0.0072628 secs] 365540K->296255K(434264K), 0.0073354 secs] [Times: user=0.00 sys=0.00, real=0.01 secs] 
2320.146: [GC (Allocation Failure) 2320.146: [ParNew: 77340K->6651K(78656K), 0.0080375 secs] 366207K->295518K(434264K), 0.0081110 secs] [Times: user=0.00 sys=0.00, real=0.01 secs] 
2321.171: [GC (Allocation Failure) 2321.171: [ParNew: 76603K->8704K(78656K), 0.0097889 secs] 365470K->298071K(434264K), 0.0098586 secs] [Times: user=0.00 sys=0.00, real=0.01 secs] 
2323.832: [GC (Allocation Failure) 2323.832: [ParNew: 78656K->8441K(78656K), 0.0096844 secs] 368023K->302122K(434264K), 0.0097469 secs] [Times: user=0.00 sys=0.00, real=0.01 secs] 
2324.344: [GC (Allocation Failure) 2324.344: [ParNew: 78393K->7888K(78656K), 0.0078443 secs] 372074K->301569K(434264K), 0.0079302 secs] [Times: user=0.00 sys=0.00, real=0.01 secs] 
2325.794: [GC (Allocation Failure) 2325.794: [ParNew: 77840K->6550K(78656K), 0.0089749 secs] 371521K->301903K(434264K), 0.0090535 secs] [Times: user=0.05 sys=0.00, real=0.01 secs] 
2329.557: [GC (Allocation Failure) 2329.557: [ParNew: 76502K->5980K(78656K), 0.0119989 secs] 371855K->301603K(434264K), 0.0120933 secs] [Times: user=0.06 sys=0.00, real=0.01 secs] 
2331.072: [GC (Allocation Failure) 2331.072: [ParNew: 75932K->7982K(78656K), 0.0090666 secs] 371555K->304049K(434264K), 0.0091324 secs] [Times: user=0.06 sys=0.00, real=0.01 secs] 
2332.574: [GC (Allocation Failure) 2332.575: [ParNew: 77934K->6805K(78656K), 0.0118323 secs] 374001K->306082K(434264K), 0.0119016 secs] [Times: user=0.06 sys=0.00, real=0.01 secs] 
2332.913: [GC (Allocation Failure) 2332.913: [ParNew: 76757K->4785K(78656K), 0.0058189 secs] 376034K->304062K(434264K), 0.0058819 secs] [Times: user=0.00 sys=0.00, real=0.01 secs] 
2338.049: [GC (Allocation Failure) 2338.049: [ParNew: 74737K->6106K(78656K), 0.0207002 secs] 374014K->305383K(434264K), 0.0209171 secs] [Times: user=0.06 sys=0.00, real=0.02 secs] 
2339.336: [GC (Allocation Failure) 2339.336: [ParNew: 76058K->5995K(78656K), 0.0106117 secs] 375335K->307350K(434264K), 0.0106902 secs] [Times: user=0.06 sys=0.00, real=0.01 secs] 
2339.803: [GC (Allocation Failure) 2339.803: [ParNew: 75947K->6932K(78656K), 0.0074106 secs] 377302K->309964K(434264K), 0.0074740 secs] [Times: user=0.00 sys=0.00, real=0.01 secs] 
2354.878: [GC (Allocation Failure) 2354.878: [ParNew: 76884K->5401K(78656K), 0.0065566 secs] 379916K->308433K(434264K), 0.0066242 secs] [Times: user=0.00 sys=0.00, real=0.01 secs] 
2365.591: [GC (Allocation Failure) 2365.591: [ParNew: 75353K->4959K(78656K), 0.0070931 secs] 378385K->309511K(434264K), 0.0071733 secs] [Times: user=0.06 sys=0.00, real=0.01 secs] 
2368.326: [GC (Allocation Failure) 2368.326: [ParNew: 74911K->4268K(78656K), 0.0058329 secs] 379463K->308819K(434264K), 0.0059056 secs] [Times: user=0.06 sys=0.00, real=0.01 secs] 
2370.732: [GC (Allocation Failure) 2370.732: [ParNew: 74220K->4050K(78656K), 0.0059517 secs] 378771K->308601K(434264K), 0.0060331 secs] [Times: user=0.06 sys=0.00, real=0.01 secs] 
2372.611: [GC (Allocation Failure) 2372.611: [ParNew: 74002K->3940K(78656K), 0.0209713 secs] 378553K->308492K(434264K), 0.0212041 secs] [Times: user=0.06 sys=0.00, real=0.02 secs] 
2374.151: [GC (Allocation Failure) 2374.151: [ParNew: 73892K->4286K(78656K), 0.0081293 secs] 378444K->309750K(434264K), 0.0081957 secs] [Times: user=0.06 sys=0.00, real=0.01 secs] 
2375.622: [GC (Allocation Failure) 2375.623: [ParNew: 74238K->2379K(78656K), 0.0049862 secs] 379702K->308535K(434264K), 0.0050441 secs] [Times: user=0.06 sys=0.00, real=0.00 secs] 
2377.127: [GC (Allocation Failure) 2377.127: [ParNew: 72331K->2505K(78656K), 0.0091660 secs] 378487K->308864K(434264K), 0.0092661 secs] [Times: user=0.00 sys=0.00, real=0.01 secs] 
2378.231: [GC (Allocation Failure) 2378.231: [ParNew: 72457K->4498K(78656K), 0.0210645 secs] 378816K->310922K(434264K), 0.0212523 secs] [Times: user=0.11 sys=0.00, real=0.02 secs] 
2386.121: [GC (Allocation Failure) 2386.121: [ParNew: 74450K->3806K(78656K), 0.0053515 secs] 380874K->310235K(434264K), 0.0054254 secs] [Times: user=0.06 sys=0.00, real=0.01 secs] 
2398.722: [GC (Allocation Failure) 2398.722: [ParNew: 73758K->4124K(78656K), 0.0082101 secs] 380187K->310559K(434264K), 0.0083287 secs] [Times: user=0.00 sys=0.00, real=0.01 secs] 
2415.031: [GC (Allocation Failure) 2415.031: [ParNew: 74076K->3837K(78656K), 0.0179932 secs] 380511K->310291K(434264K), 0.0182053 secs] [Times: user=0.05 sys=0.00, real=0.02 secs] 
2418.576: [GC (Allocation Failure) 2418.576: [ParNew: 73789K->5223K(78656K), 0.0058593 secs] 380243K->311685K(434264K), 0.0059533 secs] [Times: user=0.06 sys=0.00, real=0.00 secs] 
2423.150: [GC (Allocation Failure) 2423.150: [ParNew: 75175K->3170K(78656K), 0.0058188 secs] 381637K->310413K(434264K), 0.0058774 secs] [Times: user=0.06 sys=0.00, real=0.01 secs] 
2424.872: [GC (Allocation Failure) 2424.872: [ParNew: 73122K->2202K(78656K), 0.0057392 secs] 380365K->310247K(434264K), 0.0058168 secs] [Times: user=0.06 sys=0.00, real=0.01 secs] 
2426.470: [GC (Allocation Failure) 2426.470: [ParNew: 72154K->1211K(78656K), 0.0082341 secs] 380199K->309271K(434264K), 0.0083457 secs] [Times: user=0.00 sys=0.00, real=0.01 secs] 
2427.877: [GC (Allocation Failure) 2427.877: [ParNew: 71163K->1168K(78656K), 0.0074430 secs] 379223K->309254K(434264K), 0.0075425 secs] [Times: user=0.00 sys=0.00, real=0.01 secs] 
2429.423: [GC (Allocation Failure) 2429.423: [ParNew: 71120K->1953K(78656K), 0.0046209 secs] 379206K->310075K(434264K), 0.0046864 secs] [Times: user=0.00 sys=0.00, real=0.00 secs] 
2430.793: [GC (Allocation Failure) 2430.793: [ParNew: 71905K->3493K(78656K), 0.0060058 secs] 380027K->311683K(434264K), 0.0060719 secs] [Times: user=0.06 sys=0.00, real=0.01 secs] 
2435.557: [GC (Allocation Failure) 2435.557: [ParNew: 73445K->3821K(78656K), 0.0176219 secs] 381635K->312039K(434264K), 0.0177626 secs] [Times: user=0.06 sys=0.00, real=0.02 secs] 
2439.129: [GC (Allocation Failure) 2439.129: [ParNew: 73773K->4898K(78656K), 0.0058587 secs] 381991K->313120K(434264K), 0.0059154 secs] [Times: user=0.00 sys=0.00, real=0.01 secs] 
2440.570: [GC (Allocation Failure) 2440.570: [ParNew: 74850K->4682K(78656K), 0.0085775 secs] 383072K->313008K(434264K), 0.0086444 secs] [Times: user=0.06 sys=0.00, real=0.01 secs] 
2442.668: [GC (Allocation Failure) 2442.668: [ParNew: 74634K->8108K(78656K), 0.0146119 secs] 382960K->316439K(434264K), 0.0147060 secs] [Times: user=0.06 sys=0.00, real=0.02 secs] 
2455.317: [GC (Allocation Failure) 2455.317: [ParNew: 78060K->5365K(78656K), 0.0226875 secs] 386391K->316215K(434264K), 0.0227869 secs] [Times: user=0.05 sys=0.00, real=0.02 secs] 
2467.689: [GC (Allocation Failure) 2467.689: [ParNew: 75317K->5085K(78656K), 0.0066222 secs] 386167K->315936K(434264K), 0.0066916 secs] [Times: user=0.00 sys=0.00, real=0.01 secs] 
2471.703: [GC (Allocation Failure) 2471.703: [ParNew: 75037K->5644K(78656K), 0.0117085 secs] 385888K->316495K(434264K), 0.0118567 secs] [Times: user=0.00 sys=0.00, real=0.01 secs] 
2472.171: [GC (Allocation Failure) 2472.172: [ParNew: 75596K->8704K(78656K), 0.0123929 secs] 386447K->319825K(434264K), 0.0124652 secs] [Times: user=0.00 sys=0.00, real=0.01 secs] 
2472.666: [GC (Allocation Failure) 2472.666: [ParNew: 78656K->8704K(78656K), 0.0216665 secs] 389777K->328963K(434264K), 0.0217396 secs] [Times: user=0.09 sys=0.00, real=0.02 secs] 
2478.324: [GC (Allocation Failure) 2478.324: [ParNew: 78656K->7186K(78656K), 0.0108897 secs] 398915K->333393K(434264K), 0.0109699 secs] [Times: user=0.05 sys=0.02, real=0.01 secs] 
2492.829: [GC (Allocation Failure) 2492.829: [ParNew: 77114K->5471K(78656K), 0.0090449 secs] 403322K->331678K(434264K), 0.0091483 secs] [Times: user=0.00 sys=0.00, real=0.01 secs] 
2495.344: [GC (Allocation Failure) 2495.344: [ParNew: 75423K->8704K(78656K), 0.0080617 secs] 401630K->334912K(434264K), 0.0081361 secs] [Times: user=0.00 sys=0.00, real=0.01 secs] 
2496.150: [GC (Allocation Failure) 2496.150: [ParNew: 78656K->8704K(78656K), 0.0150476 secs] 404864K->340199K(434264K), 0.0151466 secs] [Times: user=0.06 sys=0.00, real=0.02 secs] 
2496.166: [GC (CMS Initial Mark) [1 CMS-initial-mark: 331495K(355608K)] 340787K(434264K), 0.0083133 secs] [Times: user=0.02 sys=0.00, real=0.01 secs] 
2496.174: [CMS-concurrent-mark-start]
2496.498: [CMS-concurrent-mark: 0.322/0.324 secs] [Times: user=1.00 sys=0.03, real=0.32 secs] 
2496.498: [CMS-concurrent-preclean-start]
2496.508: [CMS-concurrent-preclean: 0.009/0.010 secs] [Times: user=0.06 sys=0.00, real=0.01 secs] 
2496.508: [CMS-concurrent-abortable-preclean-start]
 CMS: abort preclean due to time 2501.563: [CMS-concurrent-abortable-preclean: 1.270/5.055 secs] [Times: user=1.41 sys=0.00, real=5.05 secs] 
2501.563: [GC (CMS Final Remark) [YG occupancy: 69030 K (78656 K)]2501.563: [Rescan (parallel) , 0.0227815 secs]2501.586: [weak refs processing, 0.0011410 secs]2501.587: [class unloading, 0.0937377 secs]2501.681: [scrub symbol table, 0.0578297 secs]2501.739: [scrub string table, 0.0036132 secs][1 CMS-remark: 331495K(355608K)] 400525K(434264K), 0.1797718 secs] [Times: user=0.22 sys=0.00, real=0.18 secs] 
2501.743: [CMS-concurrent-sweep-start]
2501.909: [CMS-concurrent-sweep: 0.165/0.166 secs] [Times: user=0.17 sys=0.00, real=0.16 secs] 
2501.909: [CMS-concurrent-reset-start]
2501.912: [CMS-concurrent-reset: 0.003/0.003 secs] [Times: user=0.00 sys=0.00, real=0.00 secs] 
2511.139: [GC (Allocation Failure) 2511.139: [ParNew: 78656K->7795K(78656K), 0.0126517 secs] 232552K->166264K(434264K), 0.0127338 secs] [Times: user=0.06 sys=0.00, real=0.01 secs] 
2547.747: [GC (Allocation Failure) 2547.747: [ParNew: 77747K->4650K(78656K), 0.0078469 secs] 236216K->163119K(434264K), 0.0079269 secs] [Times: user=0.06 sys=0.00, real=0.01 secs] 
2551.480: [GC (Allocation Failure) 2551.480: [ParNew: 74602K->6706K(78656K), 0.0088461 secs] 233071K->165174K(434264K), 0.0089183 secs] [Times: user=0.06 sys=0.00, real=0.01 secs] 
2551.719: [GC (Allocation Failure) 2551.719: [ParNew: 76658K->8704K(78656K), 0.0108771 secs] 235126K->170003K(434264K), 0.0109555 secs] [Times: user=0.00 sys=0.00, real=0.01 secs] 
2552.279: [GC (Allocation Failure) 2552.279: [ParNew: 78656K->8704K(78656K), 0.0173056 secs] 239955K->176400K(434264K), 0.0173886 secs] [Times: user=0.09 sys=0.00, real=0.02 secs] 
2582.043: [GC (Allocation Failure) 2582.043: [ParNew: 78656K->7323K(78656K), 0.0107404 secs] 246352K->180802K(434264K), 0.0108231 secs] [Times: user=0.01 sys=0.01, real=0.01 secs] 
2584.465: [GC (Allocation Failure) 2584.465: [ParNew: 77275K->1962K(78656K), 0.0048513 secs] 250754K->175441K(434264K), 0.0049226 secs] [Times: user=0.06 sys=0.00, real=0.01 secs] 
2587.038: [GC (Allocation Failure) 2587.038: [ParNew: 71914K->1100K(78656K), 0.0047179 secs] 245393K->174579K(434264K), 0.0047888 secs] [Times: user=0.00 sys=0.00, real=0.00 secs] 
2589.615: [GC (Allocation Failure) 2589.615: [ParNew: 71052K->1219K(78656K), 0.0048461 secs] 244531K->174698K(434264K), 0.0049342 secs] [Times: user=0.00 sys=0.00, real=0.00 secs] 
2592.305: [GC (Allocation Failure) 2592.305: [ParNew: 71171K->905K(78656K), 0.0054343 secs] 244650K->174384K(434264K), 0.0054961 secs] [Times: user=0.00 sys=0.00, real=0.01 secs] 
2595.410: [GC (Allocation Failure) 2595.410: [ParNew: 70857K->930K(78656K), 0.0066408 secs] 244336K->174409K(434264K), 0.0067323 secs] [Times: user=0.00 sys=0.00, real=0.01 secs] 
2598.218: [GC (Allocation Failure) 2598.218: [ParNew: 70882K->384K(78656K), 0.0051377 secs] 244361K->174545K(434264K), 0.0052319 secs] [Times: user=0.00 sys=0.00, real=0.01 secs] 
2601.216: [GC (Allocation Failure) 2601.216: [ParNew: 70336K->101K(78656K), 0.0044588 secs] 244497K->174261K(434264K), 0.0045250 secs] [Times: user=0.06 sys=0.00, real=0.00 secs] 
2603.728: [GC (Allocation Failure) 2603.728: [ParNew: 70053K->64K(78656K), 0.0043120 secs] 244213K->174225K(434264K), 0.0043766 secs] [Times: user=0.02 sys=0.00, real=0.00 secs] 
2606.450: [GC (Allocation Failure) 2606.450: [ParNew: 70016K->60K(78656K), 0.0043158 secs] 244177K->174220K(434264K), 0.0043772 secs] [Times: user=0.05 sys=0.00, real=0.00 secs] 
2608.927: [GC (Allocation Failure) 2608.927: [ParNew: 70012K->54K(78656K), 0.0043177 secs] 244172K->174214K(434264K), 0.0043892 secs] [Times: user=0.00 sys=0.00, real=0.01 secs] 
2611.615: [GC (Allocation Failure) 2611.616: [ParNew: 70006K->44K(78656K), 0.0048136 secs] 244166K->174206K(434264K), 0.0048727 secs] [Times: user=0.00 sys=0.00, real=0.00 secs] 
2614.406: [GC (Allocation Failure) 2614.406: [ParNew: 69996K->49K(78656K), 0.0043755 secs] 244158K->174210K(434264K), 0.0044429 secs] [Times: user=0.00 sys=0.00, real=0.00 secs] 
2617.082: [GC (Allocation Failure) 2617.082: [ParNew: 70001K->41K(78656K), 0.0050023 secs] 244162K->174203K(434264K), 0.0051000 secs] [Times: user=0.00 sys=0.00, real=0.01 secs] 
2619.665: [GC (Allocation Failure) 2619.665: [ParNew: 69993K->52K(78656K), 0.0047113 secs] 244155K->174214K(434264K), 0.0048102 secs] [Times: user=0.00 sys=0.00, real=0.01 secs] 
2622.413: [GC (Allocation Failure) 2622.413: [ParNew: 70004K->49K(78656K), 0.0050944 secs] 244166K->174211K(434264K), 0.0051723 secs] [Times: user=0.00 sys=0.00, real=0.01 secs] 
2625.265: [GC (Allocation Failure) 2625.265: [ParNew: 70001K->49K(78656K), 0.0042370 secs] 244163K->174211K(434264K), 0.0043006 secs] [Times: user=0.00 sys=0.00, real=0.00 secs] 
2628.000: [GC (Allocation Failure) 2628.000: [ParNew: 70001K->44K(78656K), 0.0056809 secs] 244163K->174206K(434264K), 0.0057582 secs] [Times: user=0.00 sys=0.00, real=0.01 secs] 
2630.722: [GC (Allocation Failure) 2630.722: [ParNew: 69996K->42K(78656K), 0.0089740 secs] 244158K->174205K(434264K), 0.0091234 secs] [Times: user=0.00 sys=0.00, real=0.01 secs] 
2633.433: [GC (Allocation Failure) 2633.433: [ParNew: 69994K->55K(78656K), 0.0057030 secs] 244157K->174219K(434264K), 0.0058163 secs] [Times: user=0.05 sys=0.00, real=0.01 secs] 
2636.205: [GC (Allocation Failure) 2636.205: [ParNew: 70007K->43K(78656K), 0.0051280 secs] 244171K->174206K(434264K), 0.0052124 secs] [Times: user=0.00 sys=0.00, real=0.00 secs] 
2648.768: [GC (Allocation Failure) 2648.768: [ParNew: 69995K->77K(78656K), 0.0049370 secs] 244158K->174240K(434264K), 0.0050145 secs] [Times: user=0.00 sys=0.00, real=0.01 secs] 
2651.416: [GC (Allocation Failure) 2651.416: [ParNew: 70029K->79K(78656K), 0.0046354 secs] 244192K->174242K(434264K), 0.0047008 secs] [Times: user=0.00 sys=0.00, real=0.00 secs] 
2653.687: [GC (Allocation Failure) 2653.687: [ParNew: 70031K->85K(78656K), 0.0044257 secs] 244194K->174248K(434264K), 0.0045006 secs] [Times: user=0.00 sys=0.00, real=0.00 secs] 
2656.777: [GC (Allocation Failure) 2656.777: [ParNew: 70037K->158K(78656K), 0.0045616 secs] 244200K->174321K(434264K), 0.0046472 secs] [Times: user=0.05 sys=0.00, real=0.01 secs] 
2656.870: [GC (Allocation Failure) 2656.870: [ParNew: 70110K->254K(78656K), 0.0046941 secs] 244273K->174418K(434264K), 0.0047602 secs] [Times: user=0.03 sys=0.00, real=0.01 secs] 
2663.458: [GC (Allocation Failure) 2663.458: [ParNew: 70206K->256K(78656K), 0.0047871 secs] 244370K->174420K(434264K), 0.0048596 secs] [Times: user=0.00 sys=0.00, real=0.01 secs] 
2669.640: [GC (Allocation Failure) 2669.640: [ParNew: 70208K->206K(78656K), 0.0045624 secs] 244372K->174394K(434264K), 0.0046277 secs] [Times: user=0.00 sys=0.00, real=0.00 secs] 
2678.094: [GC (Allocation Failure) 2678.095: [ParNew: 70158K->114K(78656K), 0.0046055 secs] 244346K->174302K(434264K), 0.0046696 secs] [Times: user=0.00 sys=0.00, real=0.00 secs] 
2678.188: [GC (Allocation Failure) 2678.188: [ParNew: 70066K->176K(78656K), 0.0041889 secs] 244254K->174365K(434264K), 0.0042373 secs] [Times: user=0.00 sys=0.00, real=0.00 secs] 
2688.365: [GC (Allocation Failure) 2688.365: [ParNew: 70128K->98K(78656K), 0.0046820 secs] 244317K->174308K(434264K), 0.0047659 secs] [Times: user=0.00 sys=0.00, real=0.01 secs] 
2692.973: [GC (Allocation Failure) 2692.974: [ParNew: 70050K->116K(78656K), 0.0045817 secs] 244260K->174326K(434264K), 0.0046459 secs] [Times: user=0.00 sys=0.00, real=0.01 secs] 
2693.154: [GC (Allocation Failure) 2693.154: [ParNew: 70068K->81K(78656K), 0.0054166 secs] 244278K->174295K(434264K), 0.0054983 secs] [Times: user=0.06 sys=0.00, real=0.01 secs] 
2694.366: [GC (Allocation Failure) 2694.367: [ParNew: 70033K->63K(78656K), 0.0048981 secs] 244247K->174278K(434264K), 0.0049702 secs] [Times: user=0.00 sys=0.00, real=0.00 secs] 
2695.469: [GC (Allocation Failure) 2695.469: [ParNew: 70015K->60K(78656K), 0.0047867 secs] 244230K->174276K(434264K), 0.0048589 secs] [Times: user=0.00 sys=0.00, real=0.00 secs] 
2696.582: [GC (Allocation Failure) 2696.582: [ParNew: 70012K->69K(78656K), 0.0046206 secs] 244228K->174285K(434264K), 0.0046866 secs] [Times: user=0.00 sys=0.00, real=0.00 secs] 
2697.712: [GC (Allocation Failure) 2697.712: [ParNew: 70021K->3806K(78656K), 0.0062485 secs] 244237K->178024K(434264K), 0.0063496 secs] [Times: user=0.06 sys=0.00, real=0.01 secs] 
2697.999: [GC (Allocation Failure) 2697.999: [ParNew: 73758K->8704K(78656K), 0.0103234 secs] 247976K->183944K(434264K), 0.0104026 secs] [Times: user=0.00 sys=0.00, real=0.01 secs] 
2698.889: [GC (Allocation Failure) 2698.889: [ParNew: 78656K->8480K(78656K), 0.0358038 secs] 253896K->191570K(434264K), 0.0359919 secs] [Times: user=0.16 sys=0.00, real=0.04 secs] 
2703.117: [GC (Allocation Failure) 2703.117: [ParNew: 78432K->5577K(78656K), 0.0149166 secs] 261522K->188666K(434264K), 0.0150829 secs] [Times: user=0.06 sys=0.00, real=0.01 secs] 
3022.848: [GC (Allocation Failure) 3022.848: [ParNew: 74892K->7103K(78656K), 0.0134731 secs] 257982K->190193K(434264K), 0.0136331 secs] [Times: user=0.06 sys=0.00, real=0.01 secs] 
3033.057: [GC (Allocation Failure) 3033.057: [ParNew: 77055K->8704K(78656K), 0.0271609 secs] 260145K->203475K(434264K), 0.0272855 secs] [Times: user=0.11 sys=0.02, real=0.03 secs] 
3034.815: [GC (Allocation Failure) 3034.815: [ParNew: 78656K->5691K(78656K), 0.0109206 secs] 273427K->205743K(434264K), 0.0109866 secs] [Times: user=0.00 sys=0.00, real=0.01 secs] 
3037.492: [GC (Allocation Failure) 3037.492: [ParNew: 75643K->3205K(78656K), 0.0131363 secs] 275695K->207990K(434264K), 0.0132629 secs] [Times: user=0.03 sys=0.00, real=0.01 secs] 
3134.950: [GC (Allocation Failure) 3134.950: [ParNew: 73157K->1680K(78656K), 0.0150924 secs] 277942K->206465K(434264K), 0.0153793 secs] [Times: user=0.06 sys=0.00, real=0.02 secs] 
3150.640: [GC (Allocation Failure) 3150.640: [ParNew: 71571K->1920K(78656K), 0.0091820 secs] 276356K->206705K(434264K), 0.0092885 secs] [Times: user=0.00 sys=0.00, real=0.01 secs] 
3151.659: [GC (Allocation Failure) 3151.659: [ParNew: 71872K->2448K(78656K), 0.0068156 secs] 276657K->207233K(434264K), 0.0068996 secs] [Times: user=0.00 sys=0.00, real=0.01 secs] 
3172.872: [GC (Allocation Failure) 3172.872: [ParNew: 72400K->2572K(78656K), 0.0117454 secs] 277185K->207357K(434264K), 0.0118536 secs] [Times: user=0.06 sys=0.00, real=0.01 secs] 
3198.014: [GC (Allocation Failure) 3198.014: [ParNew: 72524K->2762K(78656K), 0.0050987 secs] 277309K->207547K(434264K), 0.0051619 secs] [Times: user=0.06 sys=0.00, real=0.00 secs] 
3200.840: [GC (Allocation Failure) 3200.840: [ParNew: 72714K->4315K(78656K), 0.0085253 secs] 277499K->209570K(434264K), 0.0085922 secs] [Times: user=0.06 sys=0.00, real=0.01 secs] 
3203.460: [GC (Allocation Failure) 3203.460: [ParNew: 74267K->5415K(78656K), 0.0251758 secs] 279522K->210717K(434264K), 0.0254070 secs] [Times: user=0.08 sys=0.00, real=0.03 secs] 
3208.366: [GC (Allocation Failure) 3208.366: [ParNew: 75367K->8703K(78656K), 0.0147459 secs] 280669K->220709K(434264K), 0.0148505 secs] [Times: user=0.03 sys=0.01, real=0.02 secs] 
3213.415: [GC (Allocation Failure) 3213.415: [ParNew: 78655K->8704K(78656K), 0.0385450 secs] 290661K->224570K(434264K), 0.0387425 secs] [Times: user=0.14 sys=0.00, real=0.04 secs] 
3220.979: [GC (Allocation Failure) 3220.979: [ParNew: 78656K->5205K(78656K), 0.0104166 secs] 294522K->224174K(434264K), 0.0104997 secs] [Times: user=0.06 sys=0.00, real=0.01 secs] 
3221.776: [GC (Allocation Failure) 3221.776: [ParNew: 75157K->8704K(78656K), 0.0138537 secs] 294126K->230622K(434264K), 0.0140065 secs] [Times: user=0.06 sys=0.00, real=0.01 secs] 
3228.027: [GC (Allocation Failure) 3228.027: [ParNew: 78656K->7298K(78656K), 0.0113972 secs] 300574K->234960K(434264K), 0.0114733 secs] [Times: user=0.06 sys=0.00, real=0.01 secs] 
3233.448: [GC (Allocation Failure) 3233.448: [ParNew: 77250K->3366K(78656K), 0.0201890 secs] 304912K->231027K(434264K), 0.0204092 secs] [Times: user=0.08 sys=0.02, real=0.02 secs] 
3236.637: [GC (Allocation Failure) 3236.637: [ParNew: 73318K->5197K(78656K), 0.0069136 secs] 300979K->232859K(434264K), 0.0069976 secs] [Times: user=0.06 sys=0.00, real=0.01 secs] 
3237.320: [GC (Allocation Failure) 3237.320: [ParNew: 75149K->8704K(78656K), 0.0114059 secs] 302811K->236367K(434264K), 0.0114824 secs] [Times: user=0.06 sys=0.00, real=0.01 secs] 
3239.330: [GC (Allocation Failure) 3239.330: [ParNew: 78656K->8313K(78656K), 0.0093506 secs] 306319K->237023K(434264K), 0.0094387 secs] [Times: user=0.00 sys=0.00, real=0.01 secs] 
3241.502: [GC (Allocation Failure) 3241.502: [ParNew: 78265K->6709K(78656K), 0.0204955 secs] 306975K->237287K(434264K), 0.0206731 secs] [Times: user=0.06 sys=0.00, real=0.02 secs] 
3248.837: [GC (Allocation Failure) 3248.837: [ParNew: 76661K->6373K(78656K), 0.0080501 secs] 307239K->236951K(434264K), 0.0081136 secs] [Times: user=0.06 sys=0.00, real=0.01 secs] 
3249.120: [GC (Allocation Failure) 3249.120: [ParNew: 76325K->5556K(78656K), 0.0099351 secs] 306903K->238528K(434264K), 0.0099876 secs] [Times: user=0.06 sys=0.00, real=0.01 secs] 
3250.934: [GC (Allocation Failure) 3250.934: [ParNew: 75508K->8638K(78656K), 0.0091015 secs] 308480K->241610K(434264K), 0.0091971 secs] [Times: user=0.06 sys=0.00, real=0.01 secs] 
3258.410: [GC (Allocation Failure) 3258.410: [ParNew: 78590K->6948K(78656K), 0.0102171 secs] 311562K->241552K(434264K), 0.0102770 secs] [Times: user=0.00 sys=0.00, real=0.01 secs] 
3273.005: [GC (Allocation Failure) 3273.005: [ParNew: 76900K->5986K(78656K), 0.0079814 secs] 311504K->241165K(434264K), 0.0087768 secs] [Times: user=0.00 sys=0.00, real=0.01 secs] 
3275.117: [GC (Allocation Failure) 3275.117: [ParNew: 75938K->6049K(78656K), 0.0082255 secs] 311117K->241227K(434264K), 0.0082864 secs] [Times: user=0.06 sys=0.00, real=0.01 secs] 
3276.881: [GC (Allocation Failure) 3276.881: [ParNew: 76001K->5475K(78656K), 0.0077176 secs] 311179K->240654K(434264K), 0.0077949 secs] [Times: user=0.02 sys=0.00, real=0.01 secs] 
3282.038: [GC (Allocation Failure) 3282.038: [ParNew: 75427K->6034K(78656K), 0.0081960 secs] 310606K->241212K(434264K), 0.0082688 secs] [Times: user=0.06 sys=0.00, real=0.01 secs] 
3289.263: [GC (Allocation Failure) 3289.263: [ParNew: 75986K->8646K(78656K), 0.0117244 secs] 311164K->245649K(434264K), 0.0117821 secs] [Times: user=0.06 sys=0.00, real=0.01 secs] 
3296.041: [GC (Allocation Failure) 3296.041: [ParNew: 78598K->5792K(78656K), 0.0097767 secs] 315601K->248221K(434264K), 0.0098572 secs] [Times: user=0.06 sys=0.00, real=0.01 secs] 
3298.502: [GC (Allocation Failure) 3298.502: [ParNew: 75744K->4359K(78656K), 0.0070748 secs] 318173K->246789K(434264K), 0.0071820 secs] [Times: user=0.00 sys=0.00, real=0.01 secs] 
3301.557: [GC (Allocation Failure) 3301.557: [ParNew: 74311K->5998K(78656K), 0.0080159 secs] 316741K->248428K(434264K), 0.0081023 secs] [Times: user=0.06 sys=0.00, real=0.01 secs] 
3303.621: [GC (Allocation Failure) 3303.621: [ParNew: 75950K->3684K(78656K), 0.0083920 secs] 318380K->246958K(434264K), 0.0084866 secs] [Times: user=0.06 sys=0.00, real=0.01 secs] 
3306.113: [GC (Allocation Failure) 3306.113: [ParNew: 73636K->4724K(78656K), 0.0069744 secs] 316910K->247998K(434264K), 0.0070487 secs] [Times: user=0.00 sys=0.00, real=0.01 secs] 
3310.992: [GC (Allocation Failure) 3310.992: [ParNew: 74676K->3982K(78656K), 0.0067143 secs] 317950K->247257K(434264K), 0.0067738 secs] [Times: user=0.05 sys=0.00, real=0.01 secs] 
3314.855: [GC (Allocation Failure) 3314.856: [ParNew: 73934K->4183K(78656K), 0.0085005 secs] 317209K->247458K(434264K), 0.0085753 secs] [Times: user=0.06 sys=0.00, real=0.01 secs] 
3316.621: [GC (Allocation Failure) 3316.621: [ParNew: 74135K->3559K(78656K), 0.0079496 secs] 317410K->247959K(434264K), 0.0080179 secs] [Times: user=0.06 sys=0.00, real=0.01 secs] 
3319.226: [GC (Allocation Failure) 3319.226: [ParNew: 73511K->2333K(78656K), 0.0060103 secs] 317911K->247679K(434264K), 0.0060674 secs] [Times: user=0.00 sys=0.00, real=0.01 secs] 
3328.240: [GC (Allocation Failure) 3328.240: [ParNew: 72285K->1352K(78656K), 0.0151676 secs] 317631K->246717K(434264K), 0.0153724 secs] [Times: user=0.06 sys=0.00, real=0.02 secs] 
3337.351: [GC (Allocation Failure) 3337.351: [ParNew: 71304K->1482K(78656K), 0.0059161 secs] 316669K->246866K(434264K), 0.0059827 secs] [Times: user=0.00 sys=0.00, real=0.01 secs] 
3341.767: [GC (Allocation Failure) 3341.767: [ParNew: 71434K->1216K(78656K), 0.0060235 secs] 316818K->246651K(434264K), 0.0061536 secs] [Times: user=0.00 sys=0.00, real=0.01 secs] 
3346.610: [GC (Allocation Failure) 3346.610: [ParNew: 71168K->1495K(78656K), 0.0141256 secs] 316603K->246945K(434264K), 0.0143292 secs] [Times: user=0.02 sys=0.00, real=0.01 secs] 
3352.530: [GC (Allocation Failure) 3352.530: [ParNew: 30951K->1428K(78656K), 0.0050340 secs] 276401K->246889K(434264K), 0.0050972 secs] [Times: user=0.00 sys=0.00, real=0.00 secs] 
3353.931: [GC (Allocation Failure) 3353.931: [ParNew: 55220K->3965K(78656K), 0.0316087 secs] 300682K->293752K(478580K), 0.0317013 secs] [Times: user=0.08 sys=0.00, real=0.03 secs] 
3357.217: [GC (Allocation Failure) 3357.217: [ParNew: 73917K->4221K(78656K), 0.0323742 secs] 363704K->338352K(522896K), 0.0324520 secs] [Times: user=0.03 sys=0.02, real=0.03 secs] 
3357.250: [GC (CMS Initial Mark) [1 CMS-initial-mark: 334131K(444240K)] 339309K(522896K), 0.0053910 secs] [Times: user=0.00 sys=0.00, real=0.01 secs] 
3357.255: [CMS-concurrent-mark-start]
3357.458: [CMS-concurrent-mark: 0.203/0.203 secs] [Times: user=0.24 sys=0.02, real=0.20 secs] 
3357.458: [CMS-concurrent-preclean-start]
3357.463: [CMS-concurrent-preclean: 0.005/0.005 secs] [Times: user=0.00 sys=0.00, real=0.00 secs] 
3357.463: [GC (CMS Final Remark) [YG occupancy: 6160 K (78656 K)]3357.463: [Rescan (parallel) , 0.0048727 secs]3357.468: [weak refs processing, 0.0014211 secs]3357.470: [class unloading, 0.0953383 secs]3357.565: [scrub symbol table, 0.0709287 secs]3357.636: [scrub string table, 0.0035569 secs][1 CMS-remark: 334131K(444240K)] 340291K(522896K), 0.2203428 secs] [Times: user=0.26 sys=0.00, real=0.22 secs] 
3357.684: [CMS-concurrent-sweep-start]
3357.805: [CMS-concurrent-sweep: 0.120/0.121 secs] [Times: user=0.11 sys=0.02, real=0.12 secs] 
3357.805: [CMS-concurrent-reset-start]
3357.807: [CMS-concurrent-reset: 0.002/0.002 secs] [Times: user=0.00 sys=0.00, real=0.00 secs] 
3363.458: [GC (Allocation Failure) 3363.458: [ParNew: 74173K->8704K(78656K), 0.0148124 secs] 276340K->214508K(522896K), 0.0148676 secs] [Times: user=0.06 sys=0.00, real=0.02 secs] 
3365.058: [GC (Allocation Failure) 3365.058: [ParNew: 78656K->8704K(78656K), 0.0123201 secs] 284460K->219034K(522896K), 0.0123784 secs] [Times: user=0.06 sys=0.00, real=0.01 secs] 
3366.705: [GC (Allocation Failure) 3366.705: [ParNew: 78656K->8521K(78656K), 0.0108696 secs] 288986K->225123K(522896K), 0.0109287 secs] [Times: user=0.00 sys=0.00, real=0.01 secs] 
3370.185: [GC (Allocation Failure) 3370.185: [ParNew: 78473K->8704K(78656K), 0.0098030 secs] 295075K->225482K(522896K), 0.0098619 secs] [Times: user=0.06 sys=0.00, real=0.01 secs] 
3381.054: [GC (Allocation Failure) 3381.054: [ParNew: 78656K->7085K(78656K), 0.0244178 secs] 295434K->231147K(522896K), 0.0246341 secs] [Times: user=0.08 sys=0.00, real=0.02 secs] 
3390.233: [GC (Allocation Failure) 3390.233: [ParNew: 77037K->3333K(78656K), 0.0059160 secs] 301099K->227395K(522896K), 0.0059734 secs] [Times: user=0.00 sys=0.00, real=0.01 secs] 
3394.737: [GC (Allocation Failure) 3394.737: [ParNew: 73285K->7328K(78656K), 0.0084065 secs] 297347K->231390K(522896K), 0.0084760 secs] [Times: user=0.00 sys=0.00, real=0.01 secs] 
3401.049: [GC (Allocation Failure) 3401.049: [ParNew: 77280K->5231K(78656K), 0.0096098 secs] 301342K->233812K(522896K), 0.0096833 secs] [Times: user=0.00 sys=0.00, real=0.01 secs] 
3402.906: [GC (Allocation Failure) 3402.906: [ParNew: 75183K->6068K(78656K), 0.0071409 secs] 303764K->234649K(522896K), 0.0071980 secs] [Times: user=0.00 sys=0.00, real=0.01 secs] 
3403.909: [GC (Allocation Failure) 3403.909: [ParNew: 76020K->5907K(78656K), 0.0081070 secs] 304601K->234663K(522896K), 0.0081695 secs] [Times: user=0.00 sys=0.00, real=0.01 secs] 
3407.512: [GC (Allocation Failure) 3407.512: [ParNew: 75859K->5456K(78656K), 0.0064138 secs] 304615K->235306K(522896K), 0.0064920 secs] [Times: user=0.06 sys=0.00, real=0.01 secs] 
3415.773: [GC (Allocation Failure) 3415.773: [ParNew: 75408K->5325K(78656K), 0.0061899 secs] 305258K->235175K(522896K), 0.0062748 secs] [Times: user=0.00 sys=0.00, real=0.01 secs] 
3419.779: [GC (Allocation Failure) 3419.779: [ParNew: 75277K->4931K(78656K), 0.0213872 secs] 305127K->234781K(522896K), 0.0216520 secs] [Times: user=0.11 sys=0.00, real=0.02 secs] 
3422.335: [GC (Allocation Failure) 3422.335: [ParNew: 74883K->4859K(78656K), 0.0060643 secs] 304733K->234708K(522896K), 0.0061363 secs] [Times: user=0.00 sys=0.00, real=0.01 secs] 
3426.054: [GC (GCLocker Initiated GC) 3426.054: [ParNew: 74811K->5359K(78656K), 0.0234076 secs] 304660K->235209K(522896K), 0.0236074 secs] [Times: user=0.08 sys=0.00, real=0.02 secs] 
3466.463: [GC (Allocation Failure) 3466.463: [ParNew: 75311K->6274K(78656K), 0.0127635 secs] 305161K->237770K(522896K), 0.0128512 secs] [Times: user=0.06 sys=0.00, real=0.01 secs] 
3475.081: [GC (Allocation Failure) 3475.081: [ParNew: 76226K->6038K(78656K), 0.0079948 secs] 307722K->237591K(522896K), 0.0080526 secs] [Times: user=0.00 sys=0.00, real=0.01 secs] 
3485.045: [GC (Allocation Failure) 3485.045: [ParNew: 75990K->6403K(78656K), 0.0082899 secs] 307543K->238625K(522896K), 0.0083582 secs] [Times: user=0.02 sys=0.02, real=0.01 secs] 
3486.386: [GC (Allocation Failure) 3486.386: [ParNew: 76355K->7935K(78656K), 0.0086990 secs] 308577K->240213K(522896K), 0.0087644 secs] [Times: user=0.06 sys=0.00, real=0.01 secs] 
3488.424: [GC (Allocation Failure) 3488.424: [ParNew: 77887K->8704K(78656K), 0.0128023 secs] 310165K->244092K(522896K), 0.0129251 secs] [Times: user=0.01 sys=0.00, real=0.01 secs] 
3489.796: [GC (Allocation Failure) 3489.797: [ParNew: 78656K->7192K(78656K), 0.0375725 secs] 314044K->248754K(522896K), 0.0377784 secs] [Times: user=0.13 sys=0.00, real=0.04 secs] 
3491.388: [GC (Allocation Failure) 3491.388: [ParNew: 77144K->4009K(78656K), 0.0075563 secs] 318706K->245570K(522896K), 0.0076219 secs] [Times: user=0.06 sys=0.00, real=0.01 secs] 
3493.236: [GC (Allocation Failure) 3493.236: [ParNew: 73961K->7428K(78656K), 0.0071500 secs] 315522K->248990K(522896K), 0.0072168 secs] [Times: user=0.00 sys=0.00, real=0.01 secs] 
3494.382: [GC (Allocation Failure) 3494.382: [ParNew: 77380K->8244K(78656K), 0.0079805 secs] 318942K->250813K(522896K), 0.0080577 secs] [Times: user=0.06 sys=0.00, real=0.01 secs] 
3498.599: [GC (Allocation Failure) 3498.599: [ParNew: 78196K->8034K(78656K), 0.0112163 secs] 320765K->251608K(522896K), 0.0113111 secs] [Times: user=0.05 sys=0.00, real=0.01 secs] 
3499.416: [GC (Allocation Failure) 3499.416: [ParNew: 77986K->7038K(78656K), 0.0116468 secs] 321560K->253306K(522896K), 0.0117118 secs] [Times: user=0.06 sys=0.00, real=0.01 secs] 
3500.777: [GC (Allocation Failure) 3500.777: [ParNew: 76988K->8140K(78656K), 0.0066367 secs] 323257K->254408K(522896K), 0.0066971 secs] [Times: user=0.06 sys=0.00, real=0.01 secs] 
3503.191: [GC (Allocation Failure) 3503.191: [ParNew: 78092K->7677K(78656K), 0.0109115 secs] 324360K->255913K(522896K), 0.0109905 secs] [Times: user=0.02 sys=0.00, real=0.01 secs] 
3507.258: [GC (Allocation Failure) 3507.259: [ParNew: 77629K->7267K(78656K), 0.0099104 secs] 325865K->256812K(522896K), 0.0099805 secs] [Times: user=0.06 sys=0.00, real=0.01 secs] 
3509.464: [GC (Allocation Failure) 3509.465: [ParNew: 77219K->4821K(78656K), 0.0251513 secs] 326764K->256394K(522896K), 0.0253787 secs] [Times: user=0.13 sys=0.00, real=0.02 secs] 
3527.012: [GC (Allocation Failure) 3527.012: [ParNew: 74773K->4241K(78656K), 0.0068377 secs] 326346K->255814K(522896K), 0.0068983 secs] [Times: user=0.06 sys=0.00, real=0.01 secs] 
3537.384: [GC (Allocation Failure) 3537.384: [ParNew: 74193K->3457K(78656K), 0.0057322 secs] 325766K->255030K(522896K), 0.0057887 secs] [Times: user=0.06 sys=0.00, real=0.01 secs] 
3542.429: [GC (Allocation Failure) 3542.429: [ParNew: 73409K->3292K(78656K), 0.0052951 secs] 324982K->254865K(522896K), 0.0053854 secs] [Times: user=0.00 sys=0.00, real=0.01 secs] 
3547.550: [GC (Allocation Failure) 3547.550: [ParNew: 73244K->3470K(78656K), 0.0096270 secs] 324817K->255043K(522896K), 0.0097819 secs] [Times: user=0.00 sys=0.00, real=0.01 secs] 
3549.508: [GC (Allocation Failure) 3549.508: [ParNew: 73422K->1677K(78656K), 0.0072120 secs] 324995K->254067K(522896K), 0.0072955 secs] [Times: user=0.06 sys=0.00, real=0.01 secs] 
3551.633: [GC (Allocation Failure) 3551.633: [ParNew: 71629K->2156K(78656K), 0.0066982 secs] 324019K->254902K(522896K), 0.0067727 secs] [Times: user=0.00 sys=0.00, real=0.01 secs] 
3553.961: [GC (Allocation Failure) 3553.961: [ParNew: 72108K->1860K(78656K), 0.0071124 secs] 324854K->254652K(522896K), 0.0072029 secs] [Times: user=0.06 sys=0.00, real=0.01 secs] 
3557.224: [GC (Allocation Failure) 3557.224: [ParNew: 71812K->1765K(78656K), 0.0056884 secs] 324604K->254633K(522896K), 0.0057578 secs] [Times: user=0.00 sys=0.00, real=0.00 secs] 
3561.034: [GC (Allocation Failure) 3561.034: [ParNew: 71717K->1395K(78656K), 0.0048333 secs] 324585K->254307K(522896K), 0.0048972 secs] [Times: user=0.00 sys=0.00, real=0.00 secs] 
3562.317: [GC (Allocation Failure) 3562.317: [ParNew: 71347K->1026K(78656K), 0.0161608 secs] 324259K->253984K(522896K), 0.0163716 secs] [Times: user=0.06 sys=0.00, real=0.02 secs] 
3564.336: [GC (Allocation Failure) 3564.336: [ParNew: 70978K->1463K(78656K), 0.0067198 secs] 323936K->254456K(522896K), 0.0067903 secs] [Times: user=0.02 sys=0.00, real=0.01 secs] 
3566.665: [GC (Allocation Failure) 3566.665: [ParNew: 71415K->1356K(78656K), 0.0062807 secs] 324408K->254361K(522896K), 0.0063528 secs] [Times: user=0.06 sys=0.00, real=0.01 secs] 
3568.396: [GC (Allocation Failure) 3568.396: [ParNew: 71308K->2386K(78656K), 0.0059045 secs] 324313K->255399K(522896K), 0.0059945 secs] [Times: user=0.00 sys=0.00, real=0.01 secs] 
3569.854: [GC (Allocation Failure) 3569.854: [ParNew: 72338K->2582K(78656K), 0.0055318 secs] 325351K->255604K(522896K), 0.0056067 secs] [Times: user=0.06 sys=0.00, real=0.01 secs] 
3576.664: [GC (Allocation Failure) 3576.664: [ParNew: 72534K->2471K(78656K), 0.0053932 secs] 325556K->255504K(522896K), 0.0054607 secs] [Times: user=0.00 sys=0.00, real=0.01 secs] 
3578.610: [GC (Allocation Failure) 3578.610: [ParNew: 72423K->2835K(78656K), 0.0051520 secs] 325456K->255890K(522896K), 0.0052468 secs] [Times: user=0.00 sys=0.00, real=0.01 secs] 
3580.688: [GC (Allocation Failure) 3580.689: [ParNew: 72787K->2022K(78656K), 0.0061876 secs] 325842K->255089K(522896K), 0.0062573 secs] [Times: user=0.00 sys=0.00, real=0.01 secs] 
3584.581: [GC (Allocation Failure) 3584.581: [ParNew: 71974K->2604K(78656K), 0.0055625 secs] 325041K->255679K(522896K), 0.0056417 secs] [Times: user=0.00 sys=0.00, real=0.01 secs] 
3584.926: [GC (Allocation Failure) 3584.926: [ParNew: 72556K->3777K(78656K), 0.0064858 secs] 325631K->256939K(522896K), 0.0065686 secs] [Times: user=0.00 sys=0.00, real=0.01 secs] 
3595.812: [GC (Allocation Failure) 3595.812: [ParNew: 73729K->3808K(78656K), 0.0069428 secs] 326891K->257286K(522896K), 0.0070154 secs] [Times: user=0.00 sys=0.00, real=0.01 secs] 
3602.473: [GC (Allocation Failure) 3602.473: [ParNew: 73760K->3077K(78656K), 0.0063589 secs] 327238K->256583K(522896K), 0.0064159 secs] [Times: user=0.00 sys=0.00, real=0.01 secs] 
3603.853: [GC (Allocation Failure) 3603.853: [ParNew: 73016K->3722K(78656K), 0.0059539 secs] 326521K->257231K(522896K), 0.0060111 secs] [Times: user=0.05 sys=0.00, real=0.01 secs] 
3606.418: [GC (Allocation Failure) 3606.418: [ParNew: 73674K->6553K(78656K), 0.0119065 secs] 327183K->260095K(522896K), 0.0119750 secs] [Times: user=0.06 sys=0.00, real=0.01 secs] 
3606.984: [GC (Allocation Failure) 3606.984: [ParNew: 76505K->8704K(78656K), 0.0157517 secs] 330047K->265170K(522896K), 0.0158312 secs] [Times: user=0.05 sys=0.00, real=0.02 secs] 
3609.880: [GC (Allocation Failure) 3609.880: [ParNew: 78656K->7546K(78656K), 0.0167653 secs] 335122K->271182K(522896K), 0.0168484 secs] [Times: user=0.06 sys=0.00, real=0.02 secs] 
3617.357: [GC (Allocation Failure) 3617.357: [ParNew: 77498K->5157K(78656K), 0.0086622 secs] 341134K->268792K(522896K), 0.0087583 secs] [Times: user=0.06 sys=0.00, real=0.01 secs] 
3617.923: [GC (Allocation Failure) 3617.923: [ParNew: 75109K->8526K(78656K), 0.0096399 secs] 338744K->272161K(522896K), 0.0097256 secs] [Times: user=0.00 sys=0.00, real=0.01 secs] 
3620.675: [GC (Allocation Failure) 3620.675: [ParNew: 78478K->6590K(78656K), 0.0115191 secs] 342113K->273439K(522896K), 0.0115807 secs] [Times: user=0.02 sys=0.00, real=0.01 secs] 
3623.668: [GC (Allocation Failure) 3623.668: [ParNew: 76542K->5307K(78656K), 0.0098098 secs] 343391K->275063K(522896K), 0.0098685 secs] [Times: user=0.05 sys=0.00, real=0.01 secs] 
3630.748: [GC (Allocation Failure) 3630.748: [ParNew: 75248K->4781K(78656K), 0.0142261 secs] 345004K->274538K(522896K), 0.0143741 secs] [Times: user=0.05 sys=0.00, real=0.01 secs] 
3779.319: [GC (Allocation Failure) 3779.319: [ParNew: 74733K->3950K(78656K), 0.0195193 secs] 344490K->273706K(522896K), 0.0198907 secs] [Times: user=0.06 sys=0.00, real=0.02 secs] 
3829.375: [GC (Allocation Failure) 3829.375: [ParNew: 73902K->4140K(78656K), 0.0114879 secs] 343658K->273896K(522896K), 0.0115851 secs] [Times: user=0.00 sys=0.00, real=0.01 secs] 
3860.701: [GC (Allocation Failure) 3860.701: [ParNew: 74092K->4084K(78656K), 0.0213818 secs] 343848K->273840K(522896K), 0.0217031 secs] [Times: user=0.13 sys=0.00, real=0.02 secs] 
3864.828: [GC (Allocation Failure) 3864.828: [ParNew: 74036K->3818K(78656K), 0.0118434 secs] 343792K->273962K(522896K), 0.0119660 secs] [Times: user=0.00 sys=0.00, real=0.01 secs] 
4007.144: [GC (Allocation Failure) 4007.144: [ParNew: 73770K->2598K(78656K), 0.0139336 secs] 343914K->273820K(522896K), 0.0140195 secs] [Times: user=0.05 sys=0.00, real=0.01 secs] 
4122.576: [GC (Allocation Failure) 4122.576: [ParNew: 72550K->2004K(78656K), 0.0177228 secs] 343772K->273771K(522896K), 0.0179410 secs] [Times: user=0.08 sys=0.00, real=0.02 secs] 
4128.521: [GC (Allocation Failure) 4128.521: [ParNew: 71956K->6101K(78656K), 0.0081338 secs] 343723K->277870K(522896K), 0.0081969 secs] [Times: user=0.00 sys=0.00, real=0.01 secs] 
4132.614: [GC (Allocation Failure) 4132.614: [ParNew: 76053K->8704K(78656K), 0.0199510 secs] 347822K->287521K(522896K), 0.0200248 secs] [Times: user=0.06 sys=0.00, real=0.02 secs] 
4133.042: [GC (Allocation Failure) 4133.042: [ParNew: 78656K->7323K(78656K), 0.0167511 secs] 357473K->294839K(522896K), 0.0168332 secs] [Times: user=0.06 sys=0.00, real=0.02 secs] 
4133.393: [GC (Allocation Failure) 4133.393: [ParNew: 77258K->4542K(78656K), 0.0070688 secs] 364775K->292058K(522896K), 0.0071588 secs] [Times: user=0.00 sys=0.00, real=0.01 secs] 
4133.800: [GC (Allocation Failure) 4133.800: [ParNew: 74494K->6872K(78656K), 0.0058689 secs] 362010K->294388K(522896K), 0.0059303 secs] [Times: user=0.00 sys=0.00, real=0.01 secs] 
4139.194: [GC (Allocation Failure) 4139.194: [ParNew: 76824K->7961K(78656K), 0.0111492 secs] 364340K->297553K(522896K), 0.0112243 secs] [Times: user=0.06 sys=0.00, real=0.01 secs] 
4139.665: [GC (Allocation Failure) 4139.665: [ParNew: 77913K->7937K(78656K), 0.0195366 secs] 367505K->299882K(522896K), 0.0196045 secs] [Times: user=0.06 sys=0.00, real=0.02 secs] 
4140.147: [GC (Allocation Failure) 4140.147: [ParNew: 77889K->5722K(78656K), 0.0075218 secs] 369834K->297668K(522896K), 0.0075876 secs] [Times: user=0.06 sys=0.00, real=0.01 secs] 
4140.736: [GC (Allocation Failure) 4140.736: [ParNew: 75674K->8704K(78656K), 0.0306605 secs] 367620K->314789K(522896K), 0.0307315 secs] [Times: user=0.08 sys=0.00, real=0.03 secs] 
4143.820: [GC (Allocation Failure) 4143.820: [ParNew: 78656K->8704K(78656K), 0.0232788 secs] 384741K->323455K(522896K), 0.0233607 secs] [Times: user=0.08 sys=0.00, real=0.02 secs] 
4150.652: [GC (Allocation Failure) 4150.652: [ParNew: 78656K->8704K(78656K), 0.0160125 secs] 393407K->330023K(522896K), 0.0160675 secs] [Times: user=0.06 sys=0.00, real=0.02 secs] 
4161.599: [GC (Allocation Failure) 4161.599: [ParNew: 78656K->8704K(78656K), 0.0205503 secs] 399975K->337354K(522896K), 0.0206233 secs] [Times: user=0.06 sys=0.00, real=0.02 secs] 
4169.738: [GC (Allocation Failure) 4169.738: [ParNew: 78656K->5117K(78656K), 0.0064425 secs] 407306K->333767K(522896K), 0.0065301 secs] [Times: user=0.00 sys=0.00, real=0.01 secs] 
4205.391: [GC (Allocation Failure) 4205.391: [ParNew: 75037K->6106K(78656K), 0.0120573 secs] 403687K->334756K(522896K), 0.0121662 secs] [Times: user=0.00 sys=0.00, real=0.01 secs] 
4226.495: [GC (Allocation Failure) 4226.495: [ParNew: 76058K->7987K(78656K), 0.0148425 secs] 404708K->336637K(522896K), 0.0149462 secs] [Times: user=0.06 sys=0.00, real=0.02 secs] 
4274.665: [GC (Allocation Failure) 4274.665: [ParNew: 77939K->6699K(78656K), 0.0219578 secs] 406589K->338173K(522896K), 0.0220730 secs] [Times: user=0.06 sys=0.00, real=0.02 secs] 
4386.911: [GC (Allocation Failure) 4386.911: [ParNew: 76651K->4743K(78656K), 0.0073913 secs] 408125K->336217K(522896K), 0.0074811 secs] [Times: user=0.00 sys=0.00, real=0.01 secs] 
4411.580: [GC (Allocation Failure) 4411.581: [ParNew: 74695K->3007K(78656K), 0.0080442 secs] 406169K->334482K(522896K), 0.0081611 secs] [Times: user=0.00 sys=0.00, real=0.01 secs] 
4423.759: [GC (Allocation Failure) 4423.759: [ParNew: 72959K->1867K(78656K), 0.0076365 secs] 404434K->333436K(522896K), 0.0077488 secs] [Times: user=0.06 sys=0.00, real=0.01 secs] 
4441.888: [GC (Allocation Failure) 4441.888: [ParNew: 48739K->1197K(78656K), 0.0056265 secs] 380308K->332862K(522896K), 0.0056922 secs] [Times: user=0.06 sys=0.00, real=0.01 secs] 
4441.961: [GC (Allocation Failure) 4441.961: [ParNew: 41300K->3010K(78656K), 0.0151496 secs] 372965K->369681K(522896K), 0.0152271 secs] [Times: user=0.02 sys=0.00, real=0.02 secs] 
4445.521: [GC (Allocation Failure) 4445.521: [ParNew: 72962K->3403K(78656K), 0.0202656 secs] 439633K->404897K(557640K), 0.0203420 secs] [Times: user=0.05 sys=0.01, real=0.02 secs] 
4445.542: [GC (CMS Initial Mark) [1 CMS-initial-mark: 401493K(478984K)] 404897K(557640K), 0.0082468 secs] [Times: user=0.06 sys=0.00, real=0.01 secs] 
4445.550: [CMS-concurrent-mark-start]
4445.837: [CMS-concurrent-mark: 0.287/0.287 secs] [Times: user=0.52 sys=0.02, real=0.29 secs] 
4445.837: [CMS-concurrent-preclean-start]
4445.844: [CMS-concurrent-preclean: 0.007/0.007 secs] [Times: user=0.01 sys=0.00, real=0.01 secs] 
4445.844: [CMS-concurrent-abortable-preclean-start]
4450.554: [CMS-concurrent-abortable-preclean: 1.033/4.710 secs] [Times: user=2.61 sys=0.55, real=4.71 secs] 
4450.555: [GC (CMS Final Remark) [YG occupancy: 39208 K (78656 K)]4450.555: [Rescan (parallel) , 0.0571727 secs]4450.612: [weak refs processing, 0.0193941 secs]4450.631: [class unloading, 0.1082070 secs]4450.739: [scrub symbol table, 0.0712687 secs]4450.811: [scrub string table, 0.0035435 secs][1 CMS-remark: 401493K(478984K)] 440702K(557640K), 0.3029642 secs] [Times: user=0.47 sys=0.00, real=0.30 secs] 
4450.858: [CMS-concurrent-sweep-start]
4450.986: [CMS-concurrent-sweep: 0.127/0.128 secs] [Times: user=0.19 sys=0.02, real=0.13 secs] 
4450.986: [CMS-concurrent-reset-start]
4450.988: [CMS-concurrent-reset: 0.002/0.002 secs] [Times: user=0.00 sys=0.00, real=0.00 secs] 
4459.108: [GC (Allocation Failure) 4459.108: [ParNew: 73355K->3984K(78656K), 0.0216114 secs] 264980K->195770K(557640K), 0.0218592 secs] [Times: user=0.08 sys=0.00, real=0.02 secs] 
4467.638: [GC (Allocation Failure) 4467.638: [ParNew: 73936K->4397K(78656K), 0.0072370 secs] 265722K->196308K(557640K), 0.0073392 secs] [Times: user=0.06 sys=0.00, real=0.01 secs] 
4563.604: [GC (Allocation Failure) 4563.604: [ParNew: 74349K->6625K(78656K), 0.0083733 secs] 266260K->198551K(557640K), 0.0084675 secs] [Times: user=0.06 sys=0.00, real=0.01 secs] 
4661.737: [GC (Allocation Failure) 4661.737: [ParNew: 76577K->3124K(78656K), 0.0260729 secs] 268503K->197118K(557640K), 0.0263172 secs] [Times: user=0.06 sys=0.00, real=0.03 secs] 
4692.816: [GC (Allocation Failure) 4692.816: [ParNew: 73076K->2283K(78656K), 0.0080191 secs] 267070K->196278K(557640K), 0.0081194 secs] [Times: user=0.00 sys=0.00, real=0.01 secs] 
4764.309: [GC (Allocation Failure) 4764.309: [ParNew: 72235K->1890K(78656K), 0.0067338 secs] 266230K->195885K(557640K), 0.0068342 secs] [Times: user=0.06 sys=0.00, real=0.01 secs] 
4793.939: [GC (Allocation Failure) 4793.939: [ParNew: 71842K->1574K(78656K), 0.0084964 secs] 265837K->195718K(557640K), 0.0086278 secs] [Times: user=0.00 sys=0.00, real=0.01 secs] 
4797.719: [GC (Allocation Failure) 4797.719: [ParNew: 71526K->2147K(78656K), 0.0088985 secs] 265670K->196320K(557640K), 0.0089693 secs] [Times: user=0.00 sys=0.00, real=0.01 secs] 
4943.129: [GC (Allocation Failure) 4943.129: [ParNew: 72099K->4211K(78656K), 0.0204435 secs] 266272K->198406K(557640K), 0.0206462 secs] [Times: user=0.06 sys=0.00, real=0.02 secs] 
5439.027: [GC (Allocation Failure) 5439.027: [ParNew: 74163K->2977K(78656K), 0.0088955 secs] 268358K->197180K(557640K), 0.0089677 secs] [Times: user=0.06 sys=0.00, real=0.01 secs] 
5727.413: [GC (Allocation Failure) 5727.413: [ParNew: 72929K->1980K(78656K), 0.0109363 secs] 267132K->196195K(557640K), 0.0112390 secs] [Times: user=0.06 sys=0.00, real=0.01 secs] 
5735.322: [GC (Allocation Failure) 5735.322: [ParNew: 71932K->1475K(78656K), 0.0052970 secs] 266147K->195714K(557640K), 0.0053668 secs] [Times: user=0.02 sys=0.00, real=0.01 secs] 
5980.441: [GC (Allocation Failure) 5980.441: [ParNew: 71427K->1219K(78656K), 0.0081343 secs] 265666K->195868K(557640K), 0.0082040 secs] [Times: user=0.00 sys=0.00, real=0.01 secs] 
6219.139: [GC (Allocation Failure) 6219.139: [ParNew: 71171K->620K(78656K), 0.0078608 secs] 265820K->195312K(557640K), 0.0079214 secs] [Times: user=0.06 sys=0.00, real=0.01 secs] 
6806.436: [GC (Allocation Failure) 6806.436: [ParNew: 70572K->689K(78656K), 0.0082153 secs] 265264K->195726K(557640K), 0.0082732 secs] [Times: user=0.00 sys=0.00, real=0.01 secs] 
7038.093: [GC (Allocation Failure) 7038.093: [ParNew: 70641K->501K(78656K), 0.0128004 secs] 265678K->195540K(557640K), 0.0129850 secs] [Times: user=0.00 sys=0.00, real=0.01 secs] 
7289.627: [GC (Allocation Failure) 7289.628: [ParNew: 70453K->710K(78656K), 0.0184240 secs] 265492K->195751K(557640K), 0.0186828 secs] [Times: user=0.05 sys=0.00, real=0.02 secs] 
7561.195: [GC (Allocation Failure) 7561.195: [ParNew: 70662K->493K(78656K), 0.0101019 secs] 265703K->195534K(557640K), 0.0102344 secs] [Times: user=0.05 sys=0.00, real=0.01 secs] 
7777.562: [GC (Allocation Failure) 7777.562: [ParNew: 70445K->346K(78656K), 0.0049736 secs] 265486K->195390K(557640K), 0.0050341 secs] [Times: user=0.00 sys=0.00, real=0.00 secs] 
7957.557: [GC (Allocation Failure) 7957.557: [ParNew: 70298K->294K(78656K), 0.0049132 secs] 265342K->195339K(557640K), 0.0049737 secs] [Times: user=0.06 sys=0.00, real=0.00 secs] 
8050.988: [Full GC (System.gc()) 8050.988: [CMS: 195045K->145437K(478984K), 0.6995634 secs] 219708K->145437K(557640K), [Metaspace: 318854K->318854K(1341440K)], 0.7005548 secs] [Times: user=0.69 sys=0.02, real=0.70 secs] 
8505.620: [GC (Allocation Failure) 8505.620: [ParNew: 191680K->5048K(215616K), 0.0115701 secs] 337117K->150485K(694600K), 0.0116559 secs] [Times: user=0.06 sys=0.00, real=0.01 secs] 
8507.083: [GC (Allocation Failure) 8507.083: [ParNew: 196728K->5899K(215616K), 0.0081278 secs] 342165K->151337K(694600K), 0.0082090 secs] [Times: user=0.00 sys=0.00, real=0.01 secs] 
8508.246: [GC (Allocation Failure) 8508.246: [ParNew: 197579K->7050K(215616K), 0.0061628 secs] 343017K->152488K(694600K), 0.0062268 secs] [Times: user=0.06 sys=0.00, real=0.01 secs] 
8509.180: [GC (Allocation Failure) 8509.180: [ParNew: 198730K->7381K(215616K), 0.0063520 secs] 344168K->152819K(694600K), 0.0064079 secs] [Times: user=0.03 sys=0.00, real=0.01 secs] 
8510.045: [GC (Allocation Failure) 8510.045: [ParNew: 199061K->5903K(215616K), 0.0062674 secs] 344499K->151340K(694600K), 0.0063303 secs] [Times: user=0.06 sys=0.00, real=0.01 secs] 
8510.948: [GC (Allocation Failure) 8510.948: [ParNew: 197583K->6862K(215616K), 0.0060658 secs] 343020K->152300K(694600K), 0.0061206 secs] [Times: user=0.03 sys=0.01, real=0.01 secs] 
8511.843: [GC (Allocation Failure) 8511.844: [ParNew: 198542K->4485K(215616K), 0.0117116 secs] 343980K->153660K(694600K), 0.0117710 secs] [Times: user=0.00 sys=0.00, real=0.01 secs] 
8512.755: [GC (Allocation Failure) 8512.755: [ParNew: 196165K->1767K(215616K), 0.0048396 secs] 345340K->151368K(694600K), 0.0048948 secs] [Times: user=0.00 sys=0.00, real=0.01 secs] 
8513.735: [GC (Allocation Failure) 8513.735: [ParNew: 193447K->886K(215616K), 0.0046587 secs] 343048K->150516K(694600K), 0.0047092 secs] [Times: user=0.00 sys=0.00, real=0.00 secs] 
8514.636: [GC (Allocation Failure) 8514.636: [ParNew: 192566K->674K(215616K), 0.0048955 secs] 342196K->150609K(694600K), 0.0049624 secs] [Times: user=0.06 sys=0.00, real=0.00 secs] 
8515.681: [GC (Allocation Failure) 8515.681: [ParNew: 192346K->538K(215616K), 0.0047166 secs] 342281K->150505K(694600K), 0.0047738 secs] [Times: user=0.00 sys=0.00, real=0.00 secs] 
8516.607: [GC (Allocation Failure) 8516.607: [ParNew: 192218K->710K(215616K), 0.0050516 secs] 342185K->150706K(694600K), 0.0051649 secs] [Times: user=0.06 sys=0.00, real=0.01 secs] 
8517.507: [GC (Allocation Failure) 8517.507: [ParNew: 192390K->966K(215616K), 0.0049217 secs] 342386K->150995K(694600K), 0.0049750 secs] [Times: user=0.00 sys=0.00, real=0.00 secs] 
8518.463: [GC (Allocation Failure) 8518.463: [ParNew: 192646K->589K(215616K), 0.0047425 secs] 342675K->150644K(694600K), 0.0047951 secs] [Times: user=0.06 sys=0.00, real=0.01 secs] 
8519.343: [GC (Allocation Failure) 8519.343: [ParNew: 192269K->639K(215616K), 0.0048555 secs] 342324K->150719K(694600K), 0.0049104 secs] [Times: user=0.00 sys=0.00, real=0.01 secs] 
8520.375: [GC (Allocation Failure) 8520.375: [ParNew: 192319K->517K(215616K), 0.0048629 secs] 342399K->150651K(694600K), 0.0049311 secs] [Times: user=0.00 sys=0.00, real=0.01 secs] 
8521.419: [GC (Allocation Failure) 8521.419: [ParNew: 192197K->582K(215616K), 0.0048325 secs] 342331K->150747K(694600K), 0.0048825 secs] [Times: user=0.06 sys=0.00, real=0.00 secs] 
8522.292: [GC (Allocation Failure) 8522.292: [ParNew: 192262K->787K(215616K), 0.0048363 secs] 342427K->151037K(694600K), 0.0048940 secs] [Times: user=0.06 sys=0.00, real=0.01 secs] 
8523.228: [GC (Allocation Failure) 8523.228: [ParNew: 192467K->606K(215616K), 0.0047796 secs] 342717K->150885K(694600K), 0.0048317 secs] [Times: user=0.00 sys=0.00, real=0.00 secs] 
8524.123: [GC (Allocation Failure) 8524.123: [ParNew: 192286K->603K(215616K), 0.0046656 secs] 342565K->150913K(694600K), 0.0047556 secs] [Times: user=0.06 sys=0.00, real=0.01 secs] 
8525.002: [GC (Allocation Failure) 8525.002: [ParNew: 192283K->933K(215616K), 0.0048718 secs] 342593K->151275K(694600K), 0.0049256 secs] [Times: user=0.00 sys=0.00, real=0.01 secs] 
8526.068: [GC (Allocation Failure) 8526.068: [ParNew: 192613K->710K(215616K), 0.0048442 secs] 342955K->151086K(694600K), 0.0049130 secs] [Times: user=0.00 sys=0.00, real=0.01 secs] 
8526.992: [GC (Allocation Failure) 8526.992: [ParNew: 192390K->845K(215616K), 0.0050417 secs] 342766K->151253K(694600K), 0.0051147 secs] [Times: user=0.00 sys=0.00, real=0.01 secs] 
8527.451: [GC (Allocation Failure) 8527.451: [ParNew: 192525K->714K(215616K), 0.0051201 secs] 342933K->151151K(694600K), 0.0051923 secs] [Times: user=0.06 sys=0.00, real=0.00 secs] 
8527.818: [GC (Allocation Failure) 8527.818: [ParNew: 192394K->720K(215616K), 0.0046553 secs] 342831K->151186K(694600K), 0.0047249 secs] [Times: user=0.00 sys=0.00, real=0.01 secs] 
8528.158: [GC (Allocation Failure) 8528.158: [ParNew: 192400K->842K(215616K), 0.0048211 secs] 342866K->151409K(694600K), 0.0048789 secs] [Times: user=0.00 sys=0.00, real=0.00 secs] 
8528.516: [GC (Allocation Failure) 8528.516: [ParNew: 192522K->943K(215616K), 0.0051961 secs] 343089K->151538K(694600K), 0.0052791 secs] [Times: user=0.00 sys=0.00, real=0.01 secs] 
8529.002: [GC (Allocation Failure) 8529.002: [ParNew: 192623K->5853K(215616K), 0.0079825 secs] 343218K->156479K(694600K), 0.0080398 secs] [Times: user=0.00 sys=0.00, real=0.01 secs] 
8529.451: [GC (Allocation Failure) 8529.451: [ParNew: 197533K->7215K(215616K), 0.0070671 secs] 348159K->157885K(694600K), 0.0071397 secs] [Times: user=0.06 sys=0.00, real=0.01 secs] 
8529.887: [GC (Allocation Failure) 8529.887: [ParNew: 198895K->8772K(215616K), 0.0069771 secs] 349565K->159578K(694600K), 0.0070344 secs] [Times: user=0.06 sys=0.00, real=0.01 secs] 
8530.313: [GC (Allocation Failure) 8530.313: [ParNew: 200452K->9696K(215616K), 0.0081765 secs] 351258K->160557K(694600K), 0.0082392 secs] [Times: user=0.00 sys=0.00, real=0.01 secs] 
8530.742: [GC (Allocation Failure) 8530.742: [ParNew: 201376K->7925K(215616K), 0.0081068 secs] 352237K->158847K(694600K), 0.0081666 secs] [Times: user=0.05 sys=0.00, real=0.01 secs] 
8531.162: [GC (Allocation Failure) 8531.162: [ParNew: 199605K->8991K(215616K), 0.0090578 secs] 350527K->160005K(694600K), 0.0091208 secs] [Times: user=0.06 sys=0.00, real=0.01 secs] 
8531.587: [GC (Allocation Failure) 8531.587: [ParNew: 200671K->5806K(215616K), 0.0131005 secs] 351685K->161694K(694600K), 0.0131642 secs] [Times: user=0.06 sys=0.00, real=0.01 secs] 
8532.010: [GC (Allocation Failure) 8532.010: [ParNew: 197486K->1700K(215616K), 0.0067928 secs] 353374K->157694K(694600K), 0.0068499 secs] [Times: user=0.05 sys=0.00, real=0.01 secs] 
8532.453: [GC (Allocation Failure) 8532.453: [ParNew: 193380K->1558K(215616K), 0.0052133 secs] 349374K->157618K(694600K), 0.0052888 secs] [Times: user=0.00 sys=0.00, real=0.01 secs] 
8532.899: [GC (GCLocker Initiated GC) 8532.899: [ParNew: 193238K->1444K(215616K), 0.0048967 secs] 349298K->157540K(694600K), 0.0049648 secs] [Times: user=0.00 sys=0.00, real=0.01 secs] 
8533.351: [GC (Allocation Failure) 8533.351: [ParNew: 193124K->1160K(215616K), 0.0046224 secs] 349220K->157303K(694600K), 0.0046773 secs] [Times: user=0.00 sys=0.00, real=0.01 secs] 
8533.763: [GC (Allocation Failure) 8533.763: [ParNew: 192840K->1400K(215616K), 0.0052208 secs] 348983K->157598K(694600K), 0.0053401 secs] [Times: user=0.06 sys=0.00, real=0.01 secs] 
8534.187: [GC (Allocation Failure) 8534.187: [ParNew: 193080K->1518K(215616K), 0.0048666 secs] 349278K->157771K(694600K), 0.0049241 secs] [Times: user=0.00 sys=0.00, real=0.01 secs] 
8534.654: [GC (GCLocker Initiated GC) 8534.654: [ParNew: 193198K->1303K(215616K), 0.0049821 secs] 349451K->157584K(694600K), 0.0050479 secs] [Times: user=0.06 sys=0.00, real=0.00 secs] 
8535.065: [GC (Allocation Failure) 8535.065: [ParNew: 192983K->1596K(215616K), 0.0051628 secs] 349264K->157912K(694600K), 0.0052291 secs] [Times: user=0.00 sys=0.00, real=0.01 secs] 
8535.473: [GC (Allocation Failure) 8535.473: [ParNew: 193276K->1458K(215616K), 0.0066453 secs] 349592K->157825K(694600K), 0.0067004 secs] [Times: user=0.00 sys=0.00, real=0.01 secs] 
8535.900: [GC (Allocation Failure) 8535.900: [ParNew: 193138K->1239K(215616K), 0.0050762 secs] 349505K->157652K(694600K), 0.0051488 secs] [Times: user=0.03 sys=0.00, real=0.01 secs] 
8536.336: [GC (Allocation Failure) 8536.336: [ParNew: 192919K->1333K(215616K), 0.0056149 secs] 349332K->157813K(694600K), 0.0056966 secs] [Times: user=0.00 sys=0.00, real=0.01 secs] 
8536.748: [GC (Allocation Failure) 8536.748: [ParNew: 193013K->1361K(215616K), 0.0050890 secs] 349493K->157896K(694600K), 0.0051454 secs] [Times: user=0.06 sys=0.00, real=0.01 secs] 
8537.195: [GC (Allocation Failure) 8537.195: [ParNew: 193041K->1193K(215616K), 0.0050835 secs] 349576K->157820K(694600K), 0.0051634 secs] [Times: user=0.00 sys=0.00, real=0.01 secs] 
8537.617: [GC (Allocation Failure) 8537.617: [ParNew: 192873K->1109K(215616K), 0.0048957 secs] 349500K->157790K(694600K), 0.0049535 secs] [Times: user=0.00 sys=0.00, real=0.01 secs] 
8538.016: [GC (Allocation Failure) 8538.017: [ParNew: 192789K->1355K(215616K), 0.0052802 secs] 349470K->158091K(694600K), 0.0054734 secs] [Times: user=0.00 sys=0.00, real=0.01 secs] 
8538.416: [GC (Allocation Failure) 8538.416: [ParNew: 193035K->1597K(215616K), 0.0049248 secs] 349771K->158358K(694600K), 0.0049807 secs] [Times: user=0.06 sys=0.00, real=0.01 secs] 
8538.828: [GC (Allocation Failure) 8538.828: [ParNew: 193277K->1202K(215616K), 0.0050275 secs] 350038K->157969K(694600K), 0.0050808 secs] [Times: user=0.00 sys=0.00, real=0.01 secs] 
8538.834: [GC (GCLocker Initiated GC) 8538.834: [ParNew: 2495K->1278K(215616K), 0.0050820 secs] 159262K->158147K(694600K), 0.0051297 secs] [Times: user=0.00 sys=0.00, real=0.00 secs] 
8539.249: [GC (Allocation Failure) 8539.250: [ParNew: 192958K->911K(215616K), 0.0050609 secs] 349827K->157832K(694600K), 0.0051404 secs] [Times: user=0.00 sys=0.00, real=0.01 secs] 
8539.696: [GC (Allocation Failure) 8539.696: [ParNew: 192591K->1084K(215616K), 0.0048533 secs] 349512K->158034K(694600K), 0.0049115 secs] [Times: user=0.00 sys=0.00, real=0.01 secs] 
8540.092: [GC (Allocation Failure) 8540.092: [ParNew: 192764K->1115K(215616K), 0.0048164 secs] 349714K->158118K(694600K), 0.0048709 secs] [Times: user=0.06 sys=0.00, real=0.01 secs] 
8540.511: [GC (Allocation Failure) 8540.511: [ParNew: 192795K->1519K(215616K), 0.0054333 secs] 349798K->158567K(694600K), 0.0054995 secs] [Times: user=0.06 sys=0.00, real=0.01 secs] 
8540.907: [GC (Allocation Failure) 8540.907: [ParNew: 193199K->1216K(215616K), 0.0049569 secs] 350247K->158299K(694600K), 0.0050154 secs] [Times: user=0.00 sys=0.00, real=0.01 secs] 
8541.312: [GC (Allocation Failure) 8541.312: [ParNew: 192896K->1535K(215616K), 0.0050920 secs] 349979K->158619K(694600K), 0.0051518 secs] [Times: user=0.00 sys=0.00, real=0.00 secs] 
8541.702: [GC (Allocation Failure) 8541.702: [ParNew: 193215K->1710K(215616K), 0.0059032 secs] 350299K->158827K(694600K), 0.0059716 secs] [Times: user=0.00 sys=0.00, real=0.01 secs] 
8542.105: [GC (Allocation Failure) 8542.105: [ParNew: 193390K->1525K(215616K), 0.0050078 secs] 350507K->158682K(694600K), 0.0050609 secs] [Times: user=0.06 sys=0.00, real=0.00 secs] 
8615.743: [GC (Allocation Failure) 8615.743: [ParNew: 193205K->4739K(215616K), 0.0138762 secs] 350362K->161929K(694600K), 0.0140441 secs] [Times: user=0.06 sys=0.00, real=0.01 secs] 
8885.045: [GC (Allocation Failure) 8885.045: [ParNew: 196419K->6393K(215616K), 0.0089337 secs] 353609K->163761K(694600K), 0.0090169 secs] [Times: user=0.06 sys=0.00, real=0.01 secs] 
9152.096: [GC (Allocation Failure) 9152.096: [ParNew: 198073K->3782K(215616K), 0.0102632 secs] 355441K->161190K(694600K), 0.0105375 secs] [Times: user=0.00 sys=0.00, real=0.01 secs] 
9387.133: [GC (Allocation Failure) 9387.134: [ParNew: 195462K->2704K(215616K), 0.0170164 secs] 352870K->160265K(694600K), 0.0171375 secs] [Times: user=0.06 sys=0.00, real=0.02 secs] 
9656.267: [GC (Allocation Failure) 9656.267: [ParNew: 194384K->3051K(215616K), 0.0079178 secs] 351945K->160621K(694600K), 0.0079729 secs] [Times: user=0.00 sys=0.00, real=0.01 secs] 
9844.059: [GC (Allocation Failure) 9844.059: [ParNew: 194731K->4941K(215616K), 0.0065860 secs] 352301K->162518K(694600K), 0.0066520 secs] [Times: user=0.06 sys=0.00, real=0.01 secs] 
10120.232: [GC (Allocation Failure) 10120.232: [ParNew: 196621K->4833K(215616K), 0.0090460 secs] 354198K->163774K(694600K), 0.0091300 secs] [Times: user=0.06 sys=0.00, real=0.01 secs] 
10170.647: [GC (Allocation Failure) 10170.647: [ParNew: 196513K->11012K(215616K), 0.0128098 secs] 355454K->169956K(694600K), 0.0128779 secs] [Times: user=0.06 sys=0.00, real=0.01 secs] 
10517.225: [GC (Allocation Failure) 10517.225: [ParNew: 202692K->13407K(215616K), 0.0258292 secs] 361636K->172351K(694600K), 0.0259600 secs] [Times: user=0.13 sys=0.00, real=0.03 secs] 
11104.848: [GC (Allocation Failure) 11104.849: [ParNew: 205087K->8423K(215616K), 0.0105742 secs] 364031K->167367K(694600K), 0.0107528 secs] [Times: user=0.05 sys=0.00, real=0.01 secs] 
11495.148: [GC (Allocation Failure) 11495.148: [ParNew: 200103K->6553K(215616K), 0.0118983 secs] 359047K->165503K(694600K), 0.0119847 secs] [Times: user=0.06 sys=0.00, real=0.01 secs] 
11651.689: [Full GC (System.gc()) 11651.689: [CMS: 158950K->147629K(478984K), 0.6436105 secs] 187185K->147629K(694600K), [Metaspace: 319555K->319555K(1343488K)], 0.6442419 secs] [Times: user=0.63 sys=0.01, real=0.64 secs] 
12472.419: [GC (Allocation Failure) 12472.419: [ParNew: 191744K->4836K(215680K), 0.0091270 secs] 339373K->152466K(694664K), 0.0092127 secs] [Times: user=0.03 sys=0.00, real=0.01 secs] 
12684.048: [GC (Allocation Failure) 12684.048: [ParNew: 196580K->1704K(215680K), 0.0093889 secs] 344210K->149333K(694664K), 0.0095486 secs] [Times: user=0.00 sys=0.00, real=0.01 secs] 
13241.252: [GC (Allocation Failure) 13241.252: [ParNew: 193448K->510K(215680K), 0.0083951 secs] 341077K->148139K(694664K), 0.0085438 secs] [Times: user=0.00 sys=0.00, real=0.01 secs] 
14018.829: [GC (Allocation Failure) 14018.829: [ParNew: 192254K->733K(215680K), 0.0081502 secs] 339883K->148363K(694664K), 0.0082167 secs] [Times: user=0.00 sys=0.00, real=0.01 secs] 
15252.334: [Full GC (System.gc()) 15252.335: [CMS: 147629K->147114K(478984K), 0.6932893 secs] 322881K->147114K(694664K), [Metaspace: 319053K->319053K(1343488K)], 0.6937499 secs] [Times: user=0.69 sys=0.00, real=0.69 secs] 
17130.040: [GC (Allocation Failure) 17130.040: [ParNew: 191680K->511K(215616K), 0.0141759 secs] 338794K->147625K(694600K), 0.0144591 secs] [Times: user=0.06 sys=0.00, real=0.01 secs] 
18696.481: [GC (Allocation Failure) 18696.481: [ParNew: 192191K->408K(215616K), 0.0066943 secs] 339305K->147523K(694600K), 0.0068490 secs] [Times: user=0.05 sys=0.00, real=0.01 secs] 
18853.028: [Full GC (System.gc()) 18853.028: [CMS: 147114K->146421K(478984K), 0.5230322 secs] 184290K->146421K(694600K), [Metaspace: 318979K->318979K(1343488K)], 0.5231776 secs] [Times: user=0.52 sys=0.01, real=0.52 secs] 
240626.829: [GC (Allocation Failure) 240626.829: [ParNew: 191680K->1219K(215616K), 0.0083570 secs] 338101K->147640K(694600K), 0.0084388 secs] [Times: user=0.05 sys=0.00, real=0.01 secs] 
240675.324: [GC (Allocation Failure) 240675.324: [ParNew: 192899K->540K(215616K), 0.0050254 secs] 339320K->146962K(694600K), 0.0050923 secs] [Times: user=0.00 sys=0.00, real=0.01 secs] 
240754.942: [GC (Allocation Failure) 240754.942: [ParNew: 192220K->4391K(215616K), 0.0090164 secs] 338642K->150813K(694600K), 0.0091051 secs] [Times: user=0.06 sys=0.00, real=0.01 secs] 
240758.333: [GC (Allocation Failure) 240758.333: [ParNew: 196071K->12292K(215616K), 0.0129301 secs] 342493K->158713K(694600K), 0.0130110 secs] [Times: user=0.06 sys=0.00, real=0.01 secs] 
240763.546: [GC (Allocation Failure) 240763.546: [ParNew: 203972K->23936K(215616K), 0.0222385 secs] 350393K->171874K(694600K), 0.0223170 secs] [Times: user=0.05 sys=0.02, real=0.02 secs] 
240766.519: [GC (Allocation Failure) 240766.519: [ParNew: 215616K->23936K(215616K), 0.0465357 secs] 363554K->192785K(694600K), 0.0466338 secs] [Times: user=0.19 sys=0.00, real=0.05 secs] 
240788.618: [GC (Allocation Failure) 240788.618: [ParNew: 215616K->23936K(215616K), 0.0296155 secs] 384465K->206116K(694600K), 0.0297093 secs] [Times: user=0.06 sys=0.00, real=0.03 secs] 
240812.160: [GC (Allocation Failure) 240812.161: [ParNew: 215616K->12486K(215616K), 0.0091507 secs] 397796K->194666K(694600K), 0.0092310 secs] [Times: user=0.06 sys=0.00, real=0.01 secs] 
240837.338: [GC (Allocation Failure) 240837.338: [ParNew: 204166K->13113K(215616K), 0.0094148 secs] 386346K->195293K(694600K), 0.0095025 secs] [Times: user=0.00 sys=0.00, real=0.01 secs] 
240876.110: [GC (Allocation Failure) 240876.110: [ParNew: 204793K->13575K(215616K), 0.0105819 secs] 386973K->195756K(694600K), 0.0106896 secs] [Times: user=0.05 sys=0.00, real=0.01 secs] 
240912.142: [GC (Allocation Failure) 240912.142: [ParNew: 205255K->13782K(215616K), 0.0112064 secs] 387436K->195962K(694600K), 0.0112863 secs] [Times: user=0.06 sys=0.00, real=0.01 secs] 
240913.855: [GC (Allocation Failure) 240913.855: [ParNew: 205462K->23936K(215616K), 0.0184908 secs] 387642K->206490K(694600K), 0.0185801 secs] [Times: user=0.06 sys=0.00, real=0.02 secs] 
241049.549: [GC (Allocation Failure) 241049.549: [ParNew: 215616K->18550K(215616K), 0.0274168 secs] 398170K->220200K(694600K), 0.0275068 secs] [Times: user=0.13 sys=0.00, real=0.03 secs] 
241053.053: [GC (Allocation Failure) 241053.053: [ParNew: 210230K->19970K(215616K), 0.0169954 secs] 411880K->221620K(694600K), 0.0170965 secs] [Times: user=0.08 sys=0.00, real=0.02 secs] 
241054.984: [GC (Allocation Failure) 241054.984: [ParNew: 211650K->13890K(215616K), 0.0252310 secs] 413300K->231452K(694600K), 0.0253241 secs] [Times: user=0.11 sys=0.00, real=0.03 secs] 
241057.599: [GC (Allocation Failure) 241057.599: [ParNew: 205570K->3795K(215616K), 0.0055924 secs] 423132K->221358K(694600K), 0.0056776 secs] [Times: user=0.06 sys=0.00, real=0.01 secs] 
241065.624: [GC (Allocation Failure) 241065.624: [ParNew: 195475K->4858K(215616K), 0.0072103 secs] 413038K->222421K(694600K), 0.0072852 secs] [Times: user=0.00 sys=0.00, real=0.01 secs] 
241075.114: [GC (Allocation Failure) 241075.114: [ParNew: 196538K->14536K(215616K), 0.0135306 secs] 414101K->232098K(694600K), 0.0136207 secs] [Times: user=0.06 sys=0.00, real=0.01 secs] 
241076.955: [GC (Allocation Failure) 241076.955: [ParNew: 206216K->21469K(215616K), 0.0162091 secs] 423778K->239820K(694600K), 0.0163412 secs] [Times: user=0.06 sys=0.00, real=0.02 secs] 
241099.902: [GC (Allocation Failure) 241099.902: [ParNew: 213149K->17666K(215616K), 0.0146670 secs] 431500K->239681K(694600K), 0.0147470 secs] [Times: user=0.06 sys=0.00, real=0.02 secs] 
241107.158: [GC (Allocation Failure) 241107.158: [ParNew: 209346K->12837K(215616K), 0.0104701 secs] 431361K->234852K(694600K), 0.0105307 secs] [Times: user=0.06 sys=0.00, real=0.01 secs] 
241118.613: [GC (Allocation Failure) 241118.614: [ParNew: 204517K->19273K(215616K), 0.0118219 secs] 426532K->241289K(694600K), 0.0119566 secs] [Times: user=0.06 sys=0.00, real=0.01 secs] 
241121.915: [GC (Allocation Failure) 241121.915: [ParNew: 210953K->18153K(215616K), 0.0171853 secs] 432969K->242328K(694600K), 0.0172835 secs] [Times: user=0.05 sys=0.00, real=0.02 secs] 
241134.342: [GC (Allocation Failure) 241134.342: [ParNew: 209833K->15741K(215616K), 0.0128514 secs] 434008K->241028K(694600K), 0.0129331 secs] [Times: user=0.06 sys=0.00, real=0.01 secs] 
241137.683: [GC (Allocation Failure) 241137.683: [ParNew: 207421K->17570K(215616K), 0.0118316 secs] 432708K->242858K(694600K), 0.0119128 secs] [Times: user=0.03 sys=0.00, real=0.01 secs] 
241143.213: [GC (Allocation Failure) 241143.213: [ParNew: 209250K->15868K(215616K), 0.0132550 secs] 434538K->243861K(694600K), 0.0133540 secs] [Times: user=0.00 sys=0.00, real=0.01 secs] 
241148.715: [GC (Allocation Failure) 241148.716: [ParNew: 207548K->13247K(215616K), 0.0195861 secs] 435541K->241239K(694600K), 0.0197690 secs] [Times: user=0.06 sys=0.00, real=0.02 secs] 
241154.742: [GC (Allocation Failure) 241154.742: [ParNew: 204927K->15829K(215616K), 0.0096249 secs] 432919K->243821K(694600K), 0.0097194 secs] [Times: user=0.00 sys=0.00, real=0.01 secs] 
241156.526: [GC (Allocation Failure) 241156.526: [ParNew: 207509K->16634K(215616K), 0.0115808 secs] 435501K->245397K(694600K), 0.0116651 secs] [Times: user=0.00 sys=0.00, real=0.01 secs] 
241158.900: [GC (Allocation Failure) 241158.900: [ParNew: 208314K->16015K(215616K), 0.0149065 secs] 437077K->245406K(694600K), 0.0150030 secs] [Times: user=0.06 sys=0.00, real=0.02 secs] 
241171.547: [GC (Allocation Failure) 241171.547: [ParNew: 207695K->13918K(215616K), 0.0136005 secs] 437086K->244060K(694600K), 0.0137006 secs] [Times: user=0.06 sys=0.00, real=0.01 secs] 
241179.679: [GC (Allocation Failure) 241179.679: [ParNew: 205598K->11797K(215616K), 0.0114409 secs] 435740K->241949K(694600K), 0.0115462 secs] [Times: user=0.06 sys=0.00, real=0.01 secs] 
241186.989: [GC (Allocation Failure) 241186.989: [ParNew: 203477K->13901K(215616K), 0.0084975 secs] 433629K->244062K(694600K), 0.0085726 secs] [Times: user=0.06 sys=0.00, real=0.01 secs] 
241194.863: [GC (Allocation Failure) 241194.863: [ParNew: 205581K->13640K(215616K), 0.0100861 secs] 435742K->244869K(694600K), 0.0101488 secs] [Times: user=0.05 sys=0.00, real=0.01 secs] 
241199.038: [GC (Allocation Failure) 241199.038: [ParNew: 205320K->12784K(215616K), 0.0104561 secs] 436549K->244879K(694600K), 0.0105205 secs] [Times: user=0.06 sys=0.00, real=0.01 secs] 
241207.601: [GC (Allocation Failure) 241207.601: [ParNew: 204464K->12676K(215616K), 0.0086719 secs] 436559K->245510K(694600K), 0.0087415 secs] [Times: user=0.00 sys=0.00, real=0.01 secs] 
241214.158: [GC (Allocation Failure) 241214.158: [ParNew: 204356K->8975K(215616K), 0.0095215 secs] 437190K->241969K(694600K), 0.0096199 secs] [Times: user=0.06 sys=0.00, real=0.01 secs] 
241233.931: [GC (Allocation Failure) 241233.931: [ParNew: 200655K->9816K(215616K), 0.0081562 secs] 433649K->242837K(694600K), 0.0082853 secs] [Times: user=0.00 sys=0.00, real=0.01 secs] 
241238.257: [GC (Allocation Failure) 241238.257: [ParNew: 201496K->13740K(215616K), 0.0092937 secs] 434517K->246773K(694600K), 0.0093819 secs] [Times: user=0.06 sys=0.00, real=0.01 secs] 
241246.953: [GC (Allocation Failure) 241246.953: [ParNew: 205420K->12414K(215616K), 0.0081933 secs] 438453K->245538K(694600K), 0.0082727 secs] [Times: user=0.06 sys=0.00, real=0.01 secs] 
241256.683: [GC (Allocation Failure) 241256.683: [ParNew: 204094K->11952K(215616K), 0.0079911 secs] 437218K->245087K(694600K), 0.0080947 secs] [Times: user=0.00 sys=0.00, real=0.01 secs] 
241260.141: [GC (Allocation Failure) 241260.142: [ParNew: 203632K->11939K(215616K), 0.0097089 secs] 436767K->245125K(694600K), 0.0097857 secs] [Times: user=0.06 sys=0.00, real=0.01 secs] 
241268.756: [GC (Allocation Failure) 241268.756: [ParNew: 203619K->12149K(215616K), 0.0082683 secs] 436805K->245449K(694600K), 0.0083734 secs] [Times: user=0.06 sys=0.00, real=0.01 secs] 
241277.921: [GC (Allocation Failure) 241277.921: [ParNew: 203829K->11720K(215616K), 0.0079258 secs] 437129K->245046K(694600K), 0.0079935 secs] [Times: user=0.02 sys=0.00, real=0.01 secs] 
241286.773: [GC (Allocation Failure) 241286.773: [ParNew: 203400K->10963K(215616K), 0.0077415 secs] 436726K->245469K(694600K), 0.0078179 secs] [Times: user=0.06 sys=0.00, real=0.01 secs] 
241294.181: [GC (Allocation Failure) 241294.181: [ParNew: 202643K->8420K(215616K), 0.0117626 secs] 437149K->243053K(694600K), 0.0118460 secs] [Times: user=0.00 sys=0.00, real=0.01 secs] 
241299.405: [GC (Allocation Failure) 241299.405: [ParNew: 200100K->10750K(215616K), 0.0081867 secs] 434733K->245407K(694600K), 0.0082668 secs] [Times: user=0.02 sys=0.00, real=0.01 secs] 
241308.110: [GC (Allocation Failure) 241308.110: [ParNew: 202430K->10059K(215616K), 0.0133572 secs] 437087K->244733K(694600K), 0.0134575 secs] [Times: user=0.06 sys=0.00, real=0.01 secs] 
241323.653: [GC (Allocation Failure) 241323.653: [ParNew: 201672K->13415K(215616K), 0.0106036 secs] 436346K->248140K(694600K), 0.0106792 secs] [Times: user=0.06 sys=0.00, real=0.01 secs] 
241324.865: [GC (Allocation Failure) 241324.865: [ParNew: 205095K->23936K(215616K), 0.0466437 secs] 439820K->267213K(694600K), 0.0467128 secs] [Times: user=0.19 sys=0.00, real=0.05 secs] 
241329.945: [GC (Allocation Failure) 241329.945: [ParNew: 215616K->23936K(215616K), 0.0407348 secs] 458893K->285112K(694600K), 0.0407971 secs] [Times: user=0.13 sys=0.02, real=0.04 secs] 
241335.726: [GC (Allocation Failure) 241335.726: [ParNew: 215616K->23470K(215616K), 0.0319137 secs] 476792K->297446K(694600K), 0.0319788 secs] [Times: user=0.13 sys=0.00, real=0.03 secs] 
241339.587: [GC (Allocation Failure) 241339.587: [ParNew: 215150K->23936K(215616K), 0.0337071 secs] 489126K->304370K(694600K), 0.0338008 secs] [Times: user=0.11 sys=0.00, real=0.03 secs] 
241340.473: [GC (Allocation Failure) 241340.473: [ParNew: 215616K->23936K(215616K), 0.0548701 secs] 496050K->326870K(694600K), 0.0549321 secs] [Times: user=0.20 sys=0.00, real=0.05 secs] 
241346.892: [GC (Allocation Failure) 241346.892: [ParNew: 215616K->23936K(215616K), 0.0441646 secs] 518550K->344915K(694600K), 0.0442289 secs] [Times: user=0.17 sys=0.00, real=0.04 secs] 
241354.542: [GC (Allocation Failure) 241354.542: [ParNew: 215616K->14856K(215616K), 0.0117651 secs] 536595K->335835K(694600K), 0.0118201 secs] [Times: user=0.00 sys=0.00, real=0.01 secs] 
241359.685: [GC (Allocation Failure) 241359.685: [ParNew: 206536K->17107K(215616K), 0.0134326 secs] 527515K->338086K(694600K), 0.0134905 secs] [Times: user=0.06 sys=0.00, real=0.01 secs] 
241374.810: [GC (Allocation Failure) 241374.811: [ParNew: 208787K->16849K(215616K), 0.0215300 secs] 529766K->343053K(694600K), 0.0216231 secs] [Times: user=0.06 sys=0.00, real=0.02 secs] 
241389.109: [GC (Allocation Failure) 241389.109: [ParNew: 208529K->15147K(215616K), 0.0106009 secs] 534733K->341352K(694600K), 0.0106526 secs] [Times: user=0.05 sys=0.00, real=0.01 secs] 
241397.409: [GC (Allocation Failure) 241397.409: [ParNew: 206827K->16916K(215616K), 0.0133630 secs] 533032K->343120K(694600K), 0.0134286 secs] [Times: user=0.06 sys=0.00, real=0.01 secs] 
241455.442: [GC (Allocation Failure) 241455.442: [ParNew: 208596K->14770K(215616K), 0.0126939 secs] 534800K->342546K(694600K), 0.0127769 secs] [Times: user=0.06 sys=0.00, real=0.01 secs] 
241667.489: [GC (Allocation Failure) 241667.489: [ParNew: 206450K->12634K(215616K), 0.0124965 secs] 534226K->340410K(694600K), 0.0125897 secs] [Times: user=0.06 sys=0.00, real=0.01 secs] 
241942.047: [GC (Allocation Failure) 241942.047: [ParNew: 204314K->11766K(215616K), 0.0148106 secs] 532090K->339541K(694600K), 0.0149532 secs] [Times: user=0.06 sys=0.00, real=0.02 secs] 
242318.617: [GC (Allocation Failure) 242318.617: [ParNew: 203446K->11567K(215616K), 0.0193952 secs] 531221K->340242K(694600K), 0.0195302 secs] [Times: user=0.06 sys=0.00, real=0.02 secs] 
242898.646: [GC (Allocation Failure) 242898.646: [ParNew: 203247K->7104K(215616K), 0.0097775 secs] 531922K->336235K(694600K), 0.0098343 secs] [Times: user=0.06 sys=0.00, real=0.01 secs] 
243310.773: [GC (Allocation Failure) 243310.773: [ParNew: 198784K->4965K(215616K), 0.0104699 secs] 527915K->338187K(694600K), 0.0106043 secs] [Times: user=0.00 sys=0.00, real=0.01 secs] 
243722.086: [Full GC (System.gc()) 243722.086: [CMS: 333222K->151872K(478984K), 0.7834338 secs] 524722K->151872K(694600K), [Metaspace: 325758K->325758K(1349632K)], 0.7844222 secs] [Times: user=0.78 sys=0.00, real=0.78 secs] 
244283.459: [GC (Allocation Failure) 244283.459: [ParNew: 191680K->1904K(215616K), 0.0093814 secs] 343552K->153777K(694600K), 0.0094674 secs] [Times: user=0.06 sys=0.00, real=0.01 secs] 
244757.399: [GC (Allocation Failure) 244757.399: [ParNew: 193584K->6821K(215616K), 0.0168957 secs] 345457K->158694K(694600K), 0.0170728 secs] [Times: user=0.02 sys=0.00, real=0.02 secs] 
245069.865: [GC (Allocation Failure) 245069.865: [ParNew: 198501K->9695K(215616K), 0.0144754 secs] 350374K->161567K(694600K), 0.0146052 secs] [Times: user=0.06 sys=0.00, real=0.01 secs] 
245303.202: [GC (Allocation Failure) 245303.202: [ParNew: 201375K->20981K(215616K), 0.0474162 secs] 353247K->172853K(694600K), 0.0477062 secs] [Times: user=0.19 sys=0.00, real=0.05 secs] 
245931.384: [GC (Allocation Failure) 245931.385: [ParNew: 212661K->10552K(215616K), 0.0371483 secs] 364533K->167255K(694600K), 0.0373492 secs] [Times: user=0.13 sys=0.00, real=0.04 secs] 
246490.787: [GC (Allocation Failure) 246490.787: [ParNew: 202232K->8000K(215616K), 0.0148078 secs] 358935K->164704K(694600K), 0.0149437 secs] [Times: user=0.06 sys=0.00, real=0.01 secs] 
247146.165: [GC (Allocation Failure) 247146.165: [ParNew: 199675K->7995K(215616K), 0.0145384 secs] 356379K->164699K(694600K), 0.0147534 secs] [Times: user=0.02 sys=0.00, real=0.02 secs] 
247322.871: [Full GC (System.gc()) 247322.871: [CMS: 156703K->140410K(478984K), 1.0952932 secs] 208208K->140410K(694600K), [Metaspace: 324575K->324575K(1349632K)], 1.0958079 secs] [Times: user=1.03 sys=0.01, real=1.10 secs] 
247846.206: [GC (Allocation Failure) 247846.206: [ParNew: 191680K->23936K(215616K), 0.0246513 secs] 332090K->169058K(694600K), 0.0247773 secs] [Times: user=0.09 sys=0.00, real=0.03 secs] 
247846.688: [GC (Allocation Failure) 247846.688: [ParNew: 215616K->23676K(215616K), 0.0371056 secs] 360738K->190692K(694600K), 0.0371808 secs] [Times: user=0.13 sys=0.00, real=0.04 secs] 
247924.355: [GC (Allocation Failure) 247924.355: [ParNew: 215356K->19217K(215616K), 0.0144257 secs] 382372K->186233K(694600K), 0.0144939 secs] [Times: user=0.06 sys=0.00, real=0.01 secs] 
248061.648: [GC (Allocation Failure) 248061.648: [ParNew: 210897K->15860K(215616K), 0.0293356 secs] 377913K->192739K(694600K), 0.0294003 secs] [Times: user=0.13 sys=0.00, real=0.03 secs] 
249497.009: [GC (Allocation Failure) 249497.009: [ParNew: 207540K->11607K(215616K), 0.0150521 secs] 384419K->188486K(694600K), 0.0152584 secs] [Times: user=0.05 sys=0.00, real=0.02 secs] 
252186.499: [GC (Allocation Failure) 252186.499: [ParNew: 203287K->9607K(215616K), 0.0134927 secs] 380166K->186486K(694600K), 0.0136408 secs] [Times: user=0.00 sys=0.00, real=0.01 secs] 
252952.409: [Full GC (System.gc()) 252952.409: [CMS: 176878K->144809K(478984K), 1.5081842 secs] 350186K->144809K(694600K), [Metaspace: 324619K->324619K(1349632K)], 1.5088342 secs] [Times: user=1.50 sys=0.00, real=1.51 secs] 
253798.050: [GC (Allocation Failure) 253798.050: [ParNew: 191680K->1520K(215616K), 0.0140420 secs] 336489K->146329K(694600K), 0.0142419 secs] [Times: user=0.05 sys=0.00, real=0.01 secs] 
255057.743: [GC (Allocation Failure) 255057.743: [ParNew: 193200K->1130K(215616K), 0.0144591 secs] 338009K->145939K(694600K), 0.0146557 secs] [Times: user=0.06 sys=0.00, real=0.01 secs] 
256373.589: [GC (Allocation Failure) 256373.589: [ParNew: 192810K->1461K(215616K), 0.0122989 secs] 337619K->146271K(694600K), 0.0124182 secs] [Times: user=0.06 sys=0.00, real=0.01 secs] 
256553.927: [Full GC (System.gc()) 256553.927: [CMS: 144809K->144506K(478984K), 1.3114098 secs] 159665K->144506K(694600K), [Metaspace: 324335K->324335K(1349632K)], 1.3116480 secs] [Times: user=1.27 sys=0.00, real=1.31 secs] 
257390.658: [GC (Allocation Failure) 257390.658: [ParNew: 191680K->1158K(215616K), 0.0221133 secs] 336186K->145664K(694600K), 0.0223684 secs] [Times: user=0.03 sys=0.00, real=0.02 secs] 
257713.138: [GC (Allocation Failure) 257713.138: [ParNew: 192838K->22335K(215616K), 0.0246809 secs] 337344K->166841K(694600K), 0.0247752 secs] [Times: user=0.13 sys=0.00, real=0.02 secs] 
258105.538: [GC (Allocation Failure) 258105.538: [ParNew: 214015K->17966K(215616K), 0.0229485 secs] 358521K->175784K(694600K), 0.0230136 secs] [Times: user=0.06 sys=0.00, real=0.02 secs] 
258125.673: [GC (Allocation Failure) 258125.673: [ParNew: 209646K->20847K(215616K), 0.0587361 secs] 367464K->192030K(694600K), 0.0588709 secs] [Times: user=0.19 sys=0.00, real=0.06 secs] 
258139.067: [GC (Allocation Failure) 258139.067: [ParNew: 212527K->23936K(215616K), 0.0535584 secs] 383710K->221124K(694600K), 0.0536353 secs] [Times: user=0.16 sys=0.00, real=0.05 secs] 
258140.660: [GC (Allocation Failure) 258140.660: [ParNew: 215616K->23936K(215616K), 0.0792249 secs] 412804K->260435K(694600K), 0.0792986 secs] [Times: user=0.28 sys=0.00, real=0.08 secs] 
258142.197: [GC (Allocation Failure) 258142.197: [ParNew: 215616K->23936K(215616K), 0.0809152 secs] 452115K->303156K(694600K), 0.0809981 secs] [Times: user=0.31 sys=0.00, real=0.08 secs] 
258144.457: [GC (Allocation Failure) 258144.457: [ParNew: 215616K->23936K(215616K), 0.0593850 secs] 494836K->327369K(694600K), 0.0594856 secs] [Times: user=0.22 sys=0.00, real=0.06 secs] 
258145.467: [GC (Allocation Failure) 258145.467: [ParNew: 215616K->19310K(215616K), 0.0318172 secs] 519049K->337969K(694600K), 0.0319171 secs] [Times: user=0.13 sys=0.00, real=0.03 secs] 
258169.763: [GC (Allocation Failure) 258169.763: [ParNew: 210990K->9262K(215616K), 0.0138699 secs] 529649K->327921K(694600K), 0.0139925 secs] [Times: user=0.06 sys=0.00, real=0.01 secs] 
258219.518: [GC (Allocation Failure) 258219.518: [ParNew: 200942K->19487K(215616K), 0.0184219 secs] 519601K->338147K(694600K), 0.0185046 secs] [Times: user=0.06 sys=0.00, real=0.02 secs] 
258253.329: [GC (Allocation Failure) 258253.329: [ParNew: 211167K->13979K(215616K), 0.0775178 secs] 529827K->345367K(694600K), 0.0777109 secs] [Times: user=0.26 sys=0.00, real=0.08 secs] 
258265.978: [GC (Allocation Failure) 258265.978: [ParNew: 205659K->17164K(215616K), 0.0154007 secs] 537047K->348553K(694600K), 0.0154927 secs] [Times: user=0.06 sys=0.00, real=0.02 secs] 
258284.792: [GC (Allocation Failure) 258284.792: [ParNew: 208844K->14854K(215616K), 0.0201607 secs] 540233K->352972K(694600K), 0.0202397 secs] [Times: user=0.09 sys=0.00, real=0.02 secs] 
258296.885: [GC (Allocation Failure) 258296.885: [ParNew: 206534K->14798K(215616K), 0.0111194 secs] 544652K->352915K(694600K), 0.0112087 secs] [Times: user=0.06 sys=0.00, real=0.01 secs] 
258316.426: [GC (Allocation Failure) 258316.426: [ParNew: 206478K->13658K(215616K), 0.0139761 secs] 544595K->351775K(694600K), 0.0140825 secs] [Times: user=0.06 sys=0.00, real=0.01 secs] 
258335.801: [GC (Allocation Failure) 258335.801: [ParNew: 205338K->13658K(215616K), 0.0201909 secs] 543455K->351776K(694600K), 0.0202981 secs] [Times: user=0.06 sys=0.00, real=0.02 secs] 
258351.063: [GC (Allocation Failure) 258351.064: [ParNew: 205338K->15981K(215616K), 0.0173667 secs] 543456K->354098K(694600K), 0.0175444 secs] [Times: user=0.05 sys=0.00, real=0.02 secs] 
258371.031: [GC (Allocation Failure) 258371.031: [ParNew: 207661K->13903K(215616K), 0.0336518 secs] 545778K->352021K(694600K), 0.0338401 secs] [Times: user=0.11 sys=0.00, real=0.03 secs] 
258383.334: [GC (Allocation Failure) 258383.334: [ParNew: 205477K->16797K(215616K), 0.0443244 secs] 543594K->356013K(694600K), 0.0445459 secs] [Times: user=0.17 sys=0.00, real=0.04 secs] 
258419.674: [GC (Allocation Failure) 258419.674: [ParNew: 208477K->15791K(215616K), 0.0395760 secs] 547693K->356284K(694600K), 0.0397808 secs] [Times: user=0.13 sys=0.00, real=0.04 secs] 
258441.931: [GC (Allocation Failure) 258441.931: [ParNew: 207471K->11293K(215616K), 0.0323473 secs] 547964K->351787K(694600K), 0.0328152 secs] [Times: user=0.13 sys=0.00, real=0.03 secs] 
258460.097: [GC (Allocation Failure) 258460.097: [ParNew: 202973K->13103K(215616K), 0.0380246 secs] 543467K->353831K(694600K), 0.0382795 secs] [Times: user=0.09 sys=0.00, real=0.04 secs] 
258473.390: [GC (Allocation Failure) 258473.390: [ParNew: 204783K->13502K(215616K), 0.0328795 secs] 545511K->354315K(694600K), 0.0331409 secs] [Times: user=0.09 sys=0.00, real=0.03 secs] 
258489.402: [GC (Allocation Failure) 258489.402: [ParNew: 205182K->12723K(215616K), 0.0098415 secs] 545995K->354064K(694600K), 0.0099081 secs] [Times: user=0.06 sys=0.00, real=0.01 secs] 
258517.304: [GC (Allocation Failure) 258517.304: [ParNew: 204403K->11957K(215616K), 0.0307102 secs] 545744K->353458K(694600K), 0.0309354 secs] [Times: user=0.09 sys=0.00, real=0.03 secs] 
258568.466: [GC (Allocation Failure) 258568.466: [ParNew: 203637K->11363K(215616K), 0.0101535 secs] 545138K->352919K(694600K), 0.0102591 secs] [Times: user=0.06 sys=0.00, real=0.01 secs] 
258585.932: [GC (Allocation Failure) 258585.932: [ParNew: 203043K->14189K(215616K), 0.0213637 secs] 544599K->355861K(694600K), 0.0214752 secs] [Times: user=0.09 sys=0.00, real=0.02 secs] 
258597.280: [GC (Allocation Failure) 258597.280: [ParNew: 205869K->12054K(215616K), 0.0444958 secs] 547541K->355424K(694600K), 0.0446630 secs] [Times: user=0.16 sys=0.00, real=0.04 secs] 
258599.810: [GC (Allocation Failure) 258599.810: [ParNew: 203734K->22008K(215616K), 0.0156409 secs] 547104K->365642K(694600K), 0.0157038 secs] [Times: user=0.06 sys=0.00, real=0.01 secs] 
258600.174: [GC (Allocation Failure) 258600.174: [ParNew: 213688K->18351K(215616K), 0.0251555 secs] 557322K->368427K(694600K), 0.0252315 secs] [Times: user=0.05 sys=0.00, real=0.03 secs] 
258600.541: [GC (Allocation Failure) 258600.541: [ParNew: 210031K->14487K(215616K), 0.0096554 secs] 560107K->364563K(694600K), 0.0097343 secs] [Times: user=0.06 sys=0.00, real=0.01 secs] 
258601.730: [GC (Allocation Failure) 258601.730: [ParNew: 206167K->18641K(215616K), 0.0124448 secs] 556243K->368716K(694600K), 0.0125359 secs] [Times: user=0.06 sys=0.00, real=0.01 secs] 
258611.261: [GC (Allocation Failure) 258611.261: [ParNew: 210321K->19379K(215616K), 0.0144981 secs] 560396K->369455K(694600K), 0.0145944 secs] [Times: user=0.06 sys=0.00, real=0.01 secs] 
258614.414: [GC (Allocation Failure) 258614.414: [ParNew: 211059K->19132K(215616K), 0.0173870 secs] 561135K->372282K(694600K), 0.0174510 secs] [Times: user=0.06 sys=0.00, real=0.02 secs] 
258621.670: [GC (Allocation Failure) 258621.670: [ParNew: 210812K->14311K(215616K), 0.0142042 secs] 563962K->367461K(694600K), 0.0142868 secs] [Times: user=0.06 sys=0.00, real=0.01 secs] 
258643.556: [GC (Allocation Failure) 258643.556: [ParNew: 205991K->15506K(215616K), 0.0161720 secs] 559141K->368657K(694600K), 0.0163083 secs] [Times: user=0.06 sys=0.00, real=0.02 secs] 
258653.924: [GC (Allocation Failure) 258653.924: [ParNew: 207186K->13641K(215616K), 0.0195220 secs] 560337K->366798K(694600K), 0.0196245 secs] [Times: user=0.06 sys=0.00, real=0.02 secs] 
258656.747: [GC (Allocation Failure) 258656.747: [ParNew: 205321K->16561K(215616K), 0.0129731 secs] 558478K->370313K(694600K), 0.0130752 secs] [Times: user=0.06 sys=0.00, real=0.01 secs] 
258665.609: [GC (Allocation Failure) 258665.609: [ParNew: 208241K->13036K(215616K), 0.0343455 secs] 561993K->368165K(694600K), 0.0345409 secs] [Times: user=0.13 sys=0.00, real=0.03 secs] 
258670.738: [GC (Allocation Failure) 258670.739: [ParNew: 204716K->14546K(215616K), 0.0369728 secs] 559845K->370039K(694600K), 0.0372068 secs] [Times: user=0.13 sys=0.00, real=0.04 secs] 
258683.338: [GC (Allocation Failure) 258683.338: [ParNew: 206226K->14961K(215616K), 0.0121859 secs] 561719K->370591K(694600K), 0.0122517 secs] [Times: user=0.06 sys=0.00, real=0.01 secs] 
259276.110: [GC (Allocation Failure) 259276.110: [ParNew: 206641K->15788K(215616K), 0.0198433 secs] 562271K->371716K(694600K), 0.0199897 secs] [Times: user=0.05 sys=0.00, real=0.02 secs] 
259290.980: [GC (Allocation Failure) 259290.980: [ParNew: 207468K->19438K(215616K), 0.0186971 secs] 563396K->375709K(694600K), 0.0187725 secs] [Times: user=0.06 sys=0.00, real=0.02 secs] 
259328.355: [GC (Allocation Failure) 259328.355: [ParNew: 211118K->16493K(215616K), 0.0645177 secs] 567389K->376180K(694600K), 0.0647196 secs] [Times: user=0.20 sys=0.00, real=0.06 secs] 
259389.898: [GC (Allocation Failure) 259389.898: [ParNew: 208173K->23936K(215616K), 0.0260007 secs] 567860K->384482K(694600K), 0.0260874 secs] [Times: user=0.08 sys=0.00, real=0.03 secs] 
259398.800: [GC (Allocation Failure) 259398.800: [ParNew: 215616K->23936K(215616K), 0.0517486 secs] 576162K->402080K(694600K), 0.0518444 secs] [Times: user=0.19 sys=0.00, real=0.05 secs] 
259409.361: [GC (Allocation Failure) 259409.361: [ParNew: 215616K->17905K(215616K), 0.0240436 secs] 593760K->405177K(694600K), 0.0241194 secs] [Times: user=0.06 sys=0.00, real=0.02 secs] 
259410.061: [GC (Allocation Failure) 259410.062: [ParNew: 209585K->16553K(215616K), 0.0158584 secs] 596857K->403825K(694600K), 0.0159420 secs] [Times: user=0.09 sys=0.00, real=0.02 secs] 
259410.801: [GC (Allocation Failure) 259410.801: [ParNew: 208233K->12701K(215616K), 0.0306844 secs] 595505K->408587K(694600K), 0.0307803 secs] [Times: user=0.13 sys=0.00, real=0.03 secs] 
259414.453: [GC (Allocation Failure) 259414.453: [ParNew: 204381K->7599K(215616K), 0.0119242 secs] 600267K->403486K(694600K), 0.0120235 secs] [Times: user=0.00 sys=0.00, real=0.01 secs] 
259430.649: [GC (Allocation Failure) 259430.649: [ParNew: 199279K->13375K(215616K), 0.0202590 secs] 595166K->409261K(694600K), 0.0203816 secs] [Times: user=0.06 sys=0.00, real=0.02 secs] 
259459.645: [GC (Allocation Failure) 259459.645: [ParNew: 205055K->14947K(215616K), 0.0132374 secs] 600941K->410834K(694600K), 0.0133325 secs] [Times: user=0.05 sys=0.00, real=0.01 secs] 
259463.504: [GC (Allocation Failure) 259463.504: [ParNew: 206627K->15097K(215616K), 0.0212511 secs] 602514K->413351K(694600K), 0.0213392 secs] [Times: user=0.06 sys=0.00, real=0.02 secs] 
259464.624: [GC (GCLocker Initiated GC) 259464.624: [ParNew: 206777K->16214K(215616K), 0.0140878 secs] 605031K->414964K(694600K), 0.0141668 secs] [Times: user=0.00 sys=0.00, real=0.01 secs] 
259466.956: [GC (Allocation Failure) 259466.956: [ParNew: 207894K->23936K(215616K), 0.0261501 secs] 606644K->425036K(694600K), 0.0262645 secs] [Times: user=0.06 sys=0.00, real=0.03 secs] 
259468.865: [GC (Allocation Failure) 259468.865: [ParNew: 215616K->23936K(215616K), 0.0404954 secs] 616716K->439708K(694600K), 0.0406066 secs] [Times: user=0.14 sys=0.00, real=0.04 secs] 
259470.690: [GC (Allocation Failure) 259470.690: [ParNew: 215616K->17987K(215616K), 0.0443549 secs] 631388K->447869K(694600K), 0.0444551 secs] [Times: user=0.13 sys=0.02, real=0.04 secs] 
259470.735: [GC (CMS Initial Mark) [1 CMS-initial-mark: 429881K(478984K)] 447922K(694600K), 0.0096566 secs] [Times: user=0.00 sys=0.00, real=0.01 secs] 
259470.745: [CMS-concurrent-mark-start]
259471.311: [CMS-concurrent-mark: 0.566/0.566 secs] [Times: user=1.19 sys=0.03, real=0.57 secs] 
259471.312: [CMS-concurrent-preclean-start]
259471.327: [CMS-concurrent-preclean: 0.015/0.016 secs] [Times: user=0.03 sys=0.00, real=0.01 secs] 
259471.327: [CMS-concurrent-abortable-preclean-start]
 CMS: abort preclean due to time 259476.336: [CMS-concurrent-abortable-preclean: 4.141/5.009 secs] [Times: user=7.63 sys=0.22, real=5.01 secs] 
259476.337: [GC (CMS Final Remark) [YG occupancy: 143590 K (215616 K)]259476.337: [Rescan (parallel) , 0.1320098 secs]259476.469: [weak refs processing, 0.0053766 secs]259476.474: [class unloading, 0.1924132 secs]259476.667: [scrub symbol table, 0.1013281 secs]259476.768: [scrub string table, 0.0056511 secs][1 CMS-remark: 429881K(478984K)] 573471K(694600K), 0.4384287 secs] [Times: user=0.84 sys=0.00, real=0.44 secs] 
259476.775: [CMS-concurrent-sweep-start]
259477.158: [CMS-concurrent-sweep: 0.382/0.383 secs] [Times: user=0.42 sys=0.00, real=0.38 secs] 
259477.158: [CMS-concurrent-reset-start]
259477.161: [CMS-concurrent-reset: 0.003/0.003 secs] [Times: user=0.00 sys=0.00, real=0.00 secs] 
259484.853: [GC (Allocation Failure) 259484.853: [ParNew: 209667K->18712K(215616K), 0.0333285 secs] 426889K->235934K(694600K), 0.0334468 secs] [Times: user=0.13 sys=0.00, real=0.03 secs] 
259502.845: [GC (Allocation Failure) 259502.845: [ParNew: 210392K->16091K(215616K), 0.0180969 secs] 427614K->236534K(694600K), 0.0181758 secs] [Times: user=0.05 sys=0.00, real=0.02 secs] 
259514.822: [GC (Allocation Failure) 259514.822: [ParNew: 207771K->16296K(215616K), 0.0633988 secs] 428214K->244021K(694600K), 0.0636482 secs] [Times: user=0.25 sys=0.00, real=0.06 secs] 
259530.718: [GC (Allocation Failure) 259530.719: [ParNew: 207976K->18685K(215616K), 0.0118311 secs] 435701K->246410K(694600K), 0.0119124 secs] [Times: user=0.06 sys=0.00, real=0.01 secs] 
259543.789: [GC (Allocation Failure) 259543.789: [ParNew: 210341K->18279K(215616K), 0.0137526 secs] 438067K->248112K(694600K), 0.0138203 secs] [Times: user=0.05 sys=0.00, real=0.01 secs] 
259568.353: [GC (Allocation Failure) 259568.353: [ParNew: 209959K->16117K(215616K), 0.0130328 secs] 439792K->245951K(694600K), 0.0131201 secs] [Times: user=0.06 sys=0.00, real=0.01 secs] 
259575.724: [GC (Allocation Failure) 259575.724: [ParNew: 207797K->17162K(215616K), 0.0152277 secs] 437631K->250309K(694600K), 0.0152954 secs] [Times: user=0.06 sys=0.00, real=0.02 secs] 
259592.634: [GC (Allocation Failure) 259592.634: [ParNew: 208842K->17503K(215616K), 0.0116135 secs] 441989K->250650K(694600K), 0.0116947 secs] [Times: user=0.06 sys=0.00, real=0.01 secs] 
259593.137: [GC (Allocation Failure) 259593.137: [ParNew: 209183K->18798K(215616K), 0.0116801 secs] 442330K->254874K(694600K), 0.0117361 secs] [Times: user=0.06 sys=0.00, real=0.01 secs] 
259593.667: [GC (Allocation Failure) 259593.667: [ParNew: 210478K->14205K(215616K), 0.0103083 secs] 446554K->250281K(694600K), 0.0103824 secs] [Times: user=0.06 sys=0.00, real=0.01 secs] 
259594.102: [GC (Allocation Failure) 259594.102: [ParNew: 205885K->16963K(215616K), 0.0104406 secs] 441961K->253773K(694600K), 0.0105017 secs] [Times: user=0.06 sys=0.00, real=0.01 secs] 
259595.055: [GC (Allocation Failure) 259595.055: [ParNew: 208643K->10653K(215616K), 0.0135154 secs] 445453K->250293K(694600K), 0.0135900 secs] [Times: user=0.06 sys=0.00, real=0.01 secs] 
259595.069: [GC (GCLocker Initiated GC) 259595.069: [ParNew: 10653K->8359K(215616K), 0.0105966 secs] 250293K->249948K(694600K), 0.0106570 secs] [Times: user=0.06 sys=0.00, real=0.01 secs] 
259729.164: [GC (Allocation Failure) 259729.164: [ParNew: 200039K->8213K(215616K), 0.0101771 secs] 441628K->250875K(694600K), 0.0102323 secs] [Times: user=0.06 sys=0.00, real=0.01 secs] 
260179.051: [GC (Allocation Failure) 260179.051: [ParNew: 199893K->5578K(215616K), 0.0107530 secs] 442555K->250043K(694600K), 0.0108287 secs] [Times: user=0.00 sys=0.00, real=0.01 secs] 
260531.425: [GC (Allocation Failure) 260531.425: [ParNew: 197258K->4617K(215616K), 0.0099060 secs] 441723K->249095K(694600K), 0.0100103 secs] [Times: user=0.00 sys=0.00, real=0.01 secs] 
260580.904: [GC (Allocation Failure) 260580.904: [ParNew: 196297K->5532K(215616K), 0.0090139 secs] 440775K->250014K(694600K), 0.0091098 secs] [Times: user=0.06 sys=0.00, real=0.01 secs] 
260585.601: [GC (Allocation Failure) 260585.601: [ParNew: 197212K->7495K(215616K), 0.0086826 secs] 441694K->252399K(694600K), 0.0087463 secs] [Times: user=0.06 sys=0.00, real=0.01 secs] 
260586.873: [GC (Allocation Failure) 260586.873: [ParNew: 199175K->19207K(215616K), 0.0160359 secs] 444079K->264112K(694600K), 0.0161201 secs] [Times: user=0.06 sys=0.00, real=0.02 secs] 
260588.392: [GC (Allocation Failure) 260588.392: [ParNew: 210887K->23936K(215616K), 0.0254269 secs] 455792K->273688K(694600K), 0.0255144 secs] [Times: user=0.05 sys=0.00, real=0.03 secs] 
260589.115: [GC (Allocation Failure) 260589.115: [ParNew: 215616K->19542K(215616K), 0.0274354 secs] 465368K->283461K(694600K), 0.0275184 secs] [Times: user=0.08 sys=0.00, real=0.03 secs] 
260590.331: [GC (Allocation Failure) 260590.331: [ParNew: 211222K->18639K(215616K), 0.0187372 secs] 475141K->286088K(694600K), 0.0188268 secs] [Times: user=0.05 sys=0.00, real=0.02 secs] 
260612.928: [GC (Allocation Failure) 260612.928: [ParNew: 210319K->13765K(215616K), 0.0170321 secs] 477768K->290704K(694600K), 0.0171184 secs] [Times: user=0.06 sys=0.00, real=0.02 secs] 
260614.250: [GC (Allocation Failure) 260614.250: [ParNew: 205433K->18957K(215616K), 0.0156699 secs] 482371K->295896K(694600K), 0.0157622 secs] [Times: user=0.03 sys=0.00, real=0.02 secs] 
260661.787: [GC (Allocation Failure) 260661.787: [ParNew: 210637K->13725K(215616K), 0.0170315 secs] 487576K->301276K(694600K), 0.0171019 secs] [Times: user=0.06 sys=0.00, real=0.02 secs] 
260678.389: [GC (Allocation Failure) 260678.389: [ParNew: 205405K->10165K(215616K), 0.0102619 secs] 492956K->297717K(694600K), 0.0103218 secs] [Times: user=0.06 sys=0.00, real=0.01 secs] 
260693.475: [GC (Allocation Failure) 260693.475: [ParNew: 201845K->11445K(215616K), 0.0110204 secs] 489397K->298996K(694600K), 0.0110902 secs] [Times: user=0.06 sys=0.00, real=0.01 secs] 
260761.927: [GC (Allocation Failure) 260761.927: [ParNew: 203125K->11880K(215616K), 0.0157391 secs] 490676K->299431K(694600K), 0.0158521 secs] [Times: user=0.06 sys=0.00, real=0.02 secs] 
Heap
 par new generation   total 215616K, used 122664K [0x0000000080000000, 0x000000008e9f0000, 0x0000000094cc0000)
  eden space 191680K,  57% used [0x0000000080000000, 0x0000000086c2ffb0, 0x000000008bb30000)
  from space 23936K,  49% used [0x000000008bb30000, 0x000000008c6ca0a0, 0x000000008d290000)
  to   space 23936K,   0% used [0x000000008d290000, 0x000000008d290000, 0x000000008e9f0000)
 concurrent mark-sweep generation total 478984K, used 287551K [0x0000000094cc0000, 0x00000000b2082000, 0x0000000100000000)
 Metaspace       used 335851K, capacity 358624K, committed 358844K, reserved 1359872K
  class space    used 45462K, capacity 49492K, committed 49536K, reserved 1048576K
