Java HotSpot(TM) Client VM (25.201-b09) for windows-x86 JRE (1.8.0_201-b09), built on Dec 16 2018 00:13:48 by "java_re" with MS VC++ 10.0 (VS2010)
Memory: 4k page, physical 20585160k(10345348k free), swap 23861960k(7947244k free)
CommandLine flags: -XX:InitialHeapSize=16777216 -XX:MaxHeapSize=268435456 -XX:MaxNewSize=89481216 -XX:MaxTenuringThreshold=6 -XX:OldPLABSize=16 -XX:+PrintGC -XX:+PrintGCDateStamps -XX:+PrintGCDetails -XX:+PrintGCTimeStamps -XX:+UseConcMarkSweepGC -XX:-UseLargePagesIndividualAllocation -XX:+UseParNewGC 
2020-01-14T17:47:00.438+0800: 0.275: [GC (Allocation Failure) 2020-01-14T17:47:00.438+0800: 0.275: [ParNew: 4416K->512K(4928K), 0.0071554 secs] 4416K->1397K(15872K), 0.0073394 secs] [Times: user=0.06 sys=0.00, real=0.01 secs] 
2020-01-14T17:47:00.455+0800: 0.293: [GC (Allocation Failure) 2020-01-14T17:47:00.455+0800: 0.293: [ParNew: 4928K->512K(4928K), 0.0043190 secs] 5813K->2698K(15872K), 0.0043837 secs] [Times: user=0.06 sys=0.00, real=0.01 secs] 
2020-01-14T17:47:00.469+0800: 0.306: [GC (Allocation Failure) 2020-01-14T17:47:00.469+0800: 0.306: [ParNew: 4653K->512K(4928K), 0.0038901 secs] 6839K->3903K(15872K), 0.0039409 secs] [Times: user=0.00 sys=0.00, real=0.00 secs] 
2020-01-14T17:47:00.481+0800: 0.319: [GC (Allocation Failure) 2020-01-14T17:47:00.481+0800: 0.319: [ParNew: 4928K->512K(4928K), 0.0054854 secs] 8319K->5834K(15872K), 0.0055466 secs] [Times: user=0.00 sys=0.00, real=0.01 secs] 
2020-01-14T17:47:00.495+0800: 0.332: [GC (Allocation Failure) 2020-01-14T17:47:00.495+0800: 0.332: [ParNew: 4928K->512K(4928K), 0.0063929 secs] 10250K->8101K(15872K), 0.0064690 secs] [Times: user=0.00 sys=0.00, real=0.01 secs] 
2020-01-14T17:47:00.502+0800: 0.339: [GC (CMS Initial Mark) [1 CMS-initial-mark: 7589K(10944K)] 8188K(15872K), 0.0005527 secs] [Times: user=0.00 sys=0.00, real=0.00 secs] 
2020-01-14T17:47:00.502+0800: 0.340: [CMS-concurrent-mark-start]
2020-01-14T17:47:00.518+0800: 0.356: [GC (Allocation Failure) 2020-01-14T17:47:00.518+0800: 0.356: [ParNew: 4928K->512K(4928K), 0.0106779 secs] 12517K->9489K(15872K), 0.0107880 secs] [Times: user=0.05 sys=0.00, real=0.01 secs] 
2020-01-14T17:47:00.536+0800: 0.373: [GC (Allocation Failure) 2020-01-14T17:47:00.536+0800: 0.373: [ParNew: 4928K->512K(4928K), 0.0059938 secs] 13905K->12132K(17984K), 0.0060656 secs] [Times: user=0.05 sys=0.02, real=0.01 secs] 
2020-01-14T17:47:00.554+0800: 0.391: [GC (Allocation Failure) 2020-01-14T17:47:00.554+0800: 0.391: [ParNew: 4928K->512K(4928K), 0.0089580 secs] 16548K->13576K(18240K), 0.0090219 secs] [Times: user=0.00 sys=0.00, real=0.01 secs] 
2020-01-14T17:47:00.570+0800: 0.408: [CMS-concurrent-mark: 0.042/0.068 secs] [Times: user=0.19 sys=0.02, real=0.07 secs] 
2020-01-14T17:47:00.570+0800: 0.408: [CMS-concurrent-preclean-start]
2020-01-14T17:47:00.571+0800: 0.408: [CMS-concurrent-preclean: 0.001/0.001 secs] [Times: user=0.00 sys=0.00, real=0.00 secs] 
2020-01-14T17:47:00.571+0800: 0.409: [GC (Allocation Failure) 2020-01-14T17:47:00.571+0800: 0.409: [ParNew: 3770K->512K(4928K), 0.0073921 secs] 16834K->14331K(19008K), 0.0074522 secs] [Times: user=0.00 sys=0.00, real=0.01 secs] 
2020-01-14T17:47:00.579+0800: 0.416: [CMS-concurrent-abortable-preclean-start]
2020-01-14T17:47:00.583+0800: 0.420: [GC (Allocation Failure) 2020-01-14T17:47:00.583+0800: 0.420: [ParNew: 4928K->451K(4928K), 0.0062882 secs] 18747K->17914K(22688K), 0.0063622 secs] [Times: user=0.02 sys=0.03, real=0.01 secs] 
2020-01-14T17:47:00.597+0800: 0.434: [CMS-concurrent-abortable-preclean: 0.011/0.018 secs] [Times: user=0.02 sys=0.03, real=0.02 secs] 
2020-01-14T17:47:00.597+0800: 0.434: [GC (CMS Final Remark) [YG occupancy: 2730 K (4928 K)]2020-01-14T17:47:00.597+0800: 0.434: [Rescan (parallel) , 0.0023499 secs]2020-01-14T17:47:00.599+0800: 0.436: [weak refs processing, 0.0000435 secs]2020-01-14T17:47:00.599+0800: 0.437: [class unloading, 0.0002811 secs]2020-01-14T17:47:00.600+0800: 0.437: [scrub symbol table, 0.0006158 secs]2020-01-14T17:47:00.600+0800: 0.437: [scrub string table, 0.0000462 secs][1 CMS-remark: 17463K(17760K)] 20193K(22688K), 0.0034591 secs] [Times: user=0.02 sys=0.00, real=0.00 secs] 
2020-01-14T17:47:00.601+0800: 0.438: [CMS-concurrent-sweep-start]
2020-01-14T17:47:00.606+0800: 0.443: [CMS-concurrent-sweep: 0.006/0.006 secs] [Times: user=0.00 sys=0.00, real=0.00 secs] 
2020-01-14T17:47:00.606+0800: 0.444: [CMS-concurrent-reset-start]
2020-01-14T17:47:00.607+0800: 0.444: [GC (Allocation Failure) 2020-01-14T17:47:00.607+0800: 0.444: [ParNew: 4867K->512K(4928K), 0.0061845 secs] 20766K->17518K(31428K), 0.0062473 secs] [Times: user=0.00 sys=0.00, real=0.00 secs] 
2020-01-14T17:47:00.613+0800: 0.451: [CMS-concurrent-reset: 0.001/0.007 secs] [Times: user=0.00 sys=0.00, real=0.01 secs] 
2020-01-14T17:47:00.624+0800: 0.461: [GC (Allocation Failure) 2020-01-14T17:47:00.624+0800: 0.461: [ParNew: 4928K->512K(4928K), 0.0063309 secs] 21934K->18779K(31428K), 0.0063978 secs] [Times: user=0.00 sys=0.00, real=0.01 secs] 
2020-01-14T17:47:00.630+0800: 0.468: [GC (CMS Initial Mark) [1 CMS-initial-mark: 18267K(26500K)] 18867K(31428K), 0.0003941 secs] [Times: user=0.05 sys=0.00, real=0.00 secs] 
2020-01-14T17:47:00.631+0800: 0.468: [CMS-concurrent-mark-start]
2020-01-14T17:47:00.641+0800: 0.479: [GC (Allocation Failure) 2020-01-14T17:47:00.642+0800: 0.479: [ParNew: 4928K->512K(4928K), 0.0105174 secs] 23195K->20041K(31428K), 0.0105868 secs] [Times: user=0.06 sys=0.00, real=0.01 secs] 
2020-01-14T17:47:00.672+0800: 0.510: [GC (Allocation Failure) 2020-01-14T17:47:00.672+0800: 0.510: [ParNew: 4928K->512K(4928K), 0.0114450 secs] 29205K->26110K(31428K), 0.0115028 secs] [Times: user=0.06 sys=0.00, real=0.01 secs] 
2020-01-14T17:47:00.696+0800: 0.534: [GC (Allocation Failure) 2020-01-14T17:47:00.696+0800: 0.534: [ParNew: 4928K->512K(4928K), 0.0116278 secs] 30526K->27340K(31940K), 0.0116851 secs] [Times: user=0.00 sys=0.00, real=0.01 secs] 
2020-01-14T17:47:00.734+0800: 0.572: [GC (Allocation Failure) 2020-01-14T17:47:00.734+0800: 0.572: [ParNew: 4928K->512K(4928K), 0.0092329 secs] 31756K->28646K(33220K), 0.0093057 secs] [Times: user=0.06 sys=0.00, real=0.01 secs] 
2020-01-14T17:47:00.758+0800: 0.596: [GC (Allocation Failure) 2020-01-14T17:47:00.758+0800: 0.596: [ParNew: 4928K->512K(4928K), 0.0085780 secs] 33062K->29834K(34500K), 0.0086435 secs] [Times: user=0.00 sys=0.00, real=0.01 secs] 
2020-01-14T17:47:00.780+0800: 0.618: [GC (Allocation Failure) 2020-01-14T17:47:00.780+0800: 0.618: [ParNew: 4928K->512K(4928K), 0.0094419 secs] 34250K->31106K(35780K), 0.0095232 secs] [Times: user=0.06 sys=0.00, real=0.01 secs] 
2020-01-14T17:47:00.791+0800: 0.628: [GC (Allocation Failure) 2020-01-14T17:47:00.791+0800: 0.628: [ParNew: 953K->250K(4928K), 0.0034118 secs]2020-01-14T17:47:00.794+0800: 0.632: [CMS2020-01-14T17:47:00.802+0800: 0.640: [CMS-concurrent-mark: 0.106/0.171 secs] [Times: user=0.41 sys=0.00, real=0.17 secs] 
 (concurrent mode failure): 31095K->24429K(31364K), 0.0853553 secs] 31548K->24429K(36292K), [Metaspace: 2138K->2138K(4480K)], 0.0889366 secs] [Times: user=0.08 sys=0.00, real=0.09 secs] 
2020-01-14T17:47:00.905+0800: 0.743: [GC (Allocation Failure) 2020-01-14T17:47:00.905+0800: 0.743: [ParNew: 16448K->1984K(18432K), 0.0151435 secs] 40877K->34126K(59148K), 0.0152169 secs] [Times: user=0.06 sys=0.00, real=0.02 secs] 
2020-01-14T17:47:00.921+0800: 0.759: [GC (CMS Initial Mark) [1 CMS-initial-mark: 32142K(40716K)] 34126K(59148K), 0.0012522 secs] [Times: user=0.00 sys=0.00, real=0.00 secs] 
2020-01-14T17:47:00.922+0800: 0.760: [CMS-concurrent-mark-start]
2020-01-14T17:47:00.964+0800: 0.802: [GC (Allocation Failure) 2020-01-14T17:47:00.964+0800: 0.802: [ParNew: 18432K->1984K(18432K), 0.0288322 secs] 50574K->38825K(59148K), 0.0288981 secs] [Times: user=0.11 sys=0.00, real=0.03 secs] 
2020-01-14T17:47:01.014+0800: 0.852: [GC (Allocation Failure) 2020-01-14T17:47:01.014+0800: 0.852: [ParNew: 9878K->1984K(18432K), 0.0122278 secs] 46719K->41051K(59148K), 0.0122910 secs] [Times: user=0.05 sys=0.00, real=0.01 secs] 
2020-01-14T17:47:01.045+0800: 0.883: [GC (Allocation Failure) 2020-01-14T17:47:01.046+0800: 0.883: [ParNew: 18432K->1955K(18432K), 0.0226253 secs] 57499K->53690K(70344K), 0.0227833 secs] [Times: user=0.13 sys=0.00, real=0.02 secs] 
2020-01-14T17:47:01.123+0800: 0.960: [GC (Allocation Failure) 2020-01-14T17:47:01.123+0800: 0.960: [ParNew: 18403K->1984K(18432K), 0.0225143 secs] 70138K->58080K(74696K), 0.0225785 secs] [Times: user=0.06 sys=0.00, real=0.02 secs] 
2020-01-14T17:47:01.162+0800: 0.999: [CMS-concurrent-mark: 0.152/0.239 secs] [Times: user=0.64 sys=0.00, real=0.24 secs] 
2020-01-14T17:47:01.162+0800: 0.999: [CMS-concurrent-preclean-start]
2020-01-14T17:47:01.165+0800: 1.002: [CMS-concurrent-preclean: 0.003/0.003 secs] [Times: user=0.00 sys=0.00, real=0.00 secs] 
2020-01-14T17:47:01.165+0800: 1.002: [CMS-concurrent-abortable-preclean-start]
2020-01-14T17:47:01.192+0800: 1.030: [GC (Allocation Failure) 2020-01-14T17:47:01.192+0800: 1.030: [ParNew: 18432K->1984K(18432K), 0.0260405 secs] 74528K->62779K(79304K), 0.0261224 secs] [Times: user=0.05 sys=0.02, real=0.03 secs] 
2020-01-14T17:47:01.252+0800: 1.089: [GC (Allocation Failure) 2020-01-14T17:47:01.252+0800: 1.089: [ParNew: 13497K->1984K(18432K), 0.0191939 secs] 74293K->65978K(82632K), 0.0192698 secs] [Times: user=0.06 sys=0.00, real=0.02 secs] 
2020-01-14T17:47:01.278+0800: 1.115: [GC (Allocation Failure) 2020-01-14T17:47:01.278+0800: 1.115: [ParNew: 18432K->1979K(18432K), 0.0326256 secs] 82426K->83983K(100580K), 0.0327102 secs] [Times: user=0.09 sys=0.00, real=0.03 secs] 
2020-01-14T17:47:01.337+0800: 1.175: [CMS-concurrent-abortable-preclean: 0.094/0.173 secs] [Times: user=0.38 sys=0.02, real=0.17 secs] 
2020-01-14T17:47:01.337+0800: 1.175: [GC (CMS Final Remark) [YG occupancy: 11130 K (18432 K)]2020-01-14T17:47:01.337+0800: 1.175: [Rescan (parallel) , 0.0091959 secs]2020-01-14T17:47:01.347+0800: 1.184: [weak refs processing, 0.0000193 secs]2020-01-14T17:47:01.347+0800: 1.184: [class unloading, 0.0002674 secs]2020-01-14T17:47:01.347+0800: 1.185: [scrub symbol table, 0.0005361 secs]2020-01-14T17:47:01.348+0800: 1.185: [scrub string table, 0.0000463 secs][1 CMS-remark: 82003K(82148K)] 93133K(100580K), 0.0101863 secs] [Times: user=0.00 sys=0.00, real=0.01 secs] 
2020-01-14T17:47:01.348+0800: 1.185: [CMS-concurrent-sweep-start]
2020-01-14T17:47:01.369+0800: 1.207: [GC (Allocation Failure) 2020-01-14T17:47:01.369+0800: 1.207: [ParNew: 18427K->1984K(18432K), 0.0175270 secs] 95682K->82075K(100580K), 0.0175982 secs] [Times: user=0.05 sys=0.00, real=0.02 secs] 
2020-01-14T17:47:01.389+0800: 1.227: [CMS-concurrent-sweep: 0.023/0.041 secs] [Times: user=0.11 sys=0.00, real=0.04 secs] 
2020-01-14T17:47:01.389+0800: 1.227: [CMS-concurrent-reset-start]
2020-01-14T17:47:01.390+0800: 1.228: [CMS-concurrent-reset: 0.001/0.001 secs] [Times: user=0.00 sys=0.00, real=0.00 secs] 
2020-01-14T17:47:01.439+0800: 1.276: [GC (Allocation Failure) 2020-01-14T17:47:01.439+0800: 1.276: [ParNew: 18432K->1984K(18432K), 0.0215016 secs] 98523K->86774K(151920K), 0.0215829 secs] [Times: user=0.13 sys=0.00, real=0.02 secs] 
2020-01-14T17:47:01.502+0800: 1.339: [GC (Allocation Failure) 2020-01-14T17:47:01.502+0800: 1.339: [ParNew: 18432K->1984K(18432K), 0.0204608 secs] 103222K->91473K(151920K), 0.0205279 secs] [Times: user=0.05 sys=0.02, real=0.02 secs] 
2020-01-14T17:47:01.563+0800: 1.400: [GC (Allocation Failure) 2020-01-14T17:47:01.563+0800: 1.400: [ParNew: 18432K->1984K(18432K), 0.0206667 secs] 107921K->96172K(151920K), 0.0207295 secs] [Times: user=0.06 sys=0.02, real=0.02 secs] 
2020-01-14T17:47:01.636+0800: 1.474: [GC (Allocation Failure) 2020-01-14T17:47:01.636+0800: 1.474: [ParNew: 18432K->1984K(18432K), 0.0254180 secs] 136657K->124908K(151920K), 0.0254887 secs] [Times: user=0.08 sys=0.00, real=0.03 secs] 
2020-01-14T17:47:01.662+0800: 1.500: [GC (CMS Initial Mark) [1 CMS-initial-mark: 122924K(133488K)] 125237K(151920K), 0.0008696 secs] [Times: user=0.00 sys=0.00, real=0.00 secs] 
2020-01-14T17:47:01.663+0800: 1.501: [CMS-concurrent-mark-start]
2020-01-14T17:47:01.706+0800: 1.543: [GC (Allocation Failure) 2020-01-14T17:47:01.706+0800: 1.543: [ParNew: 18432K->1982K(18432K), 0.0242361 secs] 141356K->129607K(151920K), 0.0243022 secs] [Times: user=0.13 sys=0.00, real=0.02 secs] 
2020-01-14T17:47:01.775+0800: 1.612: [GC (Allocation Failure) 2020-01-14T17:47:01.775+0800: 1.612: [ParNew: 18430K->1982K(18432K), 0.0246584 secs] 146055K->134306K(151920K), 0.0247336 secs] [Times: user=0.06 sys=0.00, real=0.02 secs] 
2020-01-14T17:47:01.843+0800: 1.681: [GC (Allocation Failure) 2020-01-14T17:47:01.843+0800: 1.681: [ParNew: 18430K->1982K(18432K), 0.0249072 secs] 150754K->139005K(155632K), 0.0249803 secs] [Times: user=0.13 sys=0.00, real=0.03 secs] 
2020-01-14T17:47:01.909+0800: 1.747: [GC (Allocation Failure) 2020-01-14T17:47:01.909+0800: 1.747: [ParNew: 18430K->1982K(18432K), 0.0269688 secs] 155453K->143704K(160240K), 0.0270452 secs] [Times: user=0.13 sys=0.00, real=0.03 secs] 
2020-01-14T17:47:01.980+0800: 1.818: [GC (Allocation Failure) 2020-01-14T17:47:01.980+0800: 1.818: [ParNew: 18430K->1982K(18432K), 0.0257238 secs] 160152K->148404K(164976K), 0.0257803 secs] [Times: user=0.08 sys=0.00, real=0.03 secs] 
2020-01-14T17:47:02.050+0800: 1.888: [GC (Allocation Failure) 2020-01-14T17:47:02.050+0800: 1.888: [ParNew: 18430K->1982K(18432K), 0.0247178 secs] 164852K->153103K(169712K), 0.0247853 secs] [Times: user=0.09 sys=0.00, real=0.03 secs] 
2020-01-14T17:47:02.114+0800: 1.951: [GC (Allocation Failure) 2020-01-14T17:47:02.114+0800: 1.951: [ParNew: 7903K->1982K(18432K), 0.0111630 secs]2020-01-14T17:47:02.125+0800: 1.962: [CMS2020-01-14T17:47:02.205+0800: 2.043: [CMS-concurrent-mark: 0.378/0.542 secs] [Times: user=1.23 sys=0.02, real=0.54 secs] 
 (concurrent mode failure): 153135K->120872K(153328K), 0.5167188 secs] 159024K->120872K(171760K), [Metaspace: 2138K->2138K(4480K)], 0.5290591 secs] [Times: user=0.55 sys=0.00, real=0.53 secs] 
2020-01-14T17:47:02.766+0800: 2.603: [GC (Allocation Failure) 2020-01-14T17:47:02.766+0800: 2.603: [ParNew: 69952K->8704K(78656K), 0.0700789 secs] 190824K->166616K(253440K), 0.0701414 secs] [Times: user=0.30 sys=0.00, real=0.07 secs] 
2020-01-14T17:47:02.836+0800: 2.673: [GC (CMS Initial Mark) [1 CMS-initial-mark: 157912K(174784K)] 168015K(253440K), 0.0063443 secs] [Times: user=0.00 sys=0.00, real=0.01 secs] 
2020-01-14T17:47:02.842+0800: 2.680: [CMS-concurrent-mark-start]
 (benign) Hit CMSMarkStack max size limit
2020-01-14T17:47:03.166+0800: 3.004: [GC (Allocation Failure) 2020-01-14T17:47:03.166+0800: 3.004: [ParNew: 78656K->78656K(78656K), 0.0000216 secs]2020-01-14T17:47:03.166+0800: 3.004: [CMS2020-01-14T17:47:03.327+0800: 3.164: [CMS-concurrent-mark: 0.485/0.485 secs] [Times: user=0.69 sys=0.00, real=0.48 secs] 
 (concurrent mode failure): 157912K->162561K(174784K), 0.6580598 secs] 236568K->162561K(253440K), [Metaspace: 2138K->2138K(4480K)], 0.6581644 secs] [Times: user=0.64 sys=0.00, real=0.66 secs] 
2020-01-14T17:47:03.970+0800: 3.807: [GC (Allocation Failure) 2020-01-14T17:47:03.970+0800: 3.807: [ParNew: 65753K->65753K(78656K), 0.0000169 secs]2020-01-14T17:47:03.970+0800: 3.807: [CMS: 162561K->174783K(174784K), 0.4932089 secs] 228315K->180964K(253440K), [Metaspace: 2138K->2138K(4480K)], 0.4933073 secs] [Times: user=0.50 sys=0.00, real=0.49 secs] 
2020-01-14T17:47:04.466+0800: 4.303: [GC (CMS Initial Mark) [1 CMS-initial-mark: 174783K(174784K)] 235047K(253440K), 0.0481459 secs] [Times: user=0.05 sys=0.00, real=0.05 secs] 
2020-01-14T17:47:04.514+0800: 4.352: [CMS-concurrent-mark-start]
2020-01-14T17:47:04.687+0800: 4.524: [Full GC (Allocation Failure) 2020-01-14T17:47:04.687+0800: 4.524: [CMSbailing out to foreground collection
2020-01-14T17:47:04.733+0800: 4.571: [CMS-concurrent-mark: 0.219/0.219 secs] [Times: user=0.36 sys=0.00, real=0.22 secs] 
 (concurrent mode failure): 174783K->144909K(174784K), 0.6278402 secs] 253439K->204247K(253440K), [Metaspace: 2138K->2138K(4480K)], 0.6279232 secs] [Times: user=0.59 sys=0.03, real=0.63 secs] 
2020-01-14T17:47:05.992+0800: 5.829: [Full GC (Allocation Failure) 2020-01-14T17:47:05.992+0800: 5.829: [CMS: 174783K->153445K(174784K), 0.5756034 secs] 253439K->218302K(253440K), [Metaspace: 2138K->2138K(4480K)], 0.5756604 secs] [Times: user=0.52 sys=0.03, real=0.57 secs] 
2020-01-14T17:47:06.567+0800: 6.405: [GC (CMS Initial Mark) [1 CMS-initial-mark: 153445K(174784K)] 219567K(253440K), 0.1631557 secs] [Times: user=0.17 sys=0.00, real=0.16 secs] 
2020-01-14T17:47:06.731+0800: 6.568: [CMS-concurrent-mark-start]
2020-01-14T17:47:07.536+0800: 7.373: [CMS-concurrent-mark: 0.625/0.805 secs] [Times: user=1.47 sys=0.02, real=0.81 secs] 
2020-01-14T17:47:07.536+0800: 7.373: [CMS-concurrent-preclean-start]
2020-01-14T17:47:07.818+0800: 7.655: [Full GC (Allocation Failure) 2020-01-14T17:47:07.818+0800: 7.655: [CMS2020-01-14T17:47:07.950+0800: 7.787: [CMS-concurrent-preclean: 0.325/0.414 secs] [Times: user=0.63 sys=0.02, real=0.41 secs] 
 (concurrent mode failure): 174783K->159541K(174784K), 0.7463004 secs] 253439K->228341K(253440K), [Metaspace: 2138K->2138K(4480K)], 0.7463650 secs] [Times: user=0.73 sys=0.00, real=0.75 secs] 
2020-01-14T17:47:08.959+0800: 8.796: [Full GC (Allocation Failure) 2020-01-14T17:47:08.959+0800: 8.796: [CMS: 174784K->163896K(174784K), 0.6024568 secs] 253439K->235512K(253440K), [Metaspace: 2138K->2138K(4480K)], 0.6025134 secs] [Times: user=0.56 sys=0.03, real=0.60 secs] 
2020-01-14T17:47:09.561+0800: 9.398: [GC (CMS Initial Mark) [1 CMS-initial-mark: 163896K(174784K)] 235513K(253440K), 0.1756132 secs] [Times: user=0.17 sys=0.00, real=0.17 secs] 
2020-01-14T17:47:09.736+0800: 9.574: [CMS-concurrent-mark-start]
2020-01-14T17:47:10.196+0800: 10.034: [Full GC (Allocation Failure) 2020-01-14T17:47:10.196+0800: 10.034: [CMS2020-01-14T17:47:10.319+0800: 10.156: [CMS-concurrent-mark: 0.476/0.582 secs] [Times: user=1.03 sys=0.00, real=0.58 secs] 
 (concurrent mode failure): 174783K->167007K(174784K), 0.7518862 secs] 253439K->240634K(253440K), [Metaspace: 2138K->2138K(4480K)], 0.7519632 secs] [Times: user=0.72 sys=0.02, real=0.75 secs] 
2020-01-14T17:47:11.186+0800: 11.024: [Full GC (Allocation Failure) 2020-01-14T17:47:11.186+0800: 11.024: [CMS: 174783K->169229K(174784K), 0.6528414 secs] 253439K->244293K(253440K), [Metaspace: 2138K->2138K(4480K)], 0.6529225 secs] [Times: user=0.61 sys=0.03, real=0.65 secs] 
2020-01-14T17:47:11.839+0800: 11.677: [GC (CMS Initial Mark) [1 CMS-initial-mark: 169229K(174784K)] 244293K(253440K), 0.1821087 secs] [Times: user=0.19 sys=0.00, real=0.18 secs] 
2020-01-14T17:47:12.021+0800: 11.859: [CMS-concurrent-mark-start]
2020-01-14T17:47:12.277+0800: 12.114: [Full GC (Allocation Failure) 2020-01-14T17:47:12.277+0800: 12.114: [CMS2020-01-14T17:47:12.491+0800: 12.329: [CMS-concurrent-mark: 0.415/0.470 secs] [Times: user=0.67 sys=0.00, real=0.47 secs] 
 (concurrent mode failure): 174783K->170799K(174784K), 0.9401890 secs] 253439K->246889K(253440K), [Metaspace: 2138K->2138K(4480K)], 0.9402493 secs] [Times: user=0.89 sys=0.03, real=0.94 secs] 
2020-01-14T17:47:13.323+0800: 13.160: [Full GC (Allocation Failure) 2020-01-14T17:47:13.323+0800: 13.160: [CMS: 174783K->171937K(174784K), 0.6173307 secs] 253439K->248761K(253440K), [Metaspace: 2138K->2138K(4480K)], 0.6173927 secs] [Times: user=0.58 sys=0.03, real=0.62 secs] 
2020-01-14T17:47:13.940+0800: 13.778: [GC (CMS Initial Mark) [1 CMS-initial-mark: 171937K(174784K)] 248761K(253440K), 0.1824956 secs] [Times: user=0.20 sys=0.00, real=0.18 secs] 
2020-01-14T17:47:14.123+0800: 13.960: [CMS-concurrent-mark-start]
2020-01-14T17:47:14.249+0800: 14.087: [Full GC (Allocation Failure) 2020-01-14T17:47:14.249+0800: 14.087: [CMS2020-01-14T17:47:14.513+0800: 14.350: [CMS-concurrent-mark: 0.361/0.390 secs] [Times: user=0.50 sys=0.00, real=0.39 secs] 
 (concurrent mode failure): 174784K->172750K(174784K), 0.8805636 secs] 253439K->250097K(253440K), [Metaspace: 2138K->2138K(4480K)], 0.8806652 secs] [Times: user=0.88 sys=0.01, real=0.88 secs] 
2020-01-14T17:47:15.183+0800: 15.020: [Full GC (Allocation Failure) 2020-01-14T17:47:15.183+0800: 15.020: [CMS: 174783K->173331K(174784K), 0.6436891 secs] 253439K->251052K(253440K), [Metaspace: 2138K->2138K(4480K)], 0.6437472 secs] [Times: user=0.63 sys=0.02, real=0.64 secs] 
2020-01-14T17:47:15.827+0800: 15.664: [GC (CMS Initial Mark) [1 CMS-initial-mark: 173331K(174784K)] 251054K(253440K), 0.1914911 secs] [Times: user=0.20 sys=0.00, real=0.19 secs] 
2020-01-14T17:47:16.018+0800: 15.856: [CMS-concurrent-mark-start]
2020-01-14T17:47:16.078+0800: 15.916: [Full GC (Allocation Failure) 2020-01-14T17:47:16.078+0800: 15.916: [CMS2020-01-14T17:47:16.380+0800: 16.218: [CMS-concurrent-mark: 0.348/0.362 secs] [Times: user=0.44 sys=0.00, real=0.36 secs] 
 (concurrent mode failure): 174784K->173746K(174784K), 0.9250128 secs] 253439K->251734K(253440K), [Metaspace: 2138K->2138K(4480K)], 0.9250919 secs] [Times: user=0.86 sys=0.06, real=0.92 secs] 
2020-01-14T17:47:17.031+0800: 16.868: [Full GC (Allocation Failure) 2020-01-14T17:47:17.031+0800: 16.868: [CMS: 174783K->174043K(174784K), 0.6407937 secs] 253439K->252222K(253440K), [Metaspace: 2138K->2138K(4480K)], 0.6408496 secs] [Times: user=0.59 sys=0.05, real=0.64 secs] 
2020-01-14T17:47:17.672+0800: 17.509: [GC (CMS Initial Mark) [1 CMS-initial-mark: 174043K(174784K)] 252222K(253440K), 0.1848598 secs] [Times: user=0.20 sys=0.00, real=0.18 secs] 
2020-01-14T17:47:17.856+0800: 17.694: [CMS-concurrent-mark-start]
2020-01-14T17:47:17.887+0800: 17.724: [Full GC (Allocation Failure) 2020-01-14T17:47:17.887+0800: 17.724: [CMS2020-01-14T17:47:18.179+0800: 18.017: [CMS-concurrent-mark: 0.315/0.323 secs] [Times: user=0.36 sys=0.00, real=0.32 secs] 
 (concurrent mode failure): 174783K->174254K(174784K), 0.9483177 secs] 253439K->252570K(253440K), [Metaspace: 2138K->2138K(4480K)], 0.9483767 secs] [Times: user=0.92 sys=0.03, real=0.95 secs] 
2020-01-14T17:47:18.849+0800: 18.686: [Full GC (Allocation Failure) 2020-01-14T17:47:18.849+0800: 18.686: [CMS: 174783K->174405K(174784K), 0.6610687 secs] 253439K->252818K(253440K), [Metaspace: 2138K->2138K(4480K)], 0.6611345 secs] [Times: user=0.64 sys=0.03, real=0.66 secs] 
2020-01-14T17:47:19.510+0800: 19.347: [GC (CMS Initial Mark) [1 CMS-initial-mark: 174405K(174784K)] 252818K(253440K), 0.1852132 secs] [Times: user=0.19 sys=0.00, real=0.18 secs] 
2020-01-14T17:47:19.695+0800: 19.533: [CMS-concurrent-mark-start]
2020-01-14T17:47:19.709+0800: 19.547: [Full GC (Allocation Failure) 2020-01-14T17:47:19.709+0800: 19.547: [CMS2020-01-14T17:47:20.004+0800: 19.841: [CMS-concurrent-mark: 0.305/0.308 secs] [Times: user=0.31 sys=0.00, real=0.31 secs] 
 (concurrent mode failure): 174783K->174513K(174784K), 0.9373163 secs] 253439K->252996K(253440K), [Metaspace: 2138K->2138K(4480K)], 0.9374143 secs] [Times: user=0.92 sys=0.02, real=0.94 secs] 
2020-01-14T17:47:20.654+0800: 20.492: [Full GC (Allocation Failure) 2020-01-14T17:47:20.654+0800: 20.492: [CMS: 174783K->174591K(174784K), 0.6276731 secs] 253439K->253122K(253440K), [Metaspace: 2138K->2138K(4480K)], 0.6277275 secs] [Times: user=0.63 sys=0.00, real=0.63 secs] 
2020-01-14T17:47:21.282+0800: 21.119: [GC (CMS Initial Mark) [1 CMS-initial-mark: 174591K(174784K)] 253125K(253440K), 0.1852569 secs] [Times: user=0.20 sys=0.00, real=0.19 secs] 
2020-01-14T17:47:21.468+0800: 21.305: [CMS-concurrent-mark-start]
2020-01-14T17:47:21.475+0800: 21.312: [Full GC (Allocation Failure) 2020-01-14T17:47:21.475+0800: 21.312: [CMS2020-01-14T17:47:21.784+0800: 21.622: [CMS-concurrent-mark: 0.315/0.317 secs] [Times: user=0.33 sys=0.00, real=0.32 secs] 
 (concurrent mode failure): 174783K->174646K(174784K), 0.9296564 secs] 253439K->253213K(253440K), [Metaspace: 2138K->2138K(4480K)], 0.9297123 secs] [Times: user=0.88 sys=0.03, real=0.93 secs] 
2020-01-14T17:47:22.408+0800: 22.246: [Full GC (Allocation Failure) 2020-01-14T17:47:22.408+0800: 22.246: [CMS: 174783K->174685K(174784K), 0.6274594 secs] 253439K->253278K(253440K), [Metaspace: 2138K->2138K(4480K)], 0.6275148 secs] [Times: user=0.59 sys=0.03, real=0.63 secs] 
2020-01-14T17:47:23.036+0800: 22.873: [GC (CMS Initial Mark) [1 CMS-initial-mark: 174685K(174784K)] 253278K(253440K), 0.1848456 secs] [Times: user=0.20 sys=0.00, real=0.18 secs] 
2020-01-14T17:47:23.221+0800: 23.058: [CMS-concurrent-mark-start]
2020-01-14T17:47:23.225+0800: 23.063: [Full GC (Allocation Failure) 2020-01-14T17:47:23.225+0800: 23.063: [CMS2020-01-14T17:47:23.522+0800: 23.360: [CMS-concurrent-mark: 0.300/0.301 secs] [Times: user=0.33 sys=0.00, real=0.30 secs] 
 (concurrent mode failure): 174783K->174713K(174784K), 0.9424926 secs] 253439K->253324K(253440K), [Metaspace: 2138K->2138K(4480K)], 0.9425869 secs] [Times: user=0.91 sys=0.03, real=0.94 secs] 
2020-01-14T17:47:24.170+0800: 24.008: [Full GC (Allocation Failure) 2020-01-14T17:47:24.171+0800: 24.008: [CMS: 174783K->174733K(174784K), 0.6658700 secs] 253439K->253357K(253440K), [Metaspace: 2138K->2138K(4480K)], 0.6659366 secs] [Times: user=0.67 sys=0.00, real=0.67 secs] 
2020-01-14T17:47:24.836+0800: 24.674: [GC (CMS Initial Mark) [1 CMS-initial-mark: 174733K(174784K)] 253357K(253440K), 0.1840556 secs] [Times: user=0.17 sys=0.00, real=0.18 secs] 
2020-01-14T17:47:25.020+0800: 24.858: [CMS-concurrent-mark-start]
2020-01-14T17:47:25.022+0800: 24.860: [Full GC (Allocation Failure) 2020-01-14T17:47:25.022+0800: 24.860: [CMS2020-01-14T17:47:25.321+0800: 25.159: [CMS-concurrent-mark: 0.301/0.301 secs] [Times: user=0.33 sys=0.00, real=0.30 secs] 
 (concurrent mode failure): 174783K->174748K(174784K), 0.9325588 secs] 253439K->253381K(253440K), [Metaspace: 2138K->2138K(4480K)], 0.9326227 secs] [Times: user=0.91 sys=0.02, real=0.93 secs] 
2020-01-14T17:47:25.956+0800: 25.794: [Full GC (Allocation Failure) 2020-01-14T17:47:25.956+0800: 25.794: [CMS: 174783K->174758K(174784K), 0.6147391 secs] 253439K->253397K(253440K), [Metaspace: 2138K->2138K(4480K)], 0.6148022 secs] [Times: user=0.58 sys=0.05, real=0.62 secs] 
2020-01-14T17:47:26.572+0800: 26.409: [GC (CMS Initial Mark) [1 CMS-initial-mark: 174758K(174784K)] 253397K(253440K), 0.1842387 secs] [Times: user=0.17 sys=0.00, real=0.18 secs] 
2020-01-14T17:47:26.756+0800: 26.593: [CMS-concurrent-mark-start]
2020-01-14T17:47:26.757+0800: 26.594: [Full GC (Allocation Failure) 2020-01-14T17:47:26.757+0800: 26.594: [CMS2020-01-14T17:47:27.062+0800: 26.899: [CMS-concurrent-mark: 0.306/0.306 secs] [Times: user=0.30 sys=0.00, real=0.31 secs] 
 (concurrent mode failure): 174784K->174765K(174784K), 0.9315202 secs] 253439K->253409K(253440K), [Metaspace: 2138K->2138K(4480K)], 0.9315947 secs] [Times: user=0.91 sys=0.01, real=0.93 secs] 
2020-01-14T17:47:27.689+0800: 27.527: [Full GC (Allocation Failure) 2020-01-14T17:47:27.689+0800: 27.527: [CMS: 174784K->174770K(174784K), 0.6344405 secs] 253439K->253418K(253440K), [Metaspace: 2138K->2138K(4480K)], 0.6344935 secs] [Times: user=0.61 sys=0.02, real=0.63 secs] 
2020-01-14T17:47:28.323+0800: 28.161: [GC (CMS Initial Mark) [1 CMS-initial-mark: 174770K(174784K)] 253422K(253440K), 0.1875376 secs] [Times: user=0.19 sys=0.00, real=0.19 secs] 
2020-01-14T17:47:28.511+0800: 28.349: [CMS-concurrent-mark-start]
2020-01-14T17:47:28.512+0800: 28.349: [Full GC (Allocation Failure) 2020-01-14T17:47:28.512+0800: 28.349: [CMS2020-01-14T17:47:28.852+0800: 28.690: [CMS-concurrent-mark: 0.341/0.341 secs] [Times: user=0.33 sys=0.01, real=0.34 secs] 
 (concurrent mode failure): 174783K->174774K(174784K), 0.9777600 secs] 253439K->253424K(253440K), [Metaspace: 2138K->2138K(4480K)], 0.9778082 secs] [Times: user=0.95 sys=0.03, real=0.98 secs] 
2020-01-14T17:47:29.490+0800: 29.328: [Full GC (Allocation Failure) 2020-01-14T17:47:29.490+0800: 29.328: [CMS: 174783K->174777K(174784K), 0.6413475 secs] 253439K->253428K(253440K), [Metaspace: 2138K->2138K(4480K)], 0.6413975 secs] [Times: user=0.59 sys=0.05, real=0.64 secs] 
2020-01-14T17:47:30.131+0800: 29.969: [GC (CMS Initial Mark) [1 CMS-initial-mark: 174777K(174784K)] 253429K(253440K), 0.1846560 secs] [Times: user=0.17 sys=0.00, real=0.18 secs] 
2020-01-14T17:47:30.316+0800: 30.154: [CMS-concurrent-mark-start]
2020-01-14T17:47:30.317+0800: 30.154: [Full GC (Allocation Failure) 2020-01-14T17:47:30.317+0800: 30.154: [CMS2020-01-14T17:47:30.617+0800: 30.454: [CMS-concurrent-mark: 0.300/0.300 secs] [Times: user=0.31 sys=0.00, real=0.30 secs] 
 (concurrent mode failure): 174783K->174779K(174784K), 0.9514053 secs] 253439K->253432K(253440K), [Metaspace: 2138K->2138K(4480K)], 0.9514516 secs] [Times: user=0.92 sys=0.03, real=0.95 secs] 
2020-01-14T17:47:31.268+0800: 31.106: [Full GC (Allocation Failure) 2020-01-14T17:47:31.268+0800: 31.106: [CMS: 174783K->174780K(174784K), 0.6209134 secs] 253439K->253434K(253440K), [Metaspace: 2138K->2138K(4480K)], 0.6209605 secs] [Times: user=0.61 sys=0.02, real=0.62 secs] 
2020-01-14T17:47:31.889+0800: 31.727: [GC (CMS Initial Mark) [1 CMS-initial-mark: 174781K(174784K)] 253437K(253440K), 0.1834103 secs] [Times: user=0.20 sys=0.00, real=0.18 secs] 
2020-01-14T17:47:32.073+0800: 31.911: [CMS-concurrent-mark-start]
2020-01-14T17:47:32.073+0800: 31.911: [Full GC (Allocation Failure) 2020-01-14T17:47:32.073+0800: 31.911: [CMS2020-01-14T17:47:32.474+0800: 32.312: [CMS-concurrent-mark: 0.401/0.401 secs] [Times: user=0.41 sys=0.00, real=0.40 secs] 
 (concurrent mode failure): 174783K->174781K(174784K), 1.0283200 secs] 253439K->253435K(253440K), [Metaspace: 2138K->2138K(4480K)], 1.0283758 secs] [Times: user=0.98 sys=0.05, real=1.03 secs] 
2020-01-14T17:47:33.102+0800: 32.939: [Full GC (Allocation Failure) 2020-01-14T17:47:33.102+0800: 32.939: [CMS: 174783K->174782K(174784K), 0.6489309 secs] 253439K->253437K(253440K), [Metaspace: 2138K->2138K(4480K)], 0.6489945 secs] [Times: user=0.64 sys=0.00, real=0.65 secs] 
2020-01-14T17:47:33.751+0800: 33.589: [GC (CMS Initial Mark) [1 CMS-initial-mark: 174782K(174784K)] 253437K(253440K), 0.1884871 secs] [Times: user=0.20 sys=0.00, real=0.19 secs] 
2020-01-14T17:47:33.940+0800: 33.777: [CMS-concurrent-mark-start]
2020-01-14T17:47:33.940+0800: 33.777: [Full GC (Allocation Failure) 2020-01-14T17:47:33.940+0800: 33.777: [CMS2020-01-14T17:47:34.262+0800: 34.100: [CMS-concurrent-mark: 0.322/0.323 secs] [Times: user=0.33 sys=0.00, real=0.32 secs] 
 (concurrent mode failure): 174783K->174782K(174784K), 0.9670113 secs] 253439K->253437K(253440K), [Metaspace: 2138K->2138K(4480K)], 0.9670603 secs] [Times: user=0.92 sys=0.05, real=0.97 secs] 
2020-01-14T17:47:34.907+0800: 34.745: [Full GC (Allocation Failure) 2020-01-14T17:47:34.907+0800: 34.745: [CMS: 174784K->174783K(174784K), 0.6532025 secs] 253439K->253438K(253440K), [Metaspace: 2138K->2138K(4480K)], 0.6532614 secs] [Times: user=0.64 sys=0.01, real=0.65 secs] 
2020-01-14T17:47:35.560+0800: 35.398: [GC (CMS Initial Mark) [1 CMS-initial-mark: 174783K(174784K)] 253438K(253440K), 0.1826104 secs] [Times: user=0.20 sys=0.00, real=0.18 secs] 
2020-01-14T17:47:35.743+0800: 35.581: [CMS-concurrent-mark-start]
2020-01-14T17:47:35.743+0800: 35.581: [Full GC (Allocation Failure) 2020-01-14T17:47:35.743+0800: 35.581: [CMS2020-01-14T17:47:36.040+0800: 35.878: [CMS-concurrent-mark: 0.297/0.297 secs] [Times: user=0.30 sys=0.00, real=0.30 secs] 
 (concurrent mode failure): 174783K->174783K(174784K), 0.9396750 secs] 253439K->253438K(253440K), [Metaspace: 2138K->2138K(4480K)], 0.9397210 secs] [Times: user=0.91 sys=0.03, real=0.94 secs] 
2020-01-14T17:47:36.683+0800: 36.521: [Full GC (Allocation Failure) 2020-01-14T17:47:36.683+0800: 36.521: [CMS: 174783K->174783K(174784K), 0.6227232 secs] 253439K->253439K(253440K), [Metaspace: 2138K->2138K(4480K)], 0.6227767 secs] [Times: user=0.61 sys=0.02, real=0.62 secs] 
2020-01-14T17:47:37.306+0800: 37.144: [Full GC (Allocation Failure) 2020-01-14T17:47:37.306+0800: 37.144: [CMS: 174783K->174783K(174784K), 0.6335214 secs] 253439K->253439K(253440K), [Metaspace: 2138K->2138K(4480K)], 0.6335726 secs] [Times: user=0.61 sys=0.02, real=0.63 secs] 
2020-01-14T17:47:37.939+0800: 37.777: [GC (CMS Initial Mark) [1 CMS-initial-mark: 174783K(174784K)] 253439K(253440K), 0.1880806 secs] [Times: user=0.19 sys=0.00, real=0.19 secs] 
2020-01-14T17:47:38.128+0800: 37.966: [CMS-concurrent-mark-start]
2020-01-14T17:47:38.128+0800: 37.966: [Full GC (Allocation Failure) 2020-01-14T17:47:38.128+0800: 37.966: [CMS2020-01-14T17:47:38.444+0800: 38.281: [CMS-concurrent-mark: 0.316/0.316 secs] [Times: user=0.33 sys=0.00, real=0.32 secs] 
 (concurrent mode failure): 174783K->174783K(174784K), 0.9422128 secs] 253439K->253439K(253440K), [Metaspace: 2138K->2138K(4480K)], 0.9422609 secs] [Times: user=0.95 sys=0.00, real=0.94 secs] 
2020-01-14T17:47:39.070+0800: 38.908: [Full GC (Allocation Failure) 2020-01-14T17:47:39.070+0800: 38.908: [CMS: 174784K->174783K(174784K), 0.6350895 secs] 253439K->253439K(253440K), [Metaspace: 2138K->2138K(4480K)], 0.6351365 secs] [Times: user=0.61 sys=0.02, real=0.64 secs] 
2020-01-14T17:47:39.706+0800: 39.543: [Full GC (Allocation Failure) 2020-01-14T17:47:39.706+0800: 39.543: [CMS: 174783K->174783K(174784K), 0.6752640 secs] 253439K->253439K(253440K), [Metaspace: 2138K->2138K(4480K)], 0.6753182 secs] [Times: user=0.59 sys=0.08, real=0.67 secs] 
2020-01-14T17:47:40.382+0800: 40.219: [Full GC (Allocation Failure) 2020-01-14T17:47:40.382+0800: 40.219: [CMS: 174783K->174783K(174784K), 0.6285206 secs] 253439K->253439K(253440K), [Metaspace: 2138K->2138K(4480K)], 0.6285756 secs] [Times: user=0.61 sys=0.02, real=0.63 secs] 
2020-01-14T17:47:41.010+0800: 40.848: [Full GC (Allocation Failure) 2020-01-14T17:47:41.010+0800: 40.848: [CMS: 174784K->174783K(174784K), 0.7959874 secs] 253439K->253439K(253440K), [Metaspace: 2138K->2138K(4480K)], 0.7960317 secs] [Times: user=0.78 sys=0.02, real=0.80 secs] 
2020-01-14T17:47:41.806+0800: 41.644: [Full GC (Allocation Failure) 2020-01-14T17:47:41.806+0800: 41.644: [CMS: 174783K->174783K(174784K), 0.6226290 secs] 253439K->253439K(253440K), [Metaspace: 2138K->2138K(4480K)], 0.6226990 secs] [Times: user=0.61 sys=0.02, real=0.62 secs] 
2020-01-14T17:47:42.429+0800: 42.267: [GC (CMS Initial Mark) [1 CMS-initial-mark: 174783K(174784K)] 253439K(253440K), 0.1851053 secs] [Times: user=0.17 sys=0.00, real=0.19 secs] 
2020-01-14T17:47:42.614+0800: 42.452: [CMS-concurrent-mark-start]
2020-01-14T17:47:42.614+0800: 42.452: [Full GC (Allocation Failure) 2020-01-14T17:47:42.614+0800: 42.452: [CMS2020-01-14T17:47:42.933+0800: 42.770: [CMS-concurrent-mark: 0.318/0.318 secs] [Times: user=0.33 sys=0.00, real=0.32 secs] 
 (concurrent mode failure): 174783K->174783K(174784K), 0.9445918 secs] 253439K->253439K(253440K), [Metaspace: 2138K->2138K(4480K)], 0.9446495 secs] [Times: user=0.95 sys=0.00, real=0.94 secs] 
2020-01-14T17:47:43.559+0800: 43.397: [Full GC (Allocation Failure) 2020-01-14T17:47:43.559+0800: 43.397: [CMS: 174783K->174783K(174784K), 0.6368812 secs] 253439K->253439K(253440K), [Metaspace: 2138K->2138K(4480K)], 0.6369548 secs] [Times: user=0.59 sys=0.05, real=0.64 secs] 
2020-01-14T17:47:44.196+0800: 44.034: [Full GC (Allocation Failure) 2020-01-14T17:47:44.196+0800: 44.034: [CMS: 174784K->174783K(174784K), 0.6473356 secs] 253439K->253439K(253440K), [Metaspace: 2138K->2138K(4480K)], 0.6473863 secs] [Times: user=0.61 sys=0.03, real=0.65 secs] 
2020-01-14T17:47:44.844+0800: 44.681: [Full GC (Allocation Failure) 2020-01-14T17:47:44.844+0800: 44.681: [CMS: 174784K->174783K(174784K), 0.6289215 secs] 253439K->253439K(253440K), [Metaspace: 2138K->2138K(4480K)], 0.6289675 secs] [Times: user=0.59 sys=0.03, real=0.63 secs] 
2020-01-14T17:47:45.473+0800: 45.310: [Full GC (Allocation Failure) 2020-01-14T17:47:45.473+0800: 45.310: [CMS: 174783K->174783K(174784K), 0.6343688 secs] 253439K->253439K(253440K), [Metaspace: 2138K->2138K(4480K)], 0.6344159 secs] [Times: user=0.61 sys=0.03, real=0.63 secs] 
2020-01-14T17:47:46.107+0800: 45.945: [Full GC (Allocation Failure) 2020-01-14T17:47:46.107+0800: 45.945: [CMS: 174783K->174783K(174784K), 0.6198116 secs] 253439K->253439K(253440K), [Metaspace: 2138K->2138K(4480K)], 0.6198695 secs] [Times: user=0.61 sys=0.02, real=0.62 secs] 
2020-01-14T17:47:46.727+0800: 46.565: [GC (CMS Initial Mark) [1 CMS-initial-mark: 174783K(174784K)] 253439K(253440K), 0.1924368 secs] [Times: user=0.19 sys=0.00, real=0.19 secs] 
2020-01-14T17:47:46.920+0800: 46.757: [CMS-concurrent-mark-start]
2020-01-14T17:47:46.920+0800: 46.757: [Full GC (Allocation Failure) 2020-01-14T17:47:46.920+0800: 46.757: [CMS2020-01-14T17:47:47.221+0800: 47.059: [CMS-concurrent-mark: 0.301/0.301 secs] [Times: user=0.30 sys=0.00, real=0.30 secs] 
 (concurrent mode failure): 174783K->671K(174784K), 0.3845097 secs] 253439K->671K(253440K), [Metaspace: 2138K->2138K(4480K)], 0.3845558 secs] [Times: user=0.39 sys=0.00, real=0.38 secs] 
Heap
 par new generation   total 78656K, used 1418K [0x05200000, 0x0a750000, 0x0a750000)
  eden space 69952K,   2% used [0x05200000, 0x05362918, 0x09650000)
  from space 8704K,   0% used [0x09ed0000, 0x09ed0000, 0x0a750000)
  to   space 8704K,   0% used [0x09650000, 0x09650000, 0x09ed0000)
 concurrent mark-sweep generation total 174784K, used 671K [0x0a750000, 0x15200000, 0x15200000)
 Metaspace       used 2159K, capacity 2280K, committed 2368K, reserved 4480K
