Java HotSpot(TM) Client VM (25.201-b09) for windows-x86 JRE (1.8.0_201-b09), built on Dec 16 2018 00:13:48 by "java_re" with MS VC++ 10.0 (VS2010)
Memory: 4k page, physical 20585160k(9258516k free), swap 23861960k(5672688k free)
CommandLine flags: -XX:InitialHeapSize=16777216 -XX:MaxHeapSize=268435456 -XX:+PrintGC -XX:+PrintGCDetails -XX:+PrintGCTimeStamps -XX:+UseG1GC -XX:-UseLargePagesIndividualAllocation 
0.220: [GC pause (G1 Evacuation Pause) (young), 0.0045381 secs]
   [Parallel Time: 4.0 ms, GC Workers: 4]
      [GC Worker Start (ms): Min: 219.6, Avg: 219.6, Max: 219.7, Diff: 0.1]
      [Ext Root Scanning (ms): Min: 0.1, Avg: 0.2, Max: 0.3, Diff: 0.3, Sum: 0.8]
      [Update RS (ms): Min: 0.0, Avg: 0.0, Max: 0.0, Diff: 0.0, Sum: 0.0]
         [Processed Buffers: Min: 0, Avg: 0.0, Max: 0, Diff: 0, Sum: 0]
      [Scan RS (ms): Min: 0.0, Avg: 0.0, Max: 0.0, Diff: 0.0, Sum: 0.0]
      [Code Root Scanning (ms): Min: 0.0, Avg: 0.0, Max: 0.0, Diff: 0.0, Sum: 0.0]
      [Object Copy (ms): Min: 3.6, Avg: 3.7, Max: 3.8, Diff: 0.2, Sum: 14.9]
      [Termination (ms): Min: 0.0, Avg: 0.0, Max: 0.0, Diff: 0.0, Sum: 0.0]
         [Termination Attempts: Min: 1, Avg: 2.8, Max: 5, Diff: 4, Sum: 11]
      [GC Worker Other (ms): Min: 0.0, Avg: 0.0, Max: 0.0, Diff: 0.0, Sum: 0.1]
      [GC Worker Total (ms): Min: 3.9, Avg: 4.0, Max: 4.0, Diff: 0.1, Sum: 15.8]
      [GC Worker End (ms): Min: 223.6, Avg: 223.6, Max: 223.6, Diff: 0.0]
   [Code Root Fixup: 0.0 ms]
   [Code Root Purge: 0.0 ms]
   [Clear CT: 0.0 ms]
   [Other: 0.5 ms]
      [Choose CSet: 0.0 ms]
      [Ref Proc: 0.4 ms]
      [Ref Enq: 0.0 ms]
      [Redirty Cards: 0.0 ms]
      [Humongous Register: 0.0 ms]
      [Humongous Reclaim: 0.0 ms]
      [Free CSet: 0.0 ms]
   [Eden: 9216.0K(9216.0K)->0.0B(6144.0K) Survivors: 0.0B->2048.0K Heap: 9216.0K(16.0M)->3180.5K(16.0M)]
 [Times: user=0.00 sys=0.00, real=0.00 secs] 
0.242: [GC pause (G1 Evacuation Pause) (young), 0.0078293 secs]
   [Parallel Time: 7.5 ms, GC Workers: 4]
      [GC Worker Start (ms): Min: 241.8, Avg: 241.8, Max: 241.8, Diff: 0.0]
      [Ext Root Scanning (ms): Min: 0.0, Avg: 0.1, Max: 0.2, Diff: 0.2, Sum: 0.3]
      [Update RS (ms): Min: 1.7, Avg: 1.9, Max: 2.2, Diff: 0.5, Sum: 7.5]
         [Processed Buffers: Min: 1, Avg: 1.5, Max: 2, Diff: 1, Sum: 6]
      [Scan RS (ms): Min: 0.3, Avg: 0.6, Max: 0.7, Diff: 0.4, Sum: 2.2]
      [Code Root Scanning (ms): Min: 0.0, Avg: 0.0, Max: 0.0, Diff: 0.0, Sum: 0.0]
      [Object Copy (ms): Min: 4.9, Avg: 4.9, Max: 5.0, Diff: 0.1, Sum: 19.7]
      [Termination (ms): Min: 0.0, Avg: 0.0, Max: 0.0, Diff: 0.0, Sum: 0.0]
         [Termination Attempts: Min: 1, Avg: 2.8, Max: 4, Diff: 3, Sum: 11]
      [GC Worker Other (ms): Min: 0.0, Avg: 0.0, Max: 0.0, Diff: 0.0, Sum: 0.0]
      [GC Worker Total (ms): Min: 7.5, Avg: 7.5, Max: 7.5, Diff: 0.0, Sum: 29.9]
      [GC Worker End (ms): Min: 249.3, Avg: 249.3, Max: 249.3, Diff: 0.0]
   [Code Root Fixup: 0.0 ms]
   [Code Root Purge: 0.0 ms]
   [Clear CT: 0.0 ms]
   [Other: 0.3 ms]
      [Choose CSet: 0.0 ms]
      [Ref Proc: 0.2 ms]
      [Ref Enq: 0.0 ms]
      [Redirty Cards: 0.0 ms]
      [Humongous Register: 0.0 ms]
      [Humongous Reclaim: 0.0 ms]
      [Free CSet: 0.0 ms]
   [Eden: 6144.0K(6144.0K)->0.0B(3072.0K) Survivors: 2048.0K->1024.0K Heap: 10.6M(16.0M)->6954.2K(16.0M)]
 [Times: user=0.06 sys=0.00, real=0.01 secs] 
0.254: [GC pause (G1 Humongous Allocation) (young) (initial-mark), 0.0040306 secs]
   [Parallel Time: 3.6 ms, GC Workers: 4]
      [GC Worker Start (ms): Min: 254.0, Avg: 254.0, Max: 254.0, Diff: 0.0]
      [Ext Root Scanning (ms): Min: 0.1, Avg: 0.1, Max: 0.1, Diff: 0.0, Sum: 0.5]
      [Update RS (ms): Min: 0.3, Avg: 0.8, Max: 1.2, Diff: 0.9, Sum: 3.3]
         [Processed Buffers: Min: 1, Avg: 1.8, Max: 3, Diff: 2, Sum: 7]
      [Scan RS (ms): Min: 0.0, Avg: 0.2, Max: 0.6, Diff: 0.6, Sum: 0.9]
      [Code Root Scanning (ms): Min: 0.0, Avg: 0.0, Max: 0.0, Diff: 0.0, Sum: 0.0]
      [Object Copy (ms): Min: 2.3, Avg: 2.4, Max: 2.5, Diff: 0.2, Sum: 9.7]
      [Termination (ms): Min: 0.0, Avg: 0.0, Max: 0.0, Diff: 0.0, Sum: 0.0]
         [Termination Attempts: Min: 1, Avg: 2.5, Max: 3, Diff: 2, Sum: 10]
      [GC Worker Other (ms): Min: 0.0, Avg: 0.0, Max: 0.0, Diff: 0.0, Sum: 0.0]
      [GC Worker Total (ms): Min: 3.6, Avg: 3.6, Max: 3.6, Diff: 0.0, Sum: 14.4]
      [GC Worker End (ms): Min: 257.6, Avg: 257.6, Max: 257.6, Diff: 0.0]
   [Code Root Fixup: 0.0 ms]
   [Code Root Purge: 0.0 ms]
   [Clear CT: 0.0 ms]
   [Other: 0.4 ms]
      [Choose CSet: 0.0 ms]
      [Ref Proc: 0.3 ms]
      [Ref Enq: 0.0 ms]
      [Redirty Cards: 0.0 ms]
      [Humongous Register: 0.0 ms]
      [Humongous Reclaim: 0.0 ms]
      [Free CSet: 0.0 ms]
   [Eden: 2048.0K(3072.0K)->0.0B(3072.0K) Survivors: 1024.0K->1024.0K Heap: 8462.0K(16.0M)->8511.2K(16.0M)]
 [Times: user=0.00 sys=0.00, real=0.00 secs] 
0.258: [GC concurrent-root-region-scan-start]
0.259: [GC concurrent-root-region-scan-end, 0.0005103 secs]
0.259: [GC concurrent-mark-start]
0.271: [GC pause (G1 Evacuation Pause) (young), 0.0058945 secs]
   [Parallel Time: 5.7 ms, GC Workers: 4]
      [GC Worker Start (ms): Min: 271.1, Avg: 271.5, Max: 272.7, Diff: 1.6]
      [Ext Root Scanning (ms): Min: 0.0, Avg: 0.0, Max: 0.1, Diff: 0.1, Sum: 0.1]
      [Update RS (ms): Min: 1.2, Avg: 2.1, Max: 3.1, Diff: 1.9, Sum: 8.4]
         [Processed Buffers: Min: 1, Avg: 2.5, Max: 4, Diff: 3, Sum: 10]
      [Scan RS (ms): Min: 0.0, Avg: 0.1, Max: 0.3, Diff: 0.3, Sum: 0.3]
      [Code Root Scanning (ms): Min: 0.0, Avg: 0.0, Max: 0.0, Diff: 0.0, Sum: 0.0]
      [Object Copy (ms): Min: 2.6, Avg: 3.1, Max: 3.5, Diff: 0.9, Sum: 12.4]
      [Termination (ms): Min: 0.0, Avg: 0.0, Max: 0.0, Diff: 0.0, Sum: 0.0]
         [Termination Attempts: Min: 1, Avg: 6.8, Max: 12, Diff: 11, Sum: 27]
      [GC Worker Other (ms): Min: 0.0, Avg: 0.0, Max: 0.0, Diff: 0.0, Sum: 0.0]
      [GC Worker Total (ms): Min: 4.1, Avg: 5.3, Max: 5.7, Diff: 1.6, Sum: 21.3]
      [GC Worker End (ms): Min: 276.8, Avg: 276.8, Max: 276.8, Diff: 0.0]
   [Code Root Fixup: 0.0 ms]
   [Code Root Purge: 0.0 ms]
   [Clear CT: 0.0 ms]
   [Other: 0.1 ms]
      [Choose CSet: 0.0 ms]
      [Ref Proc: 0.0 ms]
      [Ref Enq: 0.0 ms]
      [Redirty Cards: 0.0 ms]
      [Humongous Register: 0.0 ms]
      [Humongous Reclaim: 0.0 ms]
      [Free CSet: 0.0 ms]
   [Eden: 3072.0K(3072.0K)->0.0B(1024.0K) Survivors: 1024.0K->1024.0K Heap: 12.7M(16.0M)->10.7M(16.0M)]
 [Times: user=0.00 sys=0.00, real=0.01 secs] 
0.277: [GC concurrent-mark-reset-for-overflow]
0.280: [GC pause (G1 Evacuation Pause) (young), 0.0044279 secs]
   [Parallel Time: 4.3 ms, GC Workers: 4]
      [GC Worker Start (ms): Min: 280.1, Avg: 280.1, Max: 280.1, Diff: 0.0]
      [Ext Root Scanning (ms): Min: 0.0, Avg: 0.0, Max: 0.1, Diff: 0.0, Sum: 0.1]
      [Update RS (ms): Min: 1.0, Avg: 1.2, Max: 1.5, Diff: 0.5, Sum: 4.6]
         [Processed Buffers: Min: 1, Avg: 1.8, Max: 2, Diff: 1, Sum: 7]
      [Scan RS (ms): Min: 0.0, Avg: 0.0, Max: 0.0, Diff: 0.0, Sum: 0.0]
      [Code Root Scanning (ms): Min: 0.0, Avg: 0.0, Max: 0.0, Diff: 0.0, Sum: 0.0]
      [Object Copy (ms): Min: 2.7, Avg: 3.0, Max: 3.2, Diff: 0.5, Sum: 12.2]
      [Termination (ms): Min: 0.0, Avg: 0.0, Max: 0.0, Diff: 0.0, Sum: 0.0]
         [Termination Attempts: Min: 1, Avg: 14.5, Max: 23, Diff: 22, Sum: 58]
      [GC Worker Other (ms): Min: 0.0, Avg: 0.0, Max: 0.0, Diff: 0.0, Sum: 0.0]
      [GC Worker Total (ms): Min: 4.2, Avg: 4.3, Max: 4.3, Diff: 0.0, Sum: 17.0]
      [GC Worker End (ms): Min: 284.3, Avg: 284.3, Max: 284.3, Diff: 0.0]
   [Code Root Fixup: 0.0 ms]
   [Code Root Purge: 0.0 ms]
   [Clear CT: 0.0 ms]
   [Other: 0.1 ms]
      [Choose CSet: 0.0 ms]
      [Ref Proc: 0.0 ms]
      [Ref Enq: 0.0 ms]
      [Redirty Cards: 0.0 ms]
      [Humongous Register: 0.0 ms]
      [Humongous Reclaim: 0.0 ms]
      [Free CSet: 0.0 ms]
   [Eden: 1024.0K(1024.0K)->0.0B(1024.0K) Survivors: 1024.0K->1024.0K Heap: 11.7M(16.0M)->11.6M(16.0M)]
 [Times: user=0.00 sys=0.00, real=0.01 secs] 
0.289: [GC pause (G1 Evacuation Pause) (young), 0.0043646 secs]
   [Parallel Time: 4.2 ms, GC Workers: 4]
      [GC Worker Start (ms): Min: 289.4, Avg: 289.4, Max: 289.4, Diff: 0.0]
      [Ext Root Scanning (ms): Min: 0.0, Avg: 0.0, Max: 0.1, Diff: 0.0, Sum: 0.1]
      [Update RS (ms): Min: 0.9, Avg: 1.1, Max: 1.5, Diff: 0.5, Sum: 4.4]
         [Processed Buffers: Min: 1, Avg: 1.8, Max: 2, Diff: 1, Sum: 7]
      [Scan RS (ms): Min: 0.0, Avg: 0.0, Max: 0.0, Diff: 0.0, Sum: 0.0]
      [Code Root Scanning (ms): Min: 0.0, Avg: 0.0, Max: 0.0, Diff: 0.0, Sum: 0.0]
      [Object Copy (ms): Min: 2.7, Avg: 3.0, Max: 3.2, Diff: 0.5, Sum: 12.1]
      [Termination (ms): Min: 0.0, Avg: 0.0, Max: 0.0, Diff: 0.0, Sum: 0.0]
         [Termination Attempts: Min: 1, Avg: 23.8, Max: 39, Diff: 38, Sum: 95]
      [GC Worker Other (ms): Min: 0.0, Avg: 0.0, Max: 0.0, Diff: 0.0, Sum: 0.0]
      [GC Worker Total (ms): Min: 4.2, Avg: 4.2, Max: 4.2, Diff: 0.0, Sum: 16.8]
      [GC Worker End (ms): Min: 293.6, Avg: 293.6, Max: 293.6, Diff: 0.0]
   [Code Root Fixup: 0.0 ms]
   [Code Root Purge: 0.0 ms]
   [Clear CT: 0.0 ms]
   [Other: 0.1 ms]
      [Choose CSet: 0.0 ms]
      [Ref Proc: 0.0 ms]
      [Ref Enq: 0.0 ms]
      [Redirty Cards: 0.0 ms]
      [Humongous Register: 0.0 ms]
      [Humongous Reclaim: 0.0 ms]
      [Free CSet: 0.0 ms]
   [Eden: 1024.0K(1024.0K)->0.0B(1024.0K) Survivors: 1024.0K->1024.0K Heap: 12.6M(16.0M)->11.3M(16.0M)]
 [Times: user=0.06 sys=0.00, real=0.00 secs] 
0.297: [GC pause (G1 Evacuation Pause) (young), 0.0030265 secs]
   [Parallel Time: 2.7 ms, GC Workers: 4]
      [GC Worker Start (ms): Min: 296.7, Avg: 296.7, Max: 296.7, Diff: 0.0]
      [Ext Root Scanning (ms): Min: 0.0, Avg: 0.0, Max: 0.1, Diff: 0.0, Sum: 0.1]
      [Update RS (ms): Min: 0.2, Avg: 0.5, Max: 0.9, Diff: 0.7, Sum: 2.0]
         [Processed Buffers: Min: 1, Avg: 1.5, Max: 2, Diff: 1, Sum: 6]
      [Scan RS (ms): Min: 0.0, Avg: 0.0, Max: 0.0, Diff: 0.0, Sum: 0.0]
      [Code Root Scanning (ms): Min: 0.0, Avg: 0.0, Max: 0.0, Diff: 0.0, Sum: 0.0]
      [Object Copy (ms): Min: 1.7, Avg: 2.1, Max: 2.4, Diff: 0.7, Sum: 8.5]
      [Termination (ms): Min: 0.0, Avg: 0.0, Max: 0.0, Diff: 0.0, Sum: 0.0]
         [Termination Attempts: Min: 1, Avg: 2.5, Max: 5, Diff: 4, Sum: 10]
      [GC Worker Other (ms): Min: 0.0, Avg: 0.0, Max: 0.0, Diff: 0.0, Sum: 0.0]
      [GC Worker Total (ms): Min: 2.7, Avg: 2.7, Max: 2.7, Diff: 0.0, Sum: 10.7]
      [GC Worker End (ms): Min: 299.3, Avg: 299.3, Max: 299.3, Diff: 0.0]
   [Code Root Fixup: 0.0 ms]
   [Code Root Purge: 0.0 ms]
   [Clear CT: 0.0 ms]
   [Other: 0.3 ms]
      [Choose CSet: 0.0 ms]
      [Ref Proc: 0.0 ms]
      [Ref Enq: 0.0 ms]
      [Redirty Cards: 0.0 ms]
      [Humongous Register: 0.0 ms]
      [Humongous Reclaim: 0.0 ms]
      [Free CSet: 0.0 ms]
   [Eden: 1024.0K(1024.0K)->0.0B(5120.0K) Survivors: 1024.0K->1024.0K Heap: 12.3M(16.0M)->11.7M(24.0M)]
 [Times: user=0.00 sys=0.00, real=0.00 secs] 
0.304: [GC concurrent-mark-end, 0.0446934 secs]
0.304: [GC remark 0.304: [Finalize Marking, 0.0000478 secs] 0.304: [GC ref-proc, 0.0000897 secs] 0.304: [Unloading, 0.0003695 secs], 0.0006281 secs]
 [Times: user=0.00 sys=0.00, real=0.00 secs] 
0.305: [GC cleanup 14M->13M(24M), 0.0001461 secs]
 [Times: user=0.00 sys=0.00, real=0.00 secs] 
0.305: [GC concurrent-cleanup-start]
0.305: [GC concurrent-cleanup-end, 0.0000066 secs]
0.317: [GC pause (G1 Evacuation Pause) (young), 0.0066434 secs]
   [Parallel Time: 6.4 ms, GC Workers: 4]
      [GC Worker Start (ms): Min: 317.2, Avg: 317.3, Max: 317.3, Diff: 0.0]
      [Ext Root Scanning (ms): Min: 0.0, Avg: 0.0, Max: 0.1, Diff: 0.0, Sum: 0.1]
      [Update RS (ms): Min: 2.1, Avg: 2.2, Max: 2.4, Diff: 0.3, Sum: 9.0]
         [Processed Buffers: Min: 2, Avg: 2.5, Max: 3, Diff: 1, Sum: 10]
      [Scan RS (ms): Min: 0.0, Avg: 0.2, Max: 0.3, Diff: 0.3, Sum: 0.7]
      [Code Root Scanning (ms): Min: 0.0, Avg: 0.0, Max: 0.0, Diff: 0.0, Sum: 0.0]
      [Object Copy (ms): Min: 3.9, Avg: 3.9, Max: 3.9, Diff: 0.1, Sum: 15.5]
      [Termination (ms): Min: 0.0, Avg: 0.0, Max: 0.0, Diff: 0.0, Sum: 0.0]
         [Termination Attempts: Min: 1, Avg: 2.8, Max: 4, Diff: 3, Sum: 11]
      [GC Worker Other (ms): Min: 0.0, Avg: 0.0, Max: 0.0, Diff: 0.0, Sum: 0.0]
      [GC Worker Total (ms): Min: 6.3, Avg: 6.3, Max: 6.3, Diff: 0.0, Sum: 25.3]
      [GC Worker End (ms): Min: 323.6, Avg: 323.6, Max: 323.6, Diff: 0.0]
   [Code Root Fixup: 0.0 ms]
   [Code Root Purge: 0.0 ms]
   [Clear CT: 0.0 ms]
   [Other: 0.3 ms]
      [Choose CSet: 0.0 ms]
      [Ref Proc: 0.0 ms]
      [Ref Enq: 0.0 ms]
      [Redirty Cards: 0.0 ms]
      [Humongous Register: 0.0 ms]
      [Humongous Reclaim: 0.0 ms]
      [Free CSet: 0.0 ms]
   [Eden: 5120.0K(5120.0K)->0.0B(1024.0K) Survivors: 1024.0K->1024.0K Heap: 18.2M(24.0M)->14.6M(30.0M)]
 [Times: user=0.00 sys=0.00, real=0.01 secs] 
0.327: [GC pause (G1 Evacuation Pause) (mixed), 0.0058687 secs]
   [Parallel Time: 5.5 ms, GC Workers: 4]
      [GC Worker Start (ms): Min: 327.3, Avg: 327.5, Max: 328.1, Diff: 0.8]
      [Ext Root Scanning (ms): Min: 0.0, Avg: 0.0, Max: 0.1, Diff: 0.1, Sum: 0.1]
      [Update RS (ms): Min: 1.3, Avg: 1.6, Max: 2.0, Diff: 0.7, Sum: 6.5]
         [Processed Buffers: Min: 1, Avg: 2.5, Max: 4, Diff: 3, Sum: 10]
      [Scan RS (ms): Min: 0.1, Avg: 0.4, Max: 0.9, Diff: 0.8, Sum: 1.6]
      [Code Root Scanning (ms): Min: 0.0, Avg: 0.0, Max: 0.0, Diff: 0.0, Sum: 0.0]
      [Object Copy (ms): Min: 3.2, Avg: 3.2, Max: 3.3, Diff: 0.1, Sum: 13.0]
      [Termination (ms): Min: 0.0, Avg: 0.0, Max: 0.0, Diff: 0.0, Sum: 0.0]
         [Termination Attempts: Min: 1, Avg: 1.0, Max: 1, Diff: 0, Sum: 4]
      [GC Worker Other (ms): Min: 0.0, Avg: 0.0, Max: 0.0, Diff: 0.0, Sum: 0.0]
      [GC Worker Total (ms): Min: 4.7, Avg: 5.3, Max: 5.5, Diff: 0.8, Sum: 21.3]
      [GC Worker End (ms): Min: 332.8, Avg: 332.8, Max: 332.8, Diff: 0.0]
   [Code Root Fixup: 0.0 ms]
   [Code Root Purge: 0.0 ms]
   [Clear CT: 0.0 ms]
   [Other: 0.3 ms]
      [Choose CSet: 0.0 ms]
      [Ref Proc: 0.1 ms]
      [Ref Enq: 0.0 ms]
      [Redirty Cards: 0.0 ms]
      [Humongous Register: 0.0 ms]
      [Humongous Reclaim: 0.0 ms]
      [Free CSet: 0.0 ms]
   [Eden: 1024.0K(1024.0K)->0.0B(9216.0K) Survivors: 1024.0K->1024.0K Heap: 15.6M(30.0M)->15.4M(35.0M)]
 [Times: user=0.00 sys=0.00, real=0.01 secs] 
0.345: [GC pause (G1 Humongous Allocation) (young) (initial-mark), 0.0058261 secs]
   [Parallel Time: 5.5 ms, GC Workers: 4]
      [GC Worker Start (ms): Min: 345.4, Avg: 345.4, Max: 345.4, Diff: 0.0]
      [Ext Root Scanning (ms): Min: 0.1, Avg: 0.1, Max: 0.1, Diff: 0.0, Sum: 0.4]
      [Update RS (ms): Min: 1.8, Avg: 2.2, Max: 2.6, Diff: 0.8, Sum: 9.0]
         [Processed Buffers: Min: 3, Avg: 3.0, Max: 3, Diff: 0, Sum: 12]
      [Scan RS (ms): Min: 0.0, Avg: 0.0, Max: 0.0, Diff: 0.0, Sum: 0.0]
      [Code Root Scanning (ms): Min: 0.0, Avg: 0.0, Max: 0.0, Diff: 0.0, Sum: 0.0]
      [Object Copy (ms): Min: 2.7, Avg: 3.1, Max: 3.5, Diff: 0.8, Sum: 12.3]
      [Termination (ms): Min: 0.0, Avg: 0.0, Max: 0.0, Diff: 0.0, Sum: 0.0]
         [Termination Attempts: Min: 1, Avg: 1.0, Max: 1, Diff: 0, Sum: 4]
      [GC Worker Other (ms): Min: 0.0, Avg: 0.0, Max: 0.0, Diff: 0.0, Sum: 0.0]
      [GC Worker Total (ms): Min: 5.4, Avg: 5.4, Max: 5.4, Diff: 0.0, Sum: 21.7]
      [GC Worker End (ms): Min: 350.8, Avg: 350.8, Max: 350.8, Diff: 0.0]
   [Code Root Fixup: 0.0 ms]
   [Code Root Purge: 0.0 ms]
   [Clear CT: 0.0 ms]
   [Other: 0.3 ms]
      [Choose CSet: 0.0 ms]
      [Ref Proc: 0.1 ms]
      [Ref Enq: 0.0 ms]
      [Redirty Cards: 0.1 ms]
      [Humongous Register: 0.0 ms]
      [Humongous Reclaim: 0.0 ms]
      [Free CSet: 0.0 ms]
   [Eden: 5120.0K(9216.0K)->0.0B(12.0M) Survivors: 1024.0K->2048.0K Heap: 19.6M(35.0M)->16.3M(39.0M)]
 [Times: user=0.00 sys=0.00, real=0.01 secs] 
0.351: [GC concurrent-root-region-scan-start]
0.353: [GC concurrent-root-region-scan-end, 0.0013041 secs]
0.353: [GC concurrent-mark-start]
0.386: [GC concurrent-mark-reset-for-overflow]
0.389: [GC pause (G1 Evacuation Pause) (young), 0.0143933 secs]
   [Parallel Time: 14.0 ms, GC Workers: 4]
      [GC Worker Start (ms): Min: 388.8, Avg: 388.8, Max: 388.9, Diff: 0.1]
      [Ext Root Scanning (ms): Min: 0.0, Avg: 0.0, Max: 0.0, Diff: 0.0, Sum: 0.1]
      [Update RS (ms): Min: 3.4, Avg: 3.6, Max: 3.9, Diff: 0.5, Sum: 14.4]
         [Processed Buffers: Min: 3, Avg: 3.3, Max: 4, Diff: 1, Sum: 13]
      [Scan RS (ms): Min: 0.1, Avg: 0.4, Max: 0.7, Diff: 0.6, Sum: 1.8]
      [Code Root Scanning (ms): Min: 0.0, Avg: 0.0, Max: 0.0, Diff: 0.0, Sum: 0.0]
      [Object Copy (ms): Min: 9.4, Avg: 9.5, Max: 9.6, Diff: 0.2, Sum: 38.0]
      [Termination (ms): Min: 0.0, Avg: 0.3, Max: 0.4, Diff: 0.4, Sum: 1.2]
         [Termination Attempts: Min: 1, Avg: 14.0, Max: 27, Diff: 26, Sum: 56]
      [GC Worker Other (ms): Min: 0.0, Avg: 0.0, Max: 0.0, Diff: 0.0, Sum: 0.0]
      [GC Worker Total (ms): Min: 13.8, Avg: 13.9, Max: 14.0, Diff: 0.2, Sum: 55.6]
      [GC Worker End (ms): Min: 402.6, Avg: 402.7, Max: 402.8, Diff: 0.2]
   [Code Root Fixup: 0.0 ms]
   [Code Root Purge: 0.0 ms]
   [Clear CT: 0.0 ms]
   [Other: 0.3 ms]
      [Choose CSet: 0.0 ms]
      [Ref Proc: 0.2 ms]
      [Ref Enq: 0.0 ms]
      [Redirty Cards: 0.0 ms]
      [Humongous Register: 0.0 ms]
      [Humongous Reclaim: 0.0 ms]
      [Free CSet: 0.0 ms]
   [Eden: 12.0M(12.0M)->0.0B(9216.0K) Survivors: 2048.0K->2048.0K Heap: 31.4M(39.0M)->23.0M(43.0M)]
 [Times: user=0.05 sys=0.00, real=0.02 secs] 
0.426: [GC concurrent-mark-end, 0.0737816 secs]
0.427: [GC remark 0.427: [Finalize Marking, 0.0000580 secs] 0.427: [GC ref-proc, 0.0000992 secs] 0.427: [Unloading, 0.0003157 secs], 0.0006425 secs]
 [Times: user=0.00 sys=0.00, real=0.00 secs] 
0.427: [GC cleanup 33M->31M(43M), 0.0001281 secs]
 [Times: user=0.00 sys=0.00, real=0.00 secs] 
0.427: [GC concurrent-cleanup-start]
0.427: [GC concurrent-cleanup-end, 0.0000075 secs]
0.436: [GC pause (G1 Evacuation Pause) (young), 0.0181151 secs]
   [Parallel Time: 17.2 ms, GC Workers: 4]
      [GC Worker Start (ms): Min: 435.8, Avg: 435.8, Max: 436.0, Diff: 0.2]
      [Ext Root Scanning (ms): Min: 0.0, Avg: 0.0, Max: 0.1, Diff: 0.1, Sum: 0.2]
      [Update RS (ms): Min: 4.2, Avg: 5.0, Max: 5.4, Diff: 1.2, Sum: 19.9]
         [Processed Buffers: Min: 3, Avg: 4.0, Max: 5, Diff: 2, Sum: 16]
      [Scan RS (ms): Min: 0.2, Avg: 0.6, Max: 1.3, Diff: 1.1, Sum: 2.3]
      [Code Root Scanning (ms): Min: 0.0, Avg: 0.0, Max: 0.0, Diff: 0.0, Sum: 0.0]
      [Object Copy (ms): Min: 11.1, Avg: 11.2, Max: 11.3, Diff: 0.3, Sum: 44.7]
      [Termination (ms): Min: 0.0, Avg: 0.2, Max: 0.4, Diff: 0.4, Sum: 1.0]
         [Termination Attempts: Min: 1, Avg: 72.3, Max: 137, Diff: 136, Sum: 289]
      [GC Worker Other (ms): Min: 0.0, Avg: 0.0, Max: 0.0, Diff: 0.0, Sum: 0.0]
      [GC Worker Total (ms): Min: 16.8, Avg: 17.0, Max: 17.2, Diff: 0.4, Sum: 68.0]
      [GC Worker End (ms): Min: 452.7, Avg: 452.8, Max: 453.0, Diff: 0.3]
   [Code Root Fixup: 0.0 ms]
   [Code Root Purge: 0.0 ms]
   [Clear CT: 0.0 ms]
   [Other: 0.8 ms]
      [Choose CSet: 0.0 ms]
      [Ref Proc: 0.7 ms]
      [Ref Enq: 0.0 ms]
      [Redirty Cards: 0.0 ms]
      [Humongous Register: 0.0 ms]
      [Humongous Reclaim: 0.0 ms]
      [Free CSet: 0.0 ms]
   [Eden: 9216.0K(9216.0K)->0.0B(1024.0K) Survivors: 2048.0K->2048.0K Heap: 34.3M(43.0M)->29.8M(45.0M)]
 [Times: user=0.06 sys=0.00, real=0.02 secs] 
0.458: [GC pause (G1 Evacuation Pause) (mixed), 0.0092424 secs]
   [Parallel Time: 8.8 ms, GC Workers: 4]
      [GC Worker Start (ms): Min: 457.6, Avg: 457.6, Max: 457.6, Diff: 0.0]
      [Ext Root Scanning (ms): Min: 0.0, Avg: 0.0, Max: 0.1, Diff: 0.0, Sum: 0.1]
      [Update RS (ms): Min: 2.8, Avg: 3.0, Max: 3.4, Diff: 0.5, Sum: 12.2]
         [Processed Buffers: Min: 3, Avg: 3.5, Max: 4, Diff: 1, Sum: 14]
      [Scan RS (ms): Min: 0.2, Avg: 0.6, Max: 0.8, Diff: 0.6, Sum: 2.4]
      [Code Root Scanning (ms): Min: 0.0, Avg: 0.0, Max: 0.0, Diff: 0.0, Sum: 0.0]
      [Object Copy (ms): Min: 5.0, Avg: 5.1, Max: 5.1, Diff: 0.1, Sum: 20.3]
      [Termination (ms): Min: 0.0, Avg: 0.0, Max: 0.0, Diff: 0.0, Sum: 0.0]
         [Termination Attempts: Min: 1, Avg: 12.8, Max: 23, Diff: 22, Sum: 51]
      [GC Worker Other (ms): Min: 0.0, Avg: 0.0, Max: 0.0, Diff: 0.0, Sum: 0.0]
      [GC Worker Total (ms): Min: 8.8, Avg: 8.8, Max: 8.8, Diff: 0.0, Sum: 35.1]
      [GC Worker End (ms): Min: 466.3, Avg: 466.3, Max: 466.3, Diff: 0.0]
   [Code Root Fixup: 0.0 ms]
   [Code Root Purge: 0.0 ms]
   [Clear CT: 0.0 ms]
   [Other: 0.4 ms]
      [Choose CSet: 0.0 ms]
      [Ref Proc: 0.2 ms]
      [Ref Enq: 0.0 ms]
      [Redirty Cards: 0.0 ms]
      [Humongous Register: 0.0 ms]
      [Humongous Reclaim: 0.0 ms]
      [Free CSet: 0.0 ms]
   [Eden: 1024.0K(1024.0K)->0.0B(6144.0K) Survivors: 2048.0K->1024.0K Heap: 30.8M(45.0M)->30.8M(47.0M)]
 [Times: user=0.06 sys=0.00, real=0.01 secs] 
0.486: [GC pause (G1 Evacuation Pause) (young), 0.0082001 secs]
   [Parallel Time: 8.0 ms, GC Workers: 4]
      [GC Worker Start (ms): Min: 485.7, Avg: 485.7, Max: 485.7, Diff: 0.0]
      [Ext Root Scanning (ms): Min: 0.0, Avg: 0.0, Max: 0.1, Diff: 0.0, Sum: 0.1]
      [Update RS (ms): Min: 3.0, Avg: 3.5, Max: 3.9, Diff: 0.9, Sum: 14.1]
         [Processed Buffers: Min: 3, Avg: 4.0, Max: 6, Diff: 3, Sum: 16]
      [Scan RS (ms): Min: 0.0, Avg: 0.0, Max: 0.0, Diff: 0.0, Sum: 0.0]
      [Code Root Scanning (ms): Min: 0.0, Avg: 0.0, Max: 0.0, Diff: 0.0, Sum: 0.0]
      [Object Copy (ms): Min: 4.0, Avg: 4.3, Max: 4.9, Diff: 1.0, Sum: 17.4]
      [Termination (ms): Min: 0.0, Avg: 0.0, Max: 0.0, Diff: 0.0, Sum: 0.0]
         [Termination Attempts: Min: 1, Avg: 5.8, Max: 13, Diff: 12, Sum: 23]
      [GC Worker Other (ms): Min: 0.0, Avg: 0.0, Max: 0.0, Diff: 0.0, Sum: 0.0]
      [GC Worker Total (ms): Min: 7.9, Avg: 7.9, Max: 7.9, Diff: 0.0, Sum: 31.7]
      [GC Worker End (ms): Min: 493.6, Avg: 493.6, Max: 493.6, Diff: 0.0]
   [Code Root Fixup: 0.0 ms]
   [Code Root Purge: 0.0 ms]
   [Clear CT: 0.0 ms]
   [Other: 0.2 ms]
      [Choose CSet: 0.0 ms]
      [Ref Proc: 0.1 ms]
      [Ref Enq: 0.0 ms]
      [Redirty Cards: 0.0 ms]
      [Humongous Register: 0.0 ms]
      [Humongous Reclaim: 0.0 ms]
      [Free CSet: 0.0 ms]
   [Eden: 6144.0K(6144.0K)->0.0B(6144.0K) Survivors: 1024.0K->1024.0K Heap: 36.8M(47.0M)->32.8M(48.0M)]
 [Times: user=0.00 sys=0.00, real=0.01 secs] 
0.520: [GC pause (G1 Evacuation Pause) (young) (initial-mark), 0.0079142 secs]
   [Parallel Time: 7.6 ms, GC Workers: 4]
      [GC Worker Start (ms): Min: 520.4, Avg: 520.4, Max: 520.4, Diff: 0.1]
      [Ext Root Scanning (ms): Min: 0.1, Avg: 0.1, Max: 0.1, Diff: 0.0, Sum: 0.4]
      [Update RS (ms): Min: 1.7, Avg: 2.4, Max: 3.0, Diff: 1.3, Sum: 9.5]
         [Processed Buffers: Min: 2, Avg: 3.0, Max: 5, Diff: 3, Sum: 12]
      [Scan RS (ms): Min: 0.0, Avg: 0.0, Max: 0.0, Diff: 0.0, Sum: 0.0]
      [Code Root Scanning (ms): Min: 0.0, Avg: 0.0, Max: 0.0, Diff: 0.0, Sum: 0.0]
      [Object Copy (ms): Min: 4.0, Avg: 4.7, Max: 5.5, Diff: 1.5, Sum: 18.7]
      [Termination (ms): Min: 0.0, Avg: 0.3, Max: 0.4, Diff: 0.4, Sum: 1.2]
         [Termination Attempts: Min: 1, Avg: 1.3, Max: 2, Diff: 1, Sum: 5]
      [GC Worker Other (ms): Min: 0.0, Avg: 0.0, Max: 0.0, Diff: 0.0, Sum: 0.0]
      [GC Worker Total (ms): Min: 7.4, Avg: 7.5, Max: 7.5, Diff: 0.2, Sum: 29.9]
      [GC Worker End (ms): Min: 527.7, Avg: 527.9, Max: 527.9, Diff: 0.2]
   [Code Root Fixup: 0.0 ms]
   [Code Root Purge: 0.0 ms]
   [Clear CT: 0.0 ms]
   [Other: 0.3 ms]
      [Choose CSet: 0.0 ms]
      [Ref Proc: 0.2 ms]
      [Ref Enq: 0.0 ms]
      [Redirty Cards: 0.0 ms]
      [Humongous Register: 0.0 ms]
      [Humongous Reclaim: 0.0 ms]
      [Free CSet: 0.0 ms]
   [Eden: 6144.0K(6144.0K)->0.0B(4096.0K) Survivors: 1024.0K->1024.0K Heap: 38.8M(48.0M)->35.0M(49.0M)]
 [Times: user=0.00 sys=0.00, real=0.01 secs] 
0.528: [GC concurrent-root-region-scan-start]
0.529: [GC concurrent-root-region-scan-end, 0.0010611 secs]
0.529: [GC concurrent-mark-start]
0.599: [GC pause (G1 Evacuation Pause) (young), 0.0127491 secs]
   [Parallel Time: 11.7 ms, GC Workers: 4]
      [GC Worker Start (ms): Min: 598.6, Avg: 598.7, Max: 598.7, Diff: 0.1]
      [Ext Root Scanning (ms): Min: 0.0, Avg: 0.0, Max: 0.1, Diff: 0.1, Sum: 0.2]
      [Update RS (ms): Min: 4.1, Avg: 4.4, Max: 4.7, Diff: 0.6, Sum: 17.6]
         [Processed Buffers: Min: 3, Avg: 4.3, Max: 5, Diff: 2, Sum: 17]
      [Scan RS (ms): Min: 0.0, Avg: 0.3, Max: 0.6, Diff: 0.6, Sum: 1.3]
      [Code Root Scanning (ms): Min: 0.0, Avg: 0.0, Max: 0.0, Diff: 0.0, Sum: 0.0]
      [Object Copy (ms): Min: 6.8, Avg: 6.8, Max: 6.8, Diff: 0.0, Sum: 27.2]
      [Termination (ms): Min: 0.0, Avg: 0.0, Max: 0.0, Diff: 0.0, Sum: 0.1]
         [Termination Attempts: Min: 1, Avg: 40.5, Max: 70, Diff: 69, Sum: 162]
      [GC Worker Other (ms): Min: 0.0, Avg: 0.0, Max: 0.0, Diff: 0.0, Sum: 0.0]
      [GC Worker Total (ms): Min: 11.5, Avg: 11.6, Max: 11.6, Diff: 0.1, Sum: 46.4]
      [GC Worker End (ms): Min: 610.3, Avg: 610.3, Max: 610.3, Diff: 0.0]
   [Code Root Fixup: 0.0 ms]
   [Code Root Purge: 0.0 ms]
   [Clear CT: 0.0 ms]
   [Other: 1.1 ms]
      [Choose CSet: 0.0 ms]
      [Ref Proc: 0.2 ms]
      [Ref Enq: 0.0 ms]
      [Redirty Cards: 0.0 ms]
      [Humongous Register: 0.0 ms]
      [Humongous Reclaim: 0.0 ms]
      [Free CSet: 0.0 ms]
   [Eden: 4096.0K(4096.0K)->0.0B(29.0M) Survivors: 1024.0K->1024.0K Heap: 46.0M(56.0M)->44.5M(96.0M)]
 [Times: user=0.06 sys=0.00, real=0.01 secs] 
0.612: [GC concurrent-mark-reset-for-overflow]
0.675: [GC concurrent-mark-end, 0.1450264 secs]
0.675: [GC remark 0.675: [Finalize Marking, 0.0006835 secs] 0.676: [GC ref-proc, 0.0001021 secs] 0.676: [Unloading, 0.0003349 secs], 0.0013322 secs]
 [Times: user=0.00 sys=0.00, real=0.00 secs] 
0.676: [GC cleanup 61M->55M(96M), 0.0001370 secs]
 [Times: user=0.00 sys=0.00, real=0.00 secs] 
0.677: [GC concurrent-cleanup-start]
0.677: [GC concurrent-cleanup-end, 0.0000112 secs]
0.722: [GC pause (G1 Evacuation Pause) (young), 0.0320369 secs]
   [Parallel Time: 30.4 ms, GC Workers: 4]
      [GC Worker Start (ms): Min: 722.2, Avg: 724.3, Max: 730.0, Diff: 7.9]
      [Ext Root Scanning (ms): Min: 0.0, Avg: 0.1, Max: 0.1, Diff: 0.1, Sum: 0.2]
      [Update RS (ms): Min: 3.1, Avg: 8.3, Max: 10.4, Diff: 7.3, Sum: 33.0]
         [Processed Buffers: Min: 2, Avg: 5.3, Max: 7, Diff: 5, Sum: 21]
      [Scan RS (ms): Min: 0.0, Avg: 0.4, Max: 1.0, Diff: 1.0, Sum: 1.4]
      [Code Root Scanning (ms): Min: 0.0, Avg: 0.0, Max: 0.0, Diff: 0.0, Sum: 0.0]
      [Object Copy (ms): Min: 19.0, Avg: 19.2, Max: 19.6, Diff: 0.6, Sum: 76.7]
      [Termination (ms): Min: 0.0, Avg: 0.3, Max: 0.6, Diff: 0.6, Sum: 1.4]
         [Termination Attempts: Min: 1, Avg: 2.8, Max: 5, Diff: 4, Sum: 11]
      [GC Worker Other (ms): Min: 0.0, Avg: 0.0, Max: 0.0, Diff: 0.0, Sum: 0.0]
      [GC Worker Total (ms): Min: 22.5, Avg: 28.2, Max: 30.3, Diff: 7.9, Sum: 112.8]
      [GC Worker End (ms): Min: 752.4, Avg: 752.5, Max: 752.5, Diff: 0.1]
   [Code Root Fixup: 0.0 ms]
   [Code Root Purge: 0.0 ms]
   [Clear CT: 0.0 ms]
   [Other: 1.6 ms]
      [Choose CSet: 0.0 ms]
      [Ref Proc: 0.7 ms]
      [Ref Enq: 0.0 ms]
      [Redirty Cards: 0.0 ms]
      [Humongous Register: 0.0 ms]
      [Humongous Reclaim: 0.0 ms]
      [Free CSet: 0.0 ms]
   [Eden: 29.0M(29.0M)->0.0B(42.0M) Survivors: 1024.0K->4096.0K Heap: 68.4M(96.0M)->49.8M(128.0M)]
 [Times: user=0.13 sys=0.00, real=0.03 secs] 
0.914: [GC pause (G1 Evacuation Pause) (young), 0.0408737 secs]
   [Parallel Time: 40.1 ms, GC Workers: 4]
      [GC Worker Start (ms): Min: 913.6, Avg: 913.7, Max: 913.9, Diff: 0.2]
      [Ext Root Scanning (ms): Min: 0.0, Avg: 0.0, Max: 0.1, Diff: 0.1, Sum: 0.1]
      [Update RS (ms): Min: 7.3, Avg: 8.0, Max: 8.6, Diff: 1.3, Sum: 31.8]
         [Processed Buffers: Min: 5, Avg: 6.0, Max: 7, Diff: 2, Sum: 24]
      [Scan RS (ms): Min: 1.9, Avg: 2.5, Max: 3.1, Diff: 1.2, Sum: 9.8]
      [Code Root Scanning (ms): Min: 0.0, Avg: 0.0, Max: 0.0, Diff: 0.0, Sum: 0.0]
      [Object Copy (ms): Min: 29.1, Avg: 29.2, Max: 29.3, Diff: 0.2, Sum: 116.9]
      [Termination (ms): Min: 0.0, Avg: 0.2, Max: 0.4, Diff: 0.4, Sum: 0.9]
         [Termination Attempts: Min: 1, Avg: 15.0, Max: 26, Diff: 25, Sum: 60]
      [GC Worker Other (ms): Min: 0.0, Avg: 0.0, Max: 0.0, Diff: 0.0, Sum: 0.0]
      [GC Worker Total (ms): Min: 39.7, Avg: 39.9, Max: 40.1, Diff: 0.4, Sum: 159.7]
      [GC Worker End (ms): Min: 953.5, Avg: 953.6, Max: 953.7, Diff: 0.2]
   [Code Root Fixup: 0.0 ms]
   [Code Root Purge: 0.0 ms]
   [Clear CT: 0.0 ms]
   [Other: 0.8 ms]
      [Choose CSet: 0.0 ms]
      [Ref Proc: 0.0 ms]
      [Ref Enq: 0.0 ms]
      [Redirty Cards: 0.0 ms]
      [Humongous Register: 0.0 ms]
      [Humongous Reclaim: 0.0 ms]
      [Free CSet: 0.0 ms]
   [Eden: 42.0M(42.0M)->0.0B(43.0M) Survivors: 4096.0K->6144.0K Heap: 102.2M(128.0M)->73.0M(154.0M)]
 [Times: user=0.17 sys=0.00, real=0.04 secs] 
0.984: [GC pause (G1 Humongous Allocation) (young) (initial-mark), 0.0254943 secs]
   [Parallel Time: 24.2 ms, GC Workers: 4]
      [GC Worker Start (ms): Min: 983.6, Avg: 983.7, Max: 983.8, Diff: 0.1]
      [Ext Root Scanning (ms): Min: 0.0, Avg: 0.7, Max: 2.0, Diff: 2.0, Sum: 3.0]
      [Update RS (ms): Min: 3.2, Avg: 4.7, Max: 5.8, Diff: 2.6, Sum: 18.7]
         [Processed Buffers: Min: 4, Avg: 5.5, Max: 7, Diff: 3, Sum: 22]
      [Scan RS (ms): Min: 2.1, Avg: 2.9, Max: 3.5, Diff: 1.5, Sum: 11.6]
      [Code Root Scanning (ms): Min: 0.0, Avg: 0.0, Max: 0.0, Diff: 0.0, Sum: 0.0]
      [Object Copy (ms): Min: 15.2, Avg: 15.6, Max: 15.9, Diff: 0.7, Sum: 62.3]
      [Termination (ms): Min: 0.0, Avg: 0.2, Max: 0.2, Diff: 0.2, Sum: 0.7]
         [Termination Attempts: Min: 1, Avg: 3.8, Max: 8, Diff: 7, Sum: 15]
      [GC Worker Other (ms): Min: 0.0, Avg: 0.0, Max: 0.0, Diff: 0.0, Sum: 0.0]
      [GC Worker Total (ms): Min: 24.0, Avg: 24.1, Max: 24.1, Diff: 0.2, Sum: 96.3]
      [GC Worker End (ms): Min: 1007.7, Avg: 1007.8, Max: 1007.8, Diff: 0.1]
   [Code Root Fixup: 0.0 ms]
   [Code Root Purge: 0.0 ms]
   [Clear CT: 0.0 ms]
   [Other: 1.3 ms]
      [Choose CSet: 0.0 ms]
      [Ref Proc: 0.7 ms]
      [Ref Enq: 0.0 ms]
      [Redirty Cards: 0.0 ms]
      [Humongous Register: 0.0 ms]
      [Humongous Reclaim: 0.0 ms]
      [Free CSet: 0.0 ms]
   [Eden: 9216.0K(43.0M)->0.0B(54.0M) Survivors: 6144.0K->7168.0K Heap: 81.5M(154.0M)->77.5M(175.0M)]
 [Times: user=0.06 sys=0.00, real=0.03 secs] 
1.009: [GC concurrent-root-region-scan-start]
1.015: [GC concurrent-root-region-scan-end, 0.0057795 secs]
1.015: [GC concurrent-mark-start]
1.186: [GC concurrent-mark-reset-for-overflow]
1.271: [GC pause (G1 Evacuation Pause) (young), 0.0604338 secs]
   [Parallel Time: 59.8 ms, GC Workers: 4]
      [GC Worker Start (ms): Min: 1271.2, Avg: 1271.5, Max: 1272.2, Diff: 0.9]
      [Ext Root Scanning (ms): Min: 0.0, Avg: 0.0, Max: 0.1, Diff: 0.1, Sum: 0.1]
      [Update RS (ms): Min: 8.6, Avg: 9.0, Max: 9.8, Diff: 1.2, Sum: 36.2]
         [Processed Buffers: Min: 4, Avg: 6.0, Max: 8, Diff: 4, Sum: 24]
      [Scan RS (ms): Min: 4.1, Avg: 4.6, Max: 5.3, Diff: 1.2, Sum: 18.4]
      [Code Root Scanning (ms): Min: 0.0, Avg: 0.0, Max: 0.0, Diff: 0.0, Sum: 0.0]
      [Object Copy (ms): Min: 45.7, Avg: 45.7, Max: 45.8, Diff: 0.1, Sum: 182.9]
      [Termination (ms): Min: 0.0, Avg: 0.1, Max: 0.1, Diff: 0.1, Sum: 0.2]
         [Termination Attempts: Min: 1, Avg: 97.5, Max: 139, Diff: 138, Sum: 390]
      [GC Worker Other (ms): Min: 0.0, Avg: 0.0, Max: 0.0, Diff: 0.0, Sum: 0.1]
      [GC Worker Total (ms): Min: 58.8, Avg: 59.5, Max: 59.7, Diff: 0.9, Sum: 237.9]
      [GC Worker End (ms): Min: 1331.0, Avg: 1331.0, Max: 1331.0, Diff: 0.0]
   [Code Root Fixup: 0.0 ms]
   [Code Root Purge: 0.0 ms]
   [Clear CT: 0.0 ms]
   [Other: 0.6 ms]
      [Choose CSet: 0.0 ms]
      [Ref Proc: 0.0 ms]
      [Ref Enq: 0.0 ms]
      [Redirty Cards: 0.1 ms]
      [Humongous Register: 0.0 ms]
      [Humongous Reclaim: 0.0 ms]
      [Free CSet: 0.0 ms]
   [Eden: 54.0M(54.0M)->0.0B(45.0M) Survivors: 7168.0K->8192.0K Heap: 147.2M(175.0M)->108.7M(192.0M)]
 [Times: user=0.25 sys=0.00, real=0.06 secs] 
1.376: [GC concurrent-mark-end, 0.3612751 secs]
1.376: [GC remark 1.376: [Finalize Marking, 0.0000629 secs] 1.377: [GC ref-proc, 0.0000870 secs] 1.377: [Unloading, 0.0003079 secs], 0.0008020 secs]
 [Times: user=0.00 sys=0.00, real=0.00 secs] 
1.377: [GC cleanup 121M->109M(192M), 0.0001729 secs]
 [Times: user=0.00 sys=0.00, real=0.00 secs] 
1.378: [GC concurrent-cleanup-start]
1.378: [GC concurrent-cleanup-end, 0.0000090 secs]
1.493: [GC pause (G1 Evacuation Pause) (young), 0.0601823 secs]
   [Parallel Time: 59.6 ms, GC Workers: 4]
      [GC Worker Start (ms): Min: 1493.4, Avg: 1493.4, Max: 1493.4, Diff: 0.0]
      [Ext Root Scanning (ms): Min: 0.0, Avg: 0.0, Max: 0.1, Diff: 0.0, Sum: 0.1]
      [Update RS (ms): Min: 8.3, Avg: 8.8, Max: 9.6, Diff: 1.3, Sum: 35.3]
         [Processed Buffers: Min: 5, Avg: 6.0, Max: 8, Diff: 3, Sum: 24]
      [Scan RS (ms): Min: 6.1, Avg: 6.8, Max: 7.3, Diff: 1.2, Sum: 27.3]
      [Code Root Scanning (ms): Min: 0.0, Avg: 0.0, Max: 0.0, Diff: 0.0, Sum: 0.0]
      [Object Copy (ms): Min: 43.8, Avg: 43.9, Max: 43.9, Diff: 0.1, Sum: 175.5]
      [Termination (ms): Min: 0.0, Avg: 0.0, Max: 0.1, Diff: 0.1, Sum: 0.1]
         [Termination Attempts: Min: 1, Avg: 69.0, Max: 130, Diff: 129, Sum: 276]
      [GC Worker Other (ms): Min: 0.0, Avg: 0.0, Max: 0.0, Diff: 0.0, Sum: 0.0]
      [GC Worker Total (ms): Min: 59.6, Avg: 59.6, Max: 59.6, Diff: 0.0, Sum: 238.4]
      [GC Worker End (ms): Min: 1553.0, Avg: 1553.0, Max: 1553.0, Diff: 0.0]
   [Code Root Fixup: 0.0 ms]
   [Code Root Purge: 0.0 ms]
   [Clear CT: 0.0 ms]
   [Other: 0.5 ms]
      [Choose CSet: 0.0 ms]
      [Ref Proc: 0.0 ms]
      [Ref Enq: 0.0 ms]
      [Redirty Cards: 0.1 ms]
      [Humongous Register: 0.0 ms]
      [Humongous Reclaim: 0.0 ms]
      [Free CSet: 0.0 ms]
   [Eden: 45.0M(45.0M)->0.0B(3072.0K) Survivors: 8192.0K->7168.0K Heap: 165.6M(192.0M)->134.1M(205.0M)]
 [Times: user=0.23 sys=0.00, real=0.06 secs] 
1.571: [GC pause (G1 Evacuation Pause) (mixed), 0.0268691 secs]
   [Parallel Time: 26.4 ms, GC Workers: 4]
      [GC Worker Start (ms): Min: 1570.6, Avg: 1570.6, Max: 1570.6, Diff: 0.0]
      [Ext Root Scanning (ms): Min: 0.0, Avg: 0.0, Max: 0.1, Diff: 0.1, Sum: 0.2]
      [Update RS (ms): Min: 5.7, Avg: 6.0, Max: 6.8, Diff: 1.1, Sum: 24.1]
         [Processed Buffers: Min: 5, Avg: 5.5, Max: 6, Diff: 1, Sum: 22]
      [Scan RS (ms): Min: 2.5, Avg: 3.2, Max: 3.5, Diff: 1.0, Sum: 12.6]
      [Code Root Scanning (ms): Min: 0.0, Avg: 0.0, Max: 0.0, Diff: 0.0, Sum: 0.0]
      [Object Copy (ms): Min: 17.0, Avg: 17.1, Max: 17.2, Diff: 0.2, Sum: 68.4]
      [Termination (ms): Min: 0.0, Avg: 0.0, Max: 0.1, Diff: 0.1, Sum: 0.1]
         [Termination Attempts: Min: 1, Avg: 72.3, Max: 124, Diff: 123, Sum: 289]
      [GC Worker Other (ms): Min: 0.0, Avg: 0.0, Max: 0.0, Diff: 0.0, Sum: 0.0]
      [GC Worker Total (ms): Min: 26.4, Avg: 26.4, Max: 26.4, Diff: 0.0, Sum: 105.5]
      [GC Worker End (ms): Min: 1597.0, Avg: 1597.0, Max: 1597.0, Diff: 0.0]
   [Code Root Fixup: 0.0 ms]
   [Code Root Purge: 0.0 ms]
   [Clear CT: 0.0 ms]
   [Other: 0.4 ms]
      [Choose CSet: 0.0 ms]
      [Ref Proc: 0.1 ms]
      [Ref Enq: 0.0 ms]
      [Redirty Cards: 0.0 ms]
      [Humongous Register: 0.0 ms]
      [Humongous Reclaim: 0.0 ms]
      [Free CSet: 0.0 ms]
   [Eden: 3072.0K(3072.0K)->0.0B(43.0M) Survivors: 7168.0K->2048.0K Heap: 137.1M(205.0M)->135.1M(216.0M)]
 [Times: user=0.09 sys=0.00, real=0.03 secs] 
1.743: [GC pause (G1 Evacuation Pause) (young), 0.0317083 secs]
   [Parallel Time: 30.5 ms, GC Workers: 4]
      [GC Worker Start (ms): Min: 1743.1, Avg: 1743.2, Max: 1743.2, Diff: 0.0]
      [Ext Root Scanning (ms): Min: 0.0, Avg: 0.0, Max: 0.1, Diff: 0.0, Sum: 0.1]
      [Update RS (ms): Min: 8.7, Avg: 9.3, Max: 9.8, Diff: 1.1, Sum: 37.0]
         [Processed Buffers: Min: 6, Avg: 6.5, Max: 8, Diff: 2, Sum: 26]
      [Scan RS (ms): Min: 0.0, Avg: 0.4, Max: 0.9, Diff: 0.9, Sum: 1.6]
      [Code Root Scanning (ms): Min: 0.0, Avg: 0.0, Max: 0.0, Diff: 0.0, Sum: 0.0]
      [Object Copy (ms): Min: 20.6, Avg: 20.7, Max: 20.8, Diff: 0.2, Sum: 82.9]
      [Termination (ms): Min: 0.0, Avg: 0.0, Max: 0.0, Diff: 0.0, Sum: 0.0]
         [Termination Attempts: Min: 1, Avg: 11.3, Max: 20, Diff: 19, Sum: 45]
      [GC Worker Other (ms): Min: 0.0, Avg: 0.0, Max: 0.0, Diff: 0.0, Sum: 0.0]
      [GC Worker Total (ms): Min: 30.4, Avg: 30.4, Max: 30.4, Diff: 0.0, Sum: 121.7]
      [GC Worker End (ms): Min: 1773.6, Avg: 1773.6, Max: 1773.6, Diff: 0.0]
   [Code Root Fixup: 0.0 ms]
   [Code Root Purge: 0.0 ms]
   [Clear CT: 0.0 ms]
   [Other: 1.2 ms]
      [Choose CSet: 0.0 ms]
      [Ref Proc: 0.9 ms]
      [Ref Enq: 0.0 ms]
      [Redirty Cards: 0.0 ms]
      [Humongous Register: 0.0 ms]
      [Humongous Reclaim: 0.0 ms]
      [Free CSet: 0.0 ms]
   [Eden: 43.0M(43.0M)->0.0B(40.0M) Survivors: 2048.0K->6144.0K Heap: 178.1M(216.0M)->147.6M(224.0M)]
 [Times: user=0.09 sys=0.02, real=0.03 secs] 
1.887: [GC pause (G1 Humongous Allocation) (young) (initial-mark), 0.0398017 secs]
   [Parallel Time: 39.4 ms, GC Workers: 4]
      [GC Worker Start (ms): Min: 1887.0, Avg: 1887.0, Max: 1887.0, Diff: 0.0]
      [Ext Root Scanning (ms): Min: 0.1, Avg: 0.1, Max: 0.1, Diff: 0.0, Sum: 0.4]
      [Update RS (ms): Min: 10.0, Avg: 10.3, Max: 10.6, Diff: 0.6, Sum: 41.1]
         [Processed Buffers: Min: 7, Avg: 8.5, Max: 11, Diff: 4, Sum: 34]
      [Scan RS (ms): Min: 1.3, Avg: 1.6, Max: 1.8, Diff: 0.6, Sum: 6.5]
      [Code Root Scanning (ms): Min: 0.0, Avg: 0.0, Max: 0.0, Diff: 0.0, Sum: 0.0]
      [Object Copy (ms): Min: 27.2, Avg: 27.3, Max: 27.4, Diff: 0.1, Sum: 109.2]
      [Termination (ms): Min: 0.0, Avg: 0.0, Max: 0.0, Diff: 0.0, Sum: 0.1]
         [Termination Attempts: Min: 1, Avg: 27.8, Max: 50, Diff: 49, Sum: 111]
      [GC Worker Other (ms): Min: 0.0, Avg: 0.0, Max: 0.0, Diff: 0.0, Sum: 0.0]
      [GC Worker Total (ms): Min: 39.3, Avg: 39.3, Max: 39.3, Diff: 0.0, Sum: 157.3]
      [GC Worker End (ms): Min: 1926.3, Avg: 1926.3, Max: 1926.3, Diff: 0.0]
   [Code Root Fixup: 0.0 ms]
   [Code Root Purge: 0.0 ms]
   [Clear CT: 0.0 ms]
   [Other: 0.4 ms]
      [Choose CSet: 0.0 ms]
      [Ref Proc: 0.1 ms]
      [Ref Enq: 0.0 ms]
      [Redirty Cards: 0.0 ms]
      [Humongous Register: 0.0 ms]
      [Humongous Reclaim: 0.0 ms]
      [Free CSet: 0.0 ms]
   [Eden: 38.0M(40.0M)->0.0B(35.0M) Survivors: 6144.0K->6144.0K Heap: 185.6M(224.0M)->159.1M(231.0M)]
 [Times: user=0.19 sys=0.00, real=0.04 secs] 
1.927: [GC concurrent-root-region-scan-start]
1.933: [GC concurrent-root-region-scan-end, 0.0064360 secs]
1.933: [GC concurrent-mark-start]
2.300: [GC pause (G1 Evacuation Pause) (young), 0.0432966 secs]
   [Parallel Time: 43.0 ms, GC Workers: 4]
      [GC Worker Start (ms): Min: 2299.7, Avg: 2299.7, Max: 2299.7, Diff: 0.0]
      [Ext Root Scanning (ms): Min: 0.0, Avg: 0.0, Max: 0.1, Diff: 0.0, Sum: 0.1]
      [Update RS (ms): Min: 9.6, Avg: 10.0, Max: 10.7, Diff: 1.1, Sum: 39.9]
         [Processed Buffers: Min: 7, Avg: 8.3, Max: 9, Diff: 2, Sum: 33]
      [Scan RS (ms): Min: 0.9, Avg: 1.8, Max: 2.2, Diff: 1.2, Sum: 7.1]
      [Code Root Scanning (ms): Min: 0.0, Avg: 0.0, Max: 0.0, Diff: 0.0, Sum: 0.0]
      [Object Copy (ms): Min: 31.0, Avg: 31.1, Max: 31.2, Diff: 0.1, Sum: 124.4]
      [Termination (ms): Min: 0.0, Avg: 0.1, Max: 0.1, Diff: 0.1, Sum: 0.2]
         [Termination Attempts: Min: 1, Avg: 115.8, Max: 227, Diff: 226, Sum: 463]
      [GC Worker Other (ms): Min: 0.0, Avg: 0.0, Max: 0.0, Diff: 0.0, Sum: 0.0]
      [GC Worker Total (ms): Min: 43.0, Avg: 43.0, Max: 43.0, Diff: 0.0, Sum: 171.9]
      [GC Worker End (ms): Min: 2342.6, Avg: 2342.6, Max: 2342.6, Diff: 0.0]
   [Code Root Fixup: 0.0 ms]
   [Code Root Purge: 0.0 ms]
   [Clear CT: 0.0 ms]
   [Other: 0.3 ms]
      [Choose CSet: 0.0 ms]
      [Ref Proc: 0.0 ms]
      [Ref Enq: 0.0 ms]
      [Redirty Cards: 0.1 ms]
      [Humongous Register: 0.0 ms]
      [Humongous Reclaim: 0.0 ms]
      [Free CSet: 0.0 ms]
   [Eden: 34.0M(35.0M)->0.0B(11.0M) Survivors: 6144.0K->6144.0K Heap: 228.3M(231.0M)->205.3M(250.0M)]
 [Times: user=0.19 sys=0.00, real=0.04 secs] 
2.343: [GC concurrent-mark-reset-for-overflow]
2.379: [GC pause (G1 Evacuation Pause) (young), 0.0251163 secs]
   [Parallel Time: 24.6 ms, GC Workers: 4]
      [GC Worker Start (ms): Min: 2379.5, Avg: 2379.5, Max: 2379.5, Diff: 0.0]
      [Ext Root Scanning (ms): Min: 0.0, Avg: 0.0, Max: 0.1, Diff: 0.0, Sum: 0.1]
      [Update RS (ms): Min: 9.4, Avg: 9.7, Max: 10.2, Diff: 0.8, Sum: 39.0]
         [Processed Buffers: Min: 8, Avg: 8.8, Max: 10, Diff: 2, Sum: 35]
      [Scan RS (ms): Min: 0.4, Avg: 0.9, Max: 1.2, Diff: 0.8, Sum: 3.4]
      [Code Root Scanning (ms): Min: 0.0, Avg: 0.0, Max: 0.0, Diff: 0.0, Sum: 0.0]
      [Object Copy (ms): Min: 13.7, Avg: 14.0, Max: 14.1, Diff: 0.4, Sum: 55.8]
      [Termination (ms): Min: 0.0, Avg: 0.0, Max: 0.0, Diff: 0.0, Sum: 0.0]
         [Termination Attempts: Min: 1, Avg: 1.0, Max: 1, Diff: 0, Sum: 4]
      [GC Worker Other (ms): Min: 0.0, Avg: 0.0, Max: 0.0, Diff: 0.0, Sum: 0.0]
      [GC Worker Total (ms): Min: 24.6, Avg: 24.6, Max: 24.6, Diff: 0.0, Sum: 98.4]
      [GC Worker End (ms): Min: 2404.1, Avg: 2404.1, Max: 2404.1, Diff: 0.0]
   [Code Root Fixup: 0.0 ms]
   [Code Root Purge: 0.0 ms]
   [Clear CT: 0.0 ms]
   [Other: 0.5 ms]
      [Choose CSet: 0.0 ms]
      [Ref Proc: 0.2 ms]
      [Ref Enq: 0.0 ms]
      [Redirty Cards: 0.0 ms]
      [Humongous Register: 0.0 ms]
      [Humongous Reclaim: 0.0 ms]
      [Free CSet: 0.0 ms]
   [Eden: 11.0M(11.0M)->0.0B(10.0M) Survivors: 6144.0K->3072.0K Heap: 216.3M(250.0M)->210.3M(252.0M)]
 [Times: user=0.13 sys=0.00, real=0.03 secs] 
2.436: [GC pause (G1 Evacuation Pause) (young), 0.0172878 secs]
   [Parallel Time: 16.6 ms, GC Workers: 4]
      [GC Worker Start (ms): Min: 2436.5, Avg: 2436.5, Max: 2436.5, Diff: 0.0]
      [Ext Root Scanning (ms): Min: 0.0, Avg: 0.0, Max: 0.1, Diff: 0.0, Sum: 0.1]
      [Update RS (ms): Min: 6.8, Avg: 7.4, Max: 7.9, Diff: 1.1, Sum: 29.6]
         [Processed Buffers: Min: 6, Avg: 7.0, Max: 8, Diff: 2, Sum: 28]
      [Scan RS (ms): Min: 0.0, Avg: 0.0, Max: 0.0, Diff: 0.0, Sum: 0.0]
      [Code Root Scanning (ms): Min: 0.0, Avg: 0.0, Max: 0.0, Diff: 0.0, Sum: 0.0]
      [Object Copy (ms): Min: 8.0, Avg: 8.6, Max: 9.5, Diff: 1.5, Sum: 34.5]
      [Termination (ms): Min: 0.0, Avg: 0.5, Max: 0.7, Diff: 0.7, Sum: 2.0]
         [Termination Attempts: Min: 1, Avg: 2.5, Max: 5, Diff: 4, Sum: 10]
      [GC Worker Other (ms): Min: 0.0, Avg: 0.0, Max: 0.0, Diff: 0.0, Sum: 0.0]
      [GC Worker Total (ms): Min: 16.5, Avg: 16.6, Max: 16.6, Diff: 0.1, Sum: 66.3]
      [GC Worker End (ms): Min: 2453.1, Avg: 2453.1, Max: 2453.1, Diff: 0.1]
   [Code Root Fixup: 0.0 ms]
   [Code Root Purge: 0.0 ms]
   [Clear CT: 0.0 ms]
   [Other: 0.6 ms]
      [Choose CSet: 0.0 ms]
      [Ref Proc: 0.5 ms]
      [Ref Enq: 0.0 ms]
      [Redirty Cards: 0.0 ms]
      [Humongous Register: 0.0 ms]
      [Humongous Reclaim: 0.0 ms]
      [Free CSet: 0.0 ms]
   [Eden: 10.0M(10.0M)->0.0B(10.0M) Survivors: 3072.0K->2048.0K Heap: 220.3M(252.0M)->213.3M(253.0M)]
 [Times: user=0.06 sys=0.00, real=0.02 secs] 
2.498: [GC pause (G1 Evacuation Pause) (young), 0.0154768 secs]
   [Parallel Time: 14.6 ms, GC Workers: 4]
      [GC Worker Start (ms): Min: 2498.3, Avg: 2498.3, Max: 2498.3, Diff: 0.0]
      [Ext Root Scanning (ms): Min: 0.0, Avg: 0.0, Max: 0.1, Diff: 0.0, Sum: 0.1]
      [Update RS (ms): Min: 5.2, Avg: 5.4, Max: 5.5, Diff: 0.3, Sum: 21.5]
         [Processed Buffers: Min: 4, Avg: 4.8, Max: 6, Diff: 2, Sum: 19]
      [Scan RS (ms): Min: 0.0, Avg: 0.0, Max: 0.0, Diff: 0.0, Sum: 0.0]
      [Code Root Scanning (ms): Min: 0.0, Avg: 0.0, Max: 0.0, Diff: 0.0, Sum: 0.0]
      [Object Copy (ms): Min: 8.2, Avg: 8.5, Max: 8.9, Diff: 0.7, Sum: 34.0]
      [Termination (ms): Min: 0.0, Avg: 0.6, Max: 0.8, Diff: 0.8, Sum: 2.2]
         [Termination Attempts: Min: 1, Avg: 4.5, Max: 10, Diff: 9, Sum: 18]
      [GC Worker Other (ms): Min: 0.0, Avg: 0.0, Max: 0.0, Diff: 0.0, Sum: 0.0]
      [GC Worker Total (ms): Min: 14.4, Avg: 14.5, Max: 14.6, Diff: 0.2, Sum: 57.8]
      [GC Worker End (ms): Min: 2512.6, Avg: 2512.7, Max: 2512.8, Diff: 0.2]
   [Code Root Fixup: 0.0 ms]
   [Code Root Purge: 0.0 ms]
   [Clear CT: 0.0 ms]
   [Other: 0.8 ms]
      [Choose CSet: 0.0 ms]
      [Ref Proc: 0.7 ms]
      [Ref Enq: 0.0 ms]
      [Redirty Cards: 0.0 ms]
      [Humongous Register: 0.0 ms]
      [Humongous Reclaim: 0.0 ms]
      [Free CSet: 0.0 ms]
   [Eden: 10.0M(10.0M)->0.0B(10.0M) Survivors: 2048.0K->2048.0K Heap: 223.3M(253.0M)->217.3M(254.0M)]
 [Times: user=0.00 sys=0.00, real=0.02 secs] 
2.561: [GC pause (G1 Evacuation Pause) (young), 0.0131885 secs]
   [Parallel Time: 12.7 ms, GC Workers: 4]
      [GC Worker Start (ms): Min: 2560.7, Avg: 2560.7, Max: 2560.7, Diff: 0.0]
      [Ext Root Scanning (ms): Min: 0.0, Avg: 0.0, Max: 0.1, Diff: 0.0, Sum: 0.1]
      [Update RS (ms): Min: 4.4, Avg: 4.7, Max: 5.0, Diff: 0.6, Sum: 18.9]
         [Processed Buffers: Min: 4, Avg: 4.8, Max: 5, Diff: 1, Sum: 19]
      [Scan RS (ms): Min: 0.0, Avg: 0.0, Max: 0.0, Diff: 0.0, Sum: 0.0]
      [Code Root Scanning (ms): Min: 0.0, Avg: 0.0, Max: 0.0, Diff: 0.0, Sum: 0.0]
      [Object Copy (ms): Min: 7.7, Avg: 7.9, Max: 8.3, Diff: 0.6, Sum: 31.7]
      [Termination (ms): Min: 0.0, Avg: 0.0, Max: 0.0, Diff: 0.0, Sum: 0.0]
         [Termination Attempts: Min: 1, Avg: 15.0, Max: 21, Diff: 20, Sum: 60]
      [GC Worker Other (ms): Min: 0.0, Avg: 0.0, Max: 0.0, Diff: 0.0, Sum: 0.0]
      [GC Worker Total (ms): Min: 12.7, Avg: 12.7, Max: 12.7, Diff: 0.0, Sum: 50.8]
      [GC Worker End (ms): Min: 2573.4, Avg: 2573.4, Max: 2573.4, Diff: 0.0]
   [Code Root Fixup: 0.0 ms]
   [Code Root Purge: 0.0 ms]
   [Clear CT: 0.0 ms]
   [Other: 0.4 ms]
      [Choose CSet: 0.0 ms]
      [Ref Proc: 0.2 ms]
      [Ref Enq: 0.0 ms]
      [Redirty Cards: 0.0 ms]
      [Humongous Register: 0.0 ms]
      [Humongous Reclaim: 0.0 ms]
      [Free CSet: 0.0 ms]
   [Eden: 10.0M(10.0M)->0.0B(10.0M) Survivors: 2048.0K->2048.0K Heap: 227.3M(254.0M)->221.3M(255.0M)]
 [Times: user=0.00 sys=0.00, real=0.01 secs] 
2.612: [GC pause (G1 Evacuation Pause) (young), 0.0137789 secs]
   [Parallel Time: 13.3 ms, GC Workers: 4]
      [GC Worker Start (ms): Min: 2612.3, Avg: 2612.3, Max: 2612.3, Diff: 0.1]
      [Ext Root Scanning (ms): Min: 0.0, Avg: 0.0, Max: 0.1, Diff: 0.1, Sum: 0.1]
      [Update RS (ms): Min: 4.0, Avg: 4.5, Max: 5.1, Diff: 1.1, Sum: 17.9]
         [Processed Buffers: Min: 4, Avg: 4.8, Max: 5, Diff: 1, Sum: 19]
      [Scan RS (ms): Min: 0.0, Avg: 0.0, Max: 0.0, Diff: 0.0, Sum: 0.0]
      [Code Root Scanning (ms): Min: 0.0, Avg: 0.0, Max: 0.0, Diff: 0.0, Sum: 0.0]
      [Object Copy (ms): Min: 8.2, Avg: 8.8, Max: 9.3, Diff: 1.1, Sum: 35.0]
      [Termination (ms): Min: 0.0, Avg: 0.0, Max: 0.0, Diff: 0.0, Sum: 0.0]
         [Termination Attempts: Min: 1, Avg: 12.0, Max: 23, Diff: 22, Sum: 48]
      [GC Worker Other (ms): Min: 0.0, Avg: 0.0, Max: 0.0, Diff: 0.0, Sum: 0.0]
      [GC Worker Total (ms): Min: 13.2, Avg: 13.3, Max: 13.3, Diff: 0.1, Sum: 53.2]
      [GC Worker End (ms): Min: 2625.6, Avg: 2625.6, Max: 2625.6, Diff: 0.0]
   [Code Root Fixup: 0.0 ms]
   [Code Root Purge: 0.0 ms]
   [Clear CT: 0.0 ms]
   [Other: 0.4 ms]
      [Choose CSet: 0.0 ms]
      [Ref Proc: 0.3 ms]
      [Ref Enq: 0.0 ms]
      [Redirty Cards: 0.0 ms]
      [Humongous Register: 0.0 ms]
      [Humongous Reclaim: 0.0 ms]
      [Free CSet: 0.0 ms]
   [Eden: 10.0M(10.0M)->0.0B(10.0M) Survivors: 2048.0K->2048.0K Heap: 231.3M(255.0M)->225.3M(256.0M)]
 [Times: user=0.03 sys=0.00, real=0.01 secs] 
2.723: [GC pause (G1 Evacuation Pause) (young), 0.0141662 secs]
   [Parallel Time: 13.8 ms, GC Workers: 4]
      [GC Worker Start (ms): Min: 2723.1, Avg: 2723.3, Max: 2724.0, Diff: 0.9]
      [Ext Root Scanning (ms): Min: 0.0, Avg: 0.0, Max: 0.1, Diff: 0.1, Sum: 0.1]
      [Update RS (ms): Min: 3.8, Avg: 5.0, Max: 5.6, Diff: 1.8, Sum: 19.8]
         [Processed Buffers: Min: 4, Avg: 4.8, Max: 5, Diff: 1, Sum: 19]
      [Scan RS (ms): Min: 0.0, Avg: 0.0, Max: 0.0, Diff: 0.0, Sum: 0.0]
      [Code Root Scanning (ms): Min: 0.0, Avg: 0.0, Max: 0.0, Diff: 0.0, Sum: 0.0]
      [Object Copy (ms): Min: 8.0, Avg: 8.5, Max: 9.0, Diff: 1.0, Sum: 34.0]
      [Termination (ms): Min: 0.0, Avg: 0.0, Max: 0.0, Diff: 0.0, Sum: 0.0]
         [Termination Attempts: Min: 1, Avg: 7.5, Max: 13, Diff: 12, Sum: 30]
      [GC Worker Other (ms): Min: 0.0, Avg: 0.0, Max: 0.0, Diff: 0.0, Sum: 0.1]
      [GC Worker Total (ms): Min: 12.9, Avg: 13.5, Max: 13.8, Diff: 0.9, Sum: 54.0]
      [GC Worker End (ms): Min: 2736.8, Avg: 2736.8, Max: 2736.8, Diff: 0.0]
   [Code Root Fixup: 0.0 ms]
   [Code Root Purge: 0.0 ms]
   [Clear CT: 0.0 ms]
   [Other: 0.4 ms]
      [Choose CSet: 0.0 ms]
      [Ref Proc: 0.2 ms]
      [Ref Enq: 0.0 ms]
      [Redirty Cards: 0.0 ms]
      [Humongous Register: 0.0 ms]
      [Humongous Reclaim: 0.0 ms]
      [Free CSet: 0.0 ms]
   [Eden: 10.0M(10.0M)->0.0B(10.0M) Survivors: 2048.0K->2048.0K Heap: 235.3M(256.0M)->229.3M(256.0M)]
 [Times: user=0.06 sys=0.00, real=0.01 secs] 
2.769: [GC pause (G1 Evacuation Pause) (young), 0.0144778 secs]
   [Parallel Time: 13.6 ms, GC Workers: 4]
      [GC Worker Start (ms): Min: 2769.5, Avg: 2769.5, Max: 2769.6, Diff: 0.0]
      [Ext Root Scanning (ms): Min: 0.0, Avg: 0.0, Max: 0.1, Diff: 0.0, Sum: 0.1]
      [Update RS (ms): Min: 4.4, Avg: 4.8, Max: 5.1, Diff: 0.7, Sum: 19.0]
         [Processed Buffers: Min: 4, Avg: 4.8, Max: 5, Diff: 1, Sum: 19]
      [Scan RS (ms): Min: 0.0, Avg: 0.0, Max: 0.0, Diff: 0.0, Sum: 0.0]
      [Code Root Scanning (ms): Min: 0.0, Avg: 0.0, Max: 0.0, Diff: 0.0, Sum: 0.0]
      [Object Copy (ms): Min: 7.5, Avg: 8.0, Max: 8.8, Diff: 1.3, Sum: 32.0]
      [Termination (ms): Min: 0.0, Avg: 0.6, Max: 1.0, Diff: 0.9, Sum: 2.4]
         [Termination Attempts: Min: 1, Avg: 3.8, Max: 6, Diff: 5, Sum: 15]
      [GC Worker Other (ms): Min: 0.0, Avg: 0.0, Max: 0.0, Diff: 0.0, Sum: 0.0]
      [GC Worker Total (ms): Min: 13.3, Avg: 13.4, Max: 13.6, Diff: 0.3, Sum: 53.6]
      [GC Worker End (ms): Min: 2782.8, Avg: 2782.9, Max: 2783.1, Diff: 0.4]
   [Code Root Fixup: 0.0 ms]
   [Code Root Purge: 0.0 ms]
   [Clear CT: 0.0 ms]
   [Other: 0.8 ms]
      [Choose CSet: 0.0 ms]
      [Ref Proc: 0.7 ms]
      [Ref Enq: 0.0 ms]
      [Redirty Cards: 0.0 ms]
      [Humongous Register: 0.0 ms]
      [Humongous Reclaim: 0.0 ms]
      [Free CSet: 0.0 ms]
   [Eden: 10.0M(10.0M)->0.0B(10.0M) Survivors: 2048.0K->2048.0K Heap: 239.3M(256.0M)->233.3M(256.0M)]
 [Times: user=0.06 sys=0.00, real=0.02 secs] 
2.797: [GC concurrent-mark-end, 0.8639092 secs]
2.798: [GC remark 2.798: [Finalize Marking, 0.0007188 secs] 2.799: [GC ref-proc, 0.0000917 secs] 2.799: [Unloading, 0.0007045 secs], 0.0025136 secs]
 [Times: user=0.00 sys=0.00, real=0.00 secs] 
2.801: [GC cleanup 236M->210M(256M), 0.0005218 secs]
 [Times: user=0.00 sys=0.00, real=0.00 secs] 
2.801: [GC concurrent-cleanup-start]
2.801: [GC concurrent-cleanup-end, 0.0000211 secs]
2.821: [GC pause (G1 Evacuation Pause) (young), 0.0135435 secs]
   [Parallel Time: 12.7 ms, GC Workers: 4]
      [GC Worker Start (ms): Min: 2821.5, Avg: 2821.5, Max: 2821.5, Diff: 0.0]
      [Ext Root Scanning (ms): Min: 0.0, Avg: 0.0, Max: 0.1, Diff: 0.0, Sum: 0.1]
      [Update RS (ms): Min: 4.7, Avg: 4.9, Max: 5.2, Diff: 0.5, Sum: 19.6]
         [Processed Buffers: Min: 4, Avg: 4.8, Max: 6, Diff: 2, Sum: 19]
      [Scan RS (ms): Min: 0.0, Avg: 0.0, Max: 0.0, Diff: 0.0, Sum: 0.0]
      [Code Root Scanning (ms): Min: 0.0, Avg: 0.0, Max: 0.0, Diff: 0.0, Sum: 0.0]
      [Object Copy (ms): Min: 7.4, Avg: 7.7, Max: 7.9, Diff: 0.5, Sum: 30.9]
      [Termination (ms): Min: 0.0, Avg: 0.0, Max: 0.0, Diff: 0.0, Sum: 0.0]
         [Termination Attempts: Min: 1, Avg: 7.5, Max: 15, Diff: 14, Sum: 30]
      [GC Worker Other (ms): Min: 0.0, Avg: 0.0, Max: 0.0, Diff: 0.0, Sum: 0.1]
      [GC Worker Total (ms): Min: 12.7, Avg: 12.7, Max: 12.7, Diff: 0.0, Sum: 50.8]
      [GC Worker End (ms): Min: 2834.2, Avg: 2834.2, Max: 2834.2, Diff: 0.0]
   [Code Root Fixup: 0.0 ms]
   [Code Root Purge: 0.0 ms]
   [Clear CT: 0.0 ms]
   [Other: 0.8 ms]
      [Choose CSet: 0.0 ms]
      [Ref Proc: 0.7 ms]
      [Ref Enq: 0.0 ms]
      [Redirty Cards: 0.0 ms]
      [Humongous Register: 0.0 ms]
      [Humongous Reclaim: 0.0 ms]
      [Free CSet: 0.0 ms]
   [Eden: 10.0M(10.0M)->0.0B(10.0M) Survivors: 2048.0K->2048.0K Heap: 217.2M(256.0M)->210.7M(256.0M)]
 [Times: user=0.06 sys=0.00, real=0.01 secs] 
2.861: [GC pause (G1 Evacuation Pause) (mixed), 0.0163413 secs]
   [Parallel Time: 16.1 ms, GC Workers: 4]
      [GC Worker Start (ms): Min: 2861.4, Avg: 2861.4, Max: 2861.4, Diff: 0.0]
      [Ext Root Scanning (ms): Min: 0.0, Avg: 0.0, Max: 0.1, Diff: 0.1, Sum: 0.2]
      [Update RS (ms): Min: 4.8, Avg: 5.0, Max: 5.4, Diff: 0.6, Sum: 20.1]
         [Processed Buffers: Min: 4, Avg: 4.5, Max: 5, Diff: 1, Sum: 18]
      [Scan RS (ms): Min: 0.4, Avg: 0.7, Max: 0.9, Diff: 0.6, Sum: 2.9]
      [Code Root Scanning (ms): Min: 0.0, Avg: 0.0, Max: 0.0, Diff: 0.0, Sum: 0.0]
      [Object Copy (ms): Min: 10.3, Avg: 10.3, Max: 10.3, Diff: 0.0, Sum: 41.3]
      [Termination (ms): Min: 0.0, Avg: 0.0, Max: 0.0, Diff: 0.0, Sum: 0.0]
         [Termination Attempts: Min: 1, Avg: 12.3, Max: 21, Diff: 20, Sum: 49]
      [GC Worker Other (ms): Min: 0.0, Avg: 0.0, Max: 0.0, Diff: 0.0, Sum: 0.0]
      [GC Worker Total (ms): Min: 16.1, Avg: 16.1, Max: 16.1, Diff: 0.0, Sum: 64.4]
      [GC Worker End (ms): Min: 2877.5, Avg: 2877.5, Max: 2877.5, Diff: 0.0]
   [Code Root Fixup: 0.0 ms]
   [Code Root Purge: 0.0 ms]
   [Clear CT: 0.0 ms]
   [Other: 0.2 ms]
      [Choose CSet: 0.0 ms]
      [Ref Proc: 0.0 ms]
      [Ref Enq: 0.0 ms]
      [Redirty Cards: 0.0 ms]
      [Humongous Register: 0.0 ms]
      [Humongous Reclaim: 0.0 ms]
      [Free CSet: 0.0 ms]
   [Eden: 10.0M(10.0M)->0.0B(12.0M) Survivors: 2048.0K->2048.0K Heap: 220.7M(256.0M)->212.2M(256.0M)]
 [Times: user=0.06 sys=0.00, real=0.02 secs] 
2.908: [GC pause (G1 Evacuation Pause) (young), 0.0182144 secs]
   [Parallel Time: 18.1 ms, GC Workers: 4]
      [GC Worker Start (ms): Min: 2908.0, Avg: 2908.0, Max: 2908.0, Diff: 0.0]
      [Ext Root Scanning (ms): Min: 0.0, Avg: 0.0, Max: 0.1, Diff: 0.0, Sum: 0.1]
      [Update RS (ms): Min: 6.9, Avg: 7.2, Max: 7.4, Diff: 0.5, Sum: 28.8]
         [Processed Buffers: Min: 6, Avg: 6.0, Max: 6, Diff: 0, Sum: 24]
      [Scan RS (ms): Min: 0.0, Avg: 0.0, Max: 0.0, Diff: 0.0, Sum: 0.0]
      [Code Root Scanning (ms): Min: 0.0, Avg: 0.0, Max: 0.0, Diff: 0.0, Sum: 0.0]
      [Object Copy (ms): Min: 10.6, Avg: 10.8, Max: 11.0, Diff: 0.4, Sum: 43.1]
      [Termination (ms): Min: 0.0, Avg: 0.0, Max: 0.0, Diff: 0.0, Sum: 0.0]
         [Termination Attempts: Min: 1, Avg: 24.0, Max: 44, Diff: 43, Sum: 96]
      [GC Worker Other (ms): Min: 0.0, Avg: 0.0, Max: 0.0, Diff: 0.0, Sum: 0.0]
      [GC Worker Total (ms): Min: 18.0, Avg: 18.0, Max: 18.0, Diff: 0.0, Sum: 72.1]
      [GC Worker End (ms): Min: 2926.1, Avg: 2926.1, Max: 2926.1, Diff: 0.0]
   [Code Root Fixup: 0.0 ms]
   [Code Root Purge: 0.0 ms]
   [Clear CT: 0.0 ms]
   [Other: 0.1 ms]
      [Choose CSet: 0.0 ms]
      [Ref Proc: 0.0 ms]
      [Ref Enq: 0.0 ms]
      [Redirty Cards: 0.0 ms]
      [Humongous Register: 0.0 ms]
      [Humongous Reclaim: 0.0 ms]
      [Free CSet: 0.0 ms]
   [Eden: 12.0M(12.0M)->0.0B(10.0M) Survivors: 2048.0K->2048.0K Heap: 224.2M(256.0M)->216.2M(256.0M)]
 [Times: user=0.06 sys=0.00, real=0.02 secs] 
2.952: [GC pause (G1 Evacuation Pause) (young) (initial-mark), 0.0134627 secs]
   [Parallel Time: 13.1 ms, GC Workers: 4]
      [GC Worker Start (ms): Min: 2951.7, Avg: 2951.7, Max: 2951.7, Diff: 0.0]
      [Ext Root Scanning (ms): Min: 0.1, Avg: 0.1, Max: 0.1, Diff: 0.0, Sum: 0.4]
      [Update RS (ms): Min: 4.1, Avg: 4.8, Max: 5.1, Diff: 0.9, Sum: 19.2]
         [Processed Buffers: Min: 4, Avg: 4.8, Max: 5, Diff: 1, Sum: 19]
      [Scan RS (ms): Min: 0.0, Avg: 0.0, Max: 0.0, Diff: 0.0, Sum: 0.0]
      [Code Root Scanning (ms): Min: 0.0, Avg: 0.0, Max: 0.0, Diff: 0.0, Sum: 0.0]
      [Object Copy (ms): Min: 7.9, Avg: 8.1, Max: 8.8, Diff: 0.9, Sum: 32.6]
      [Termination (ms): Min: 0.0, Avg: 0.0, Max: 0.0, Diff: 0.0, Sum: 0.0]
         [Termination Attempts: Min: 1, Avg: 10.0, Max: 17, Diff: 16, Sum: 40]
      [GC Worker Other (ms): Min: 0.0, Avg: 0.0, Max: 0.0, Diff: 0.0, Sum: 0.0]
      [GC Worker Total (ms): Min: 13.0, Avg: 13.1, Max: 13.1, Diff: 0.0, Sum: 52.2]
      [GC Worker End (ms): Min: 2964.8, Avg: 2964.8, Max: 2964.8, Diff: 0.0]
   [Code Root Fixup: 0.0 ms]
   [Code Root Purge: 0.0 ms]
   [Clear CT: 0.0 ms]
   [Other: 0.3 ms]
      [Choose CSet: 0.0 ms]
      [Ref Proc: 0.2 ms]
      [Ref Enq: 0.0 ms]
      [Redirty Cards: 0.0 ms]
      [Humongous Register: 0.0 ms]
      [Humongous Reclaim: 0.0 ms]
      [Free CSet: 0.0 ms]
   [Eden: 10.0M(10.0M)->0.0B(10.0M) Survivors: 2048.0K->2048.0K Heap: 226.2M(256.0M)->220.2M(256.0M)]
 [Times: user=0.05 sys=0.00, real=0.01 secs] 
2.965: [GC concurrent-root-region-scan-start]
2.967: [GC concurrent-root-region-scan-end, 0.0019677 secs]
2.967: [GC concurrent-mark-start]
3.387: [GC pause (G1 Evacuation Pause) (young), 0.0125213 secs]
   [Parallel Time: 12.4 ms, GC Workers: 4]
      [GC Worker Start (ms): Min: 3386.7, Avg: 3386.8, Max: 3386.8, Diff: 0.1]
      [Ext Root Scanning (ms): Min: 0.0, Avg: 0.0, Max: 0.1, Diff: 0.1, Sum: 0.1]
      [Update RS (ms): Min: 3.9, Avg: 4.4, Max: 4.9, Diff: 1.0, Sum: 17.6]
         [Processed Buffers: Min: 3, Avg: 4.8, Max: 6, Diff: 3, Sum: 19]
      [Scan RS (ms): Min: 0.0, Avg: 0.0, Max: 0.0, Diff: 0.0, Sum: 0.0]
      [Code Root Scanning (ms): Min: 0.0, Avg: 0.0, Max: 0.0, Diff: 0.0, Sum: 0.0]
      [Object Copy (ms): Min: 7.2, Avg: 7.8, Max: 8.2, Diff: 1.0, Sum: 31.2]
      [Termination (ms): Min: 0.0, Avg: 0.0, Max: 0.0, Diff: 0.0, Sum: 0.0]
         [Termination Attempts: Min: 1, Avg: 1.5, Max: 3, Diff: 2, Sum: 6]
      [GC Worker Other (ms): Min: 0.0, Avg: 0.0, Max: 0.0, Diff: 0.0, Sum: 0.0]
      [GC Worker Total (ms): Min: 12.2, Avg: 12.2, Max: 12.3, Diff: 0.1, Sum: 48.9]
      [GC Worker End (ms): Min: 3399.0, Avg: 3399.0, Max: 3399.0, Diff: 0.0]
   [Code Root Fixup: 0.0 ms]
   [Code Root Purge: 0.0 ms]
   [Clear CT: 0.0 ms]
   [Other: 0.1 ms]
      [Choose CSet: 0.0 ms]
      [Ref Proc: 0.0 ms]
      [Ref Enq: 0.0 ms]
      [Redirty Cards: 0.0 ms]
      [Humongous Register: 0.0 ms]
      [Humongous Reclaim: 0.0 ms]
      [Free CSet: 0.0 ms]
   [Eden: 10.0M(10.0M)->0.0B(10.0M) Survivors: 2048.0K->2048.0K Heap: 230.2M(256.0M)->224.2M(256.0M)]
 [Times: user=0.06 sys=0.00, real=0.01 secs] 
3.399: [GC concurrent-mark-reset-for-overflow]
3.419: [GC pause (G1 Humongous Allocation) (young), 0.0101681 secs]
   [Parallel Time: 9.9 ms, GC Workers: 4]
      [GC Worker Start (ms): Min: 3419.2, Avg: 3419.3, Max: 3419.3, Diff: 0.1]
      [Ext Root Scanning (ms): Min: 0.0, Avg: 0.0, Max: 0.1, Diff: 0.1, Sum: 0.1]
      [Update RS (ms): Min: 3.8, Avg: 4.2, Max: 4.8, Diff: 1.0, Sum: 16.6]
         [Processed Buffers: Min: 4, Avg: 4.5, Max: 5, Diff: 1, Sum: 18]
      [Scan RS (ms): Min: 0.0, Avg: 0.0, Max: 0.0, Diff: 0.0, Sum: 0.0]
      [Code Root Scanning (ms): Min: 0.0, Avg: 0.0, Max: 0.0, Diff: 0.0, Sum: 0.0]
      [Object Copy (ms): Min: 5.0, Avg: 5.7, Max: 6.0, Diff: 1.0, Sum: 22.6]
      [Termination (ms): Min: 0.0, Avg: 0.0, Max: 0.0, Diff: 0.0, Sum: 0.0]
         [Termination Attempts: Min: 1, Avg: 3.8, Max: 6, Diff: 5, Sum: 15]
      [GC Worker Other (ms): Min: 0.0, Avg: 0.0, Max: 0.0, Diff: 0.0, Sum: 0.0]
      [GC Worker Total (ms): Min: 9.8, Avg: 9.8, Max: 9.9, Diff: 0.1, Sum: 39.4]
      [GC Worker End (ms): Min: 3429.1, Avg: 3429.1, Max: 3429.1, Diff: 0.0]
   [Code Root Fixup: 0.0 ms]
   [Code Root Purge: 0.0 ms]
   [Clear CT: 0.1 ms]
   [Other: 0.1 ms]
      [Choose CSet: 0.0 ms]
      [Ref Proc: 0.0 ms]
      [Ref Enq: 0.0 ms]
      [Redirty Cards: 0.0 ms]
      [Humongous Register: 0.0 ms]
      [Humongous Reclaim: 0.0 ms]
      [Free CSet: 0.0 ms]
   [Eden: 8192.0K(10.0M)->0.0B(10.0M) Survivors: 2048.0K->2048.0K Heap: 231.6M(256.0M)->227.7M(256.0M)]
 [Times: user=0.00 sys=0.00, real=0.01 secs] 
3.430: [Full GC (Allocation Failure)  227M->176M(256M), 0.5745805 secs]
   [Eden: 0.0B(10.0M)->0.0B(40.0M) Survivors: 2048.0K->0.0B Heap: 227.7M(256.0M)->176.7M(256.0M)], [Metaspace: 2138K->2138K(4480K)]
 [Times: user=0.80 sys=0.00, real=0.57 secs] 
4.004: [Full GC (Allocation Failure)  176M->176M(256M), 0.5416619 secs]
   [Eden: 0.0B(40.0M)->0.0B(40.0M) Survivors: 0.0B->0.0B Heap: 176.7M(256.0M)->176.7M(256.0M)], [Metaspace: 2138K->2138K(4480K)]
 [Times: user=0.83 sys=0.00, real=0.54 secs] 
4.546: [GC concurrent-mark-abort]
Heap
 garbage-first heap   total 262144K, used 180946K [0x05400000, 0x05500400, 0x15400000)
  region size 1024K, 1 young (1024K), 0 survivors (0K)
 Metaspace       used 2159K, capacity 2280K, committed 2368K, reserved 4480K
