Java HotSpot(TM) Client VM (25.201-b09) for windows-x86 JRE (1.8.0_201-b09), built on Dec 16 2018 00:13:48 by "java_re" with MS VC++ 10.0 (VS2010)
Memory: 4k page, physical 20585160k(10324356k free), swap 23861960k(8004436k free)
CommandLine flags: -XX:InitialHeapSize=16777216 -XX:MaxHeapSize=268435456 -XX:+PrintGC -XX:+PrintGCDateStamps -XX:+PrintGCDetails -XX:+PrintGCTimeStamps -XX:-UseLargePagesIndividualAllocation 
2020-01-14T17:39:11.478+0800: 0.224: [GC (Allocation Failure) 2020-01-14T17:39:11.478+0800: 0.225: [DefNew: 4416K->512K(4928K), 0.0043983 secs] 4416K->1577K(15872K), 0.0045937 secs] [Times: user=0.00 sys=0.00, real=0.01 secs] 
2020-01-14T17:39:11.492+0800: 0.239: [GC (Allocation Failure) 2020-01-14T17:39:11.492+0800: 0.239: [DefNew: 4901K->511K(4928K), 0.0055874 secs] 5966K->2856K(15872K), 0.0056977 secs] [Times: user=0.00 sys=0.02, real=0.01 secs] 
2020-01-14T17:39:11.506+0800: 0.252: [GC (Allocation Failure) 2020-01-14T17:39:11.506+0800: 0.252: [DefNew: 4110K->512K(4928K), 0.0031227 secs] 6455K->3898K(15872K), 0.0031731 secs] [Times: user=0.02 sys=0.00, real=0.00 secs] 
2020-01-14T17:39:11.519+0800: 0.265: [GC (Allocation Failure) 2020-01-14T17:39:11.519+0800: 0.265: [DefNew: 4928K->512K(4928K), 0.0046190 secs] 8314K->5830K(15872K), 0.0046640 secs] [Times: user=0.00 sys=0.00, real=0.00 secs] 
2020-01-14T17:39:11.531+0800: 0.277: [GC (Allocation Failure) 2020-01-14T17:39:11.531+0800: 0.278: [DefNew: 4928K->512K(4928K), 0.0040060 secs] 10246K->8096K(15872K), 0.0040757 secs] [Times: user=0.00 sys=0.00, real=0.00 secs] 
2020-01-14T17:39:11.547+0800: 0.293: [GC (Allocation Failure) 2020-01-14T17:39:11.547+0800: 0.293: [DefNew: 4928K->512K(4928K), 0.0058858 secs] 12512K->9357K(15872K), 0.0059493 secs] [Times: user=0.00 sys=0.00, real=0.01 secs] 
2020-01-14T17:39:11.559+0800: 0.305: [GC (Allocation Failure) 2020-01-14T17:39:11.559+0800: 0.305: [DefNew: 4928K->511K(4928K), 0.0045281 secs]2020-01-14T17:39:11.563+0800: 0.309: [Tenured: 11614K->9781K(13056K), 0.0227441 secs] 13773K->9781K(17984K), [Metaspace: 128K->128K(4480K)], 0.0274028 secs] [Times: user=0.02 sys=0.00, real=0.03 secs] 
2020-01-14T17:39:11.604+0800: 0.350: [GC (Allocation Failure) 2020-01-14T17:39:11.604+0800: 0.350: [DefNew: 6656K->767K(7424K), 0.0063324 secs] 16437K->11683K(23728K), 0.0063919 secs] [Times: user=0.00 sys=0.00, real=0.01 secs] 
2020-01-14T17:39:11.622+0800: 0.368: [GC (Allocation Failure) 2020-01-14T17:39:11.622+0800: 0.368: [DefNew: 7423K->767K(7424K), 0.0082659 secs] 18339K->15845K(23728K), 0.0083241 secs] [Times: user=0.00 sys=0.00, real=0.01 secs] 
2020-01-14T17:39:11.648+0800: 0.394: [GC (Allocation Failure) 2020-01-14T17:39:11.648+0800: 0.394: [DefNew: 7423K->767K(7424K), 0.0086275 secs]2020-01-14T17:39:11.657+0800: 0.402: [Tenured: 16978K->15636K(17072K), 0.0330350 secs] 22501K->15636K(24496K), [Metaspace: 128K->128K(4480K)], 0.0418330 secs] [Times: user=0.03 sys=0.00, real=0.04 secs] 
2020-01-14T17:39:11.708+0800: 0.453: [GC (Allocation Failure) 2020-01-14T17:39:11.708+0800: 0.453: [DefNew: 10496K->1279K(11776K), 0.0071583 secs] 26132K->22026K(37840K), 0.0072019 secs] [Times: user=0.00 sys=0.02, real=0.01 secs] 
2020-01-14T17:39:11.740+0800: 0.486: [GC (Allocation Failure) 2020-01-14T17:39:11.740+0800: 0.486: [DefNew: 11775K->1279K(11776K), 0.0127100 secs] 32522K->25025K(37840K), 0.0127584 secs] [Times: user=0.01 sys=0.00, real=0.01 secs] 
2020-01-14T17:39:11.780+0800: 0.526: [GC (Allocation Failure) 2020-01-14T17:39:11.780+0800: 0.526: [DefNew: 11775K->1280K(11776K), 0.0098166 secs]2020-01-14T17:39:11.790+0800: 0.536: [Tenured: 26743K->24858K(26832K), 0.0538210 secs] 35521K->24858K(38608K), [Metaspace: 128K->128K(4480K)], 0.0638120 secs] [Times: user=0.06 sys=0.00, real=0.06 secs] 
2020-01-14T17:39:11.872+0800: 0.617: [GC (Allocation Failure) 2020-01-14T17:39:11.872+0800: 0.617: [DefNew: 16640K->2048K(18688K), 0.0115432 secs] 41498K->34699K(60120K), 0.0116040 secs] [Times: user=0.00 sys=0.00, real=0.01 secs] 
2020-01-14T17:39:11.926+0800: 0.672: [GC (Allocation Failure) 2020-01-14T17:39:11.926+0800: 0.672: [DefNew: 18688K->2048K(18688K), 0.0189180 secs] 51339K->39453K(60120K), 0.0189717 secs] [Times: user=0.02 sys=0.00, real=0.02 secs] 
2020-01-14T17:39:11.965+0800: 0.711: [GC (Allocation Failure) 2020-01-14T17:39:11.965+0800: 0.711: [DefNew: 10367K->2048K(18688K), 0.0091138 secs] 47773K->41755K(60120K), 0.0091643 secs] [Times: user=0.00 sys=0.00, real=0.01 secs] 
2020-01-14T17:39:11.992+0800: 0.738: [GC (Allocation Failure) 2020-01-14T17:39:11.992+0800: 0.738: [DefNew: 18688K->1701K(18688K), 0.0191977 secs]2020-01-14T17:39:12.012+0800: 0.758: [Tenured: 52438K->41561K(52500K), 0.1062363 secs] 58395K->41561K(71188K), [Metaspace: 128K->128K(4480K)], 0.1256030 secs] [Times: user=0.14 sys=0.00, real=0.13 secs] 
2020-01-14T17:39:12.193+0800: 0.938: [GC (Allocation Failure) 2020-01-14T17:39:12.193+0800: 0.938: [DefNew: 27776K->3455K(31232K), 0.0221990 secs] 69337K->49497K(100504K), 0.0222562 secs] [Times: user=0.02 sys=0.00, real=0.02 secs] 
2020-01-14T17:39:12.256+0800: 1.001: [GC (Allocation Failure) 2020-01-14T17:39:12.256+0800: 1.002: [DefNew: 20121K->3456K(31232K), 0.0195983 secs] 66162K->54103K(100504K), 0.0196671 secs] [Times: user=0.03 sys=0.00, real=0.02 secs] 
2020-01-14T17:39:12.311+0800: 1.058: [GC (Allocation Failure) 2020-01-14T17:39:12.311+0800: 1.058: [DefNew: 31232K->3357K(31232K), 0.0248084 secs]2020-01-14T17:39:12.336+0800: 1.082: [Tenured: 70128K->62802K(85300K), 0.1350947 secs] 81879K->62802K(116532K), [Metaspace: 128K->128K(4480K)], 0.1601095 secs] [Times: user=0.14 sys=0.02, real=0.16 secs] 
2020-01-14T17:39:12.582+0800: 1.328: [GC (Allocation Failure) 2020-01-14T17:39:12.582+0800: 1.328: [DefNew: 41984K->5184K(47168K), 0.0348948 secs] 104786K->74798K(151840K), 0.0349513 secs] [Times: user=0.03 sys=0.00, real=0.04 secs] 
2020-01-14T17:39:12.677+0800: 1.424: [GC (Allocation Failure) 2020-01-14T17:39:12.677+0800: 1.424: [DefNew: 26907K->5184K(47168K), 0.0356074 secs] 96521K->80811K(151840K), 0.0356628 secs] [Times: user=0.03 sys=0.02, real=0.04 secs] 
2020-01-14T17:39:12.767+0800: 1.513: [GC (Allocation Failure) 2020-01-14T17:39:12.767+0800: 1.513: [DefNew: 47168K->5127K(47168K), 0.0429354 secs]2020-01-14T17:39:12.810+0800: 1.556: [Tenured: 104848K->93951K(128712K), 0.2056626 secs] 122795K->93951K(175880K), [Metaspace: 128K->128K(4480K)], 0.2488847 secs] [Times: user=0.25 sys=0.00, real=0.25 secs] 
2020-01-14T17:39:13.183+0800: 1.928: [GC (Allocation Failure) 2020-01-14T17:39:13.183+0800: 1.929: [DefNew: 62720K->7808K(70528K), 0.0508483 secs] 156671K->111871K(227116K), 0.0509039 secs] [Times: user=0.03 sys=0.01, real=0.05 secs] 
2020-01-14T17:39:13.314+0800: 2.060: [GC (Allocation Failure) 2020-01-14T17:39:13.314+0800: 2.060: [DefNew: 40192K->7808K(70528K), 0.0374065 secs] 144255K->120872K(227116K), 0.0374724 secs] [Times: user=0.03 sys=0.00, real=0.04 secs] 
2020-01-14T17:39:13.424+0800: 2.170: [GC (Allocation Failure) 2020-01-14T17:39:13.424+0800: 2.170: [DefNew: 70528K->7618K(70528K), 0.0529515 secs]2020-01-14T17:39:13.477+0800: 2.223: [Tenured: 156927K->140509K(174784K), 0.2639544 secs] 183592K->140509K(245312K), [Metaspace: 128K->128K(4480K)], 0.3170361 secs] [Times: user=0.30 sys=0.02, real=0.32 secs] 
2020-01-14T17:39:13.912+0800: 2.659: [GC (Allocation Failure) 2020-01-14T17:39:13.912+0800: 2.659: [DefNew: 69952K->8704K(78656K), 0.0515289 secs] 210461K->160495K(253440K), 0.0515855 secs] [Times: user=0.06 sys=0.00, real=0.05 secs] 
2020-01-14T17:39:14.125+0800: 2.870: [GC (Allocation Failure) 2020-01-14T17:39:14.125+0800: 2.870: [DefNew: 78656K->78656K(78656K), 0.0000172 secs]2020-01-14T17:39:14.125+0800: 2.870: [Tenured: 151791K->174783K(174784K), 0.3617670 secs] 230447K->180481K(253440K), [Metaspace: 128K->128K(4480K)], 0.3618605 secs] [Times: user=0.34 sys=0.00, real=0.36 secs] 
2020-01-14T17:39:14.629+0800: 3.376: [Full GC (Allocation Failure) 2020-01-14T17:39:14.629+0800: 3.376: [Tenured: 174783K->145221K(174784K), 0.4008986 secs] 253439K->203901K(253440K), [Metaspace: 128K->128K(4480K)], 0.4009535 secs] [Times: user=0.41 sys=0.00, real=0.40 secs] 
2020-01-14T17:39:15.055+0800: 3.802: [GC (Allocation Failure) 2020-01-14T17:39:15.055+0800: 3.802: [DefNew (promotion failed) : 69952K->77770K(78656K), 0.1343117 secs]2020-01-14T17:39:15.190+0800: 3.936: [Tenured: 145221K->145221K(174784K), 0.3287627 secs] 215173K->207122K(253440K), [Metaspace: 128K->128K(4480K)], 0.4632068 secs] [Times: user=0.47 sys=0.00, real=0.46 secs] 
2020-01-14T17:39:15.537+0800: 4.283: [GC (Allocation Failure) 2020-01-14T17:39:15.537+0800: 4.283: [DefNew (promotion failed) : 69952K->78656K(78656K), 0.1379203 secs]2020-01-14T17:39:15.675+0800: 4.421: [Tenured: 146636K->146636K(174784K), 0.4795495 secs] 215173K->209422K(253440K), [Metaspace: 128K->128K(4480K)], 0.6175565 secs] [Times: user=0.58 sys=0.05, real=0.62 secs] 
2020-01-14T17:39:16.171+0800: 4.916: [GC (Allocation Failure) 2020-01-14T17:39:16.171+0800: 4.916: [DefNew (promotion failed) : 69952K->72451K(78656K), 0.1373948 secs]2020-01-14T17:39:16.308+0800: 5.054: [Tenured: 154887K->154887K(174784K), 0.4584566 secs] 216588K->211469K(253440K), [Metaspace: 128K->128K(4480K)], 0.5959291 secs] [Times: user=0.53 sys=0.06, real=0.60 secs] 
2020-01-14T17:39:17.164+0800: 5.910: [Full GC (Allocation Failure) 2020-01-14T17:39:17.164+0800: 5.910: [Tenured: 174783K->169311K(174784K), 0.5017734 secs] 253439K->232200K(253440K), [Metaspace: 128K->128K(4480K)], 0.5018306 secs] [Times: user=0.48 sys=0.03, real=0.50 secs] 
2020-01-14T17:39:17.848+0800: 6.594: [Full GC (Allocation Failure) 2020-01-14T17:39:17.848+0800: 6.594: [Tenured: 174784K->170875K(174784K), 0.5144085 secs] 253440K->238268K(253440K), [Metaspace: 128K->128K(4480K)], 0.5144756 secs] [Times: user=0.50 sys=0.02, real=0.51 secs] 
2020-01-14T17:39:18.517+0800: 7.263: [Full GC (Allocation Failure) 2020-01-14T17:39:18.517+0800: 7.263: [Tenured: 174783K->171991K(174784K), 0.5154677 secs] 253439K->242603K(253440K), [Metaspace: 128K->128K(4480K)], 0.5155315 secs] [Times: user=0.50 sys=0.02, real=0.52 secs] 
2020-01-14T17:39:19.181+0800: 7.927: [Full GC (Allocation Failure) 2020-01-14T17:39:19.181+0800: 7.927: [Tenured: 174783K->164050K(174784K), 0.5074981 secs] 253439K->236960K(253440K), [Metaspace: 128K->128K(4480K)], 0.5075529 secs] [Times: user=0.47 sys=0.03, real=0.51 secs] 
2020-01-14T17:39:19.890+0800: 8.636: [Full GC (Allocation Failure) 2020-01-14T17:39:19.890+0800: 8.636: [Tenured: 174784K->174784K(174784K), 0.5457950 secs] 253439K->249335K(253440K), [Metaspace: 128K->128K(4480K)], 0.5458563 secs] [Times: user=0.53 sys=0.01, real=0.55 secs] 
2020-01-14T17:39:20.482+0800: 9.228: [Full GC (Allocation Failure) 2020-01-14T17:39:20.482+0800: 9.228: [Tenured: 174784K->174784K(174784K), 0.5040843 secs] 253439K->250508K(253440K), [Metaspace: 128K->128K(4480K)], 0.5041514 secs] [Times: user=0.50 sys=0.00, real=0.50 secs] 
2020-01-14T17:39:21.022+0800: 9.768: [Full GC (Allocation Failure) 2020-01-14T17:39:21.022+0800: 9.768: [Tenured: 174784K->174784K(174784K), 0.5652165 secs] 253439K->251345K(253440K), [Metaspace: 128K->128K(4480K)], 0.5652711 secs] [Times: user=0.55 sys=0.02, real=0.56 secs] 
2020-01-14T17:39:21.611+0800: 10.357: [Full GC (Allocation Failure) 2020-01-14T17:39:21.611+0800: 10.357: [Tenured: 174784K->167100K(174784K), 0.6090763 secs] 253439K->244260K(253440K), [Metaspace: 128K->128K(4480K)], 0.6091384 secs] [Times: user=0.55 sys=0.06, real=0.61 secs] 
2020-01-14T17:39:22.349+0800: 11.095: [Full GC (Allocation Failure) 2020-01-14T17:39:22.349+0800: 11.095: [Tenured: 174783K->174783K(174784K), 0.5060996 secs] 253439K->252371K(253440K), [Metaspace: 128K->128K(4480K)], 0.5061575 secs] [Times: user=0.47 sys=0.05, real=0.51 secs] 
2020-01-14T17:39:22.867+0800: 11.613: [Full GC (Allocation Failure) 2020-01-14T17:39:22.867+0800: 11.613: [Tenured: 174783K->174783K(174784K), 0.5203650 secs] 253439K->252676K(253440K), [Metaspace: 128K->128K(4480K)], 0.5204249 secs] [Times: user=0.49 sys=0.05, real=0.52 secs] 
2020-01-14T17:39:23.396+0800: 12.142: [Full GC (Allocation Failure) 2020-01-14T17:39:23.396+0800: 12.142: [Tenured: 174783K->174783K(174784K), 0.5151722 secs] 253439K->252894K(253440K), [Metaspace: 128K->128K(4480K)], 0.5152278 secs] [Times: user=0.48 sys=0.03, real=0.52 secs] 
2020-01-14T17:39:23.918+0800: 12.663: [Full GC (Allocation Failure) 2020-01-14T17:39:23.918+0800: 12.663: [Tenured: 174783K->169295K(174784K), 0.6093400 secs] 253439K->247562K(253440K), [Metaspace: 128K->128K(4480K)], 0.6094042 secs] [Times: user=0.59 sys=0.02, real=0.61 secs] 
2020-01-14T17:39:24.714+0800: 13.461: [Full GC (Allocation Failure) 2020-01-14T17:39:24.714+0800: 13.461: [Tenured: 174783K->174783K(174784K), 0.9880460 secs] 253439K->253161K(253440K), [Metaspace: 128K->128K(4480K)], 0.9881189 secs] [Times: user=0.80 sys=0.08, real=0.99 secs] 
2020-01-14T17:39:25.818+0800: 14.564: [Full GC (Allocation Failure) 2020-01-14T17:39:25.818+0800: 14.564: [Tenured: 174784K->174784K(174784K), 1.3022224 secs] 253439K->253241K(253440K), [Metaspace: 128K->128K(4480K)], 1.3022951 secs] [Times: user=0.81 sys=0.03, real=1.30 secs] 
2020-01-14T17:39:27.189+0800: 15.935: [Full GC (Allocation Failure) 2020-01-14T17:39:27.189+0800: 15.935: [Tenured: 174784K->174784K(174784K), 1.4827457 secs] 253439K->253298K(253440K), [Metaspace: 128K->128K(4480K)], 1.4828410 secs] [Times: user=0.73 sys=0.05, real=1.48 secs] 
2020-01-14T17:39:28.745+0800: 17.491: [Full GC (Allocation Failure) 2020-01-14T17:39:28.745+0800: 17.491: [Tenured: 174784K->170863K(174784K), 1.0383628 secs] 253439K->249418K(253440K), [Metaspace: 128K->128K(4480K)], 1.0384306 secs] [Times: user=0.73 sys=0.06, real=1.04 secs] 
2020-01-14T17:39:30.549+0800: 19.295: [Full GC (Allocation Failure) 2020-01-14T17:39:30.549+0800: 19.295: [Tenured: 174783K->174783K(174784K), 0.6507905 secs] 253439K->253367K(253440K), [Metaspace: 128K->128K(4480K)], 0.6508600 secs] [Times: user=0.61 sys=0.05, real=0.65 secs] 
2020-01-14T17:39:31.200+0800: 19.946: [Full GC (Allocation Failure) 2020-01-14T17:39:31.200+0800: 19.946: [Tenured: 174783K->174783K(174784K), 0.5235464 secs] 253439K->253388K(253440K), [Metaspace: 128K->128K(4480K)], 0.5235961 secs] [Times: user=0.42 sys=0.09, real=0.52 secs] 
2020-01-14T17:39:31.725+0800: 20.471: [Full GC (Allocation Failure) 2020-01-14T17:39:31.725+0800: 20.471: [Tenured: 174783K->174783K(174784K), 0.5176845 secs] 253439K->253403K(253440K), [Metaspace: 128K->128K(4480K)], 0.5177339 secs] [Times: user=0.51 sys=0.00, real=0.52 secs] 
2020-01-14T17:39:32.243+0800: 20.989: [Full GC (Allocation Failure) 2020-01-14T17:39:32.243+0800: 20.989: [Tenured: 174783K->171983K(174784K), 0.5219289 secs] 253439K->250613K(253440K), [Metaspace: 128K->128K(4480K)], 0.5219771 secs] [Times: user=0.47 sys=0.05, real=0.52 secs] 
2020-01-14T17:39:32.799+0800: 21.545: [Full GC (Allocation Failure) 2020-01-14T17:39:32.799+0800: 21.545: [Tenured: 174783K->174783K(174784K), 0.5231824 secs] 253439K->253421K(253440K), [Metaspace: 128K->128K(4480K)], 0.5232473 secs] [Times: user=0.53 sys=0.00, real=0.52 secs] 
2020-01-14T17:39:33.322+0800: 22.069: [Full GC (Allocation Failure) 2020-01-14T17:39:33.322+0800: 22.069: [Tenured: 174783K->174783K(174784K), 0.5432350 secs] 253439K->253426K(253440K), [Metaspace: 128K->128K(4480K)], 0.5433056 secs] [Times: user=0.52 sys=0.00, real=0.54 secs] 
2020-01-14T17:39:33.866+0800: 22.612: [Full GC (Allocation Failure) 2020-01-14T17:39:33.866+0800: 22.612: [Tenured: 174783K->174783K(174784K), 0.7262145 secs] 253439K->253430K(253440K), [Metaspace: 128K->128K(4480K)], 0.7262732 secs] [Times: user=0.61 sys=0.06, real=0.73 secs] 
2020-01-14T17:39:34.593+0800: 23.339: [Full GC (Allocation Failure) 2020-01-14T17:39:34.593+0800: 23.339: [Tenured: 174783K->172783K(174784K), 0.6586859 secs] 253439K->251432K(253440K), [Metaspace: 128K->128K(4480K)], 0.6587462 secs] [Times: user=0.64 sys=0.02, real=0.66 secs] 
2020-01-14T17:39:35.276+0800: 24.022: [Full GC (Allocation Failure) 2020-01-14T17:39:35.276+0800: 24.022: [Tenured: 174784K->174784K(174784K), 0.5286184 secs] 253439K->253435K(253440K), [Metaspace: 128K->128K(4480K)], 0.5286800 secs] [Times: user=0.48 sys=0.03, real=0.53 secs] 
2020-01-14T17:39:35.805+0800: 24.551: [Full GC (Allocation Failure) 2020-01-14T17:39:35.805+0800: 24.551: [Tenured: 174784K->174784K(174784K), 0.5506412 secs] 253439K->253436K(253440K), [Metaspace: 128K->128K(4480K)], 0.5506995 secs] [Times: user=0.55 sys=0.01, real=0.55 secs] 
2020-01-14T17:39:36.356+0800: 25.102: [Full GC (Allocation Failure) 2020-01-14T17:39:36.356+0800: 25.102: [Tenured: 174784K->174784K(174784K), 0.5370766 secs] 253439K->253437K(253440K), [Metaspace: 128K->128K(4480K)], 0.5371393 secs] [Times: user=0.52 sys=0.02, real=0.54 secs] 
2020-01-14T17:39:36.894+0800: 25.639: [Full GC (Allocation Failure) 2020-01-14T17:39:36.894+0800: 25.639: [Tenured: 174784K->173355K(174784K), 0.5150378 secs] 253439K->252009K(253440K), [Metaspace: 128K->128K(4480K)], 0.5150932 secs] [Times: user=0.48 sys=0.01, real=0.51 secs] 
2020-01-14T17:39:37.427+0800: 26.172: [Full GC (Allocation Failure) 2020-01-14T17:39:37.427+0800: 26.172: [Tenured: 174784K->174784K(174784K), 0.5743099 secs] 253439K->253438K(253440K), [Metaspace: 128K->128K(4480K)], 0.5743683 secs] [Times: user=0.55 sys=0.02, real=0.57 secs] 
2020-01-14T17:39:38.001+0800: 26.747: [Full GC (Allocation Failure) 2020-01-14T17:39:38.001+0800: 26.747: [Tenured: 174784K->174784K(174784K), 0.6346843 secs] 253439K->253439K(253440K), [Metaspace: 128K->128K(4480K)], 0.6347473 secs] [Times: user=0.61 sys=0.03, real=0.63 secs] 
2020-01-14T17:39:38.636+0800: 27.382: [Full GC (Allocation Failure) 2020-01-14T17:39:38.636+0800: 27.382: [Tenured: 174784K->174784K(174784K), 0.5315908 secs] 253439K->253439K(253440K), [Metaspace: 128K->128K(4480K)], 0.5316578 secs] [Times: user=0.50 sys=0.03, real=0.53 secs] 
2020-01-14T17:39:39.168+0800: 27.914: [Full GC (Allocation Failure) 2020-01-14T17:39:39.168+0800: 27.914: [Tenured: 174784K->173763K(174784K), 0.5254823 secs] 253439K->252419K(253440K), [Metaspace: 128K->128K(4480K)], 0.5255287 secs] [Times: user=0.48 sys=0.03, real=0.53 secs] 
2020-01-14T17:39:39.705+0800: 28.451: [Full GC (Allocation Failure) 2020-01-14T17:39:39.705+0800: 28.451: [Tenured: 174783K->174783K(174784K), 0.5426873 secs] 253439K->253439K(253440K), [Metaspace: 128K->128K(4480K)], 0.5427749 secs] [Times: user=0.50 sys=0.05, real=0.54 secs] 
2020-01-14T17:39:40.249+0800: 28.994: [Full GC (Allocation Failure) 2020-01-14T17:39:40.249+0800: 28.994: [Tenured: 174783K->174783K(174784K), 0.5187351 secs] 253439K->253439K(253440K), [Metaspace: 128K->128K(4480K)], 0.5187794 secs] [Times: user=0.50 sys=0.02, real=0.52 secs] 
2020-01-14T17:39:40.767+0800: 29.513: [Full GC (Allocation Failure) 2020-01-14T17:39:40.767+0800: 29.513: [Tenured: 174783K->174783K(174784K), 0.5378814 secs] 253439K->253439K(253440K), [Metaspace: 128K->128K(4480K)], 0.5379373 secs] [Times: user=0.53 sys=0.00, real=0.54 secs] 
2020-01-14T17:39:41.305+0800: 30.051: [Full GC (Allocation Failure) 2020-01-14T17:39:41.305+0800: 30.051: [Tenured: 174783K->174055K(174784K), 0.5224241 secs] 253439K->252710K(253440K), [Metaspace: 128K->128K(4480K)], 0.5224793 secs] [Times: user=0.52 sys=0.02, real=0.52 secs] 
2020-01-14T17:39:41.836+0800: 30.582: [Full GC (Allocation Failure) 2020-01-14T17:39:41.836+0800: 30.582: [Tenured: 174783K->174783K(174784K), 0.5306218 secs] 253439K->253439K(253440K), [Metaspace: 128K->128K(4480K)], 0.5306774 secs] [Times: user=0.50 sys=0.03, real=0.53 secs] 
2020-01-14T17:39:42.368+0800: 31.113: [Full GC (Allocation Failure) 2020-01-14T17:39:42.368+0800: 31.113: [Tenured: 174784K->174784K(174784K), 0.5138511 secs] 253439K->253439K(253440K), [Metaspace: 128K->128K(4480K)], 0.5138984 secs] [Times: user=0.47 sys=0.03, real=0.51 secs] 
2020-01-14T17:39:42.881+0800: 31.627: [Full GC (Allocation Failure) 2020-01-14T17:39:42.881+0800: 31.627: [Tenured: 174784K->174784K(174784K), 0.5670831 secs] 253439K->253439K(253440K), [Metaspace: 128K->128K(4480K)], 0.5671377 secs] [Times: user=0.58 sys=0.00, real=0.57 secs] 
2020-01-14T17:39:43.449+0800: 32.195: [Full GC (Allocation Failure) 2020-01-14T17:39:43.449+0800: 32.195: [Tenured: 174784K->174263K(174784K), 0.5265293 secs] 253439K->252919K(253440K), [Metaspace: 128K->128K(4480K)], 0.5265944 secs] [Times: user=0.51 sys=0.00, real=0.53 secs] 
2020-01-14T17:39:43.982+0800: 32.728: [Full GC (Allocation Failure) 2020-01-14T17:39:43.982+0800: 32.728: [Tenured: 174783K->174783K(174784K), 0.5455599 secs] 253439K->253439K(253440K), [Metaspace: 128K->128K(4480K)], 0.5456287 secs] [Times: user=0.53 sys=0.00, real=0.55 secs] 
2020-01-14T17:39:44.528+0800: 33.274: [Full GC (Allocation Failure) 2020-01-14T17:39:44.528+0800: 33.274: [Tenured: 174783K->174783K(174784K), 0.5587689 secs] 253439K->253439K(253440K), [Metaspace: 128K->128K(4480K)], 0.5588214 secs] [Times: user=0.53 sys=0.02, real=0.56 secs] 
2020-01-14T17:39:45.086+0800: 33.833: [Full GC (Allocation Failure) 2020-01-14T17:39:45.086+0800: 33.833: [Tenured: 174783K->174783K(174784K), 0.5316523 secs] 253439K->253439K(253440K), [Metaspace: 128K->128K(4480K)], 0.5316950 secs] [Times: user=0.45 sys=0.08, real=0.53 secs] 
2020-01-14T17:39:45.618+0800: 34.364: [Full GC (Allocation Failure) 2020-01-14T17:39:45.618+0800: 34.364: [Tenured: 174783K->174412K(174784K), 0.5439059 secs] 253439K->253068K(253440K), [Metaspace: 128K->128K(4480K)], 0.5439501 secs] [Times: user=0.53 sys=0.02, real=0.54 secs] 
2020-01-14T17:39:46.166+0800: 34.913: [Full GC (Allocation Failure) 2020-01-14T17:39:46.166+0800: 34.913: [Tenured: 174783K->174783K(174784K), 0.5420847 secs] 253439K->253439K(253440K), [Metaspace: 128K->128K(4480K)], 0.5421614 secs] [Times: user=0.53 sys=0.00, real=0.54 secs] 
2020-01-14T17:39:46.709+0800: 35.455: [Full GC (Allocation Failure) 2020-01-14T17:39:46.709+0800: 35.455: [Tenured: 174783K->174783K(174784K), 0.5243505 secs] 253439K->253439K(253440K), [Metaspace: 128K->128K(4480K)], 0.5244011 secs] [Times: user=0.48 sys=0.05, real=0.52 secs] 
2020-01-14T17:39:47.233+0800: 35.980: [Full GC (Allocation Failure) 2020-01-14T17:39:47.233+0800: 35.980: [Tenured: 174783K->174518K(174784K), 0.5298197 secs] 253439K->253174K(253440K), [Metaspace: 128K->128K(4480K)], 0.5298576 secs] [Times: user=0.50 sys=0.03, real=0.53 secs] 
2020-01-14T17:39:47.766+0800: 36.513: [Full GC (Allocation Failure) 2020-01-14T17:39:47.766+0800: 36.513: [Tenured: 174783K->174594K(174784K), 0.5160458 secs] 253439K->253250K(253440K), [Metaspace: 128K->128K(4480K)], 0.5160996 secs] [Times: user=0.50 sys=0.02, real=0.52 secs] 
2020-01-14T17:39:48.285+0800: 37.031: [Full GC (Allocation Failure) 2020-01-14T17:39:48.285+0800: 37.031: [Tenured: 174783K->174783K(174784K), 0.5545658 secs] 253439K->253439K(253440K), [Metaspace: 128K->128K(4480K)], 0.5546099 secs] [Times: user=0.50 sys=0.06, real=0.55 secs] 
2020-01-14T17:39:48.840+0800: 37.586: [Full GC (Allocation Failure) 2020-01-14T17:39:48.840+0800: 37.586: [Tenured: 174783K->174783K(174784K), 0.5167508 secs] 253439K->253439K(253440K), [Metaspace: 128K->128K(4480K)], 0.5168080 secs] [Times: user=0.49 sys=0.02, real=0.52 secs] 
2020-01-14T17:39:49.357+0800: 38.103: [Full GC (Allocation Failure) 2020-01-14T17:39:49.357+0800: 38.103: [Tenured: 174783K->174648K(174784K), 0.5312934 secs] 253439K->253304K(253440K), [Metaspace: 128K->128K(4480K)], 0.5313544 secs] [Times: user=0.50 sys=0.02, real=0.53 secs] 
2020-01-14T17:39:49.889+0800: 38.636: [Full GC (Allocation Failure) 2020-01-14T17:39:49.889+0800: 38.636: [Tenured: 174784K->174687K(174784K), 0.5203584 secs] 253439K->253343K(253440K), [Metaspace: 128K->128K(4480K)], 0.5204192 secs] [Times: user=0.51 sys=0.00, real=0.52 secs] 
2020-01-14T17:39:50.411+0800: 39.157: [Full GC (Allocation Failure) 2020-01-14T17:39:50.411+0800: 39.157: [Tenured: 174784K->174784K(174784K), 0.5816448 secs] 253439K->253439K(253440K), [Metaspace: 128K->128K(4480K)], 0.5816936 secs] [Times: user=0.52 sys=0.05, real=0.58 secs] 
2020-01-14T17:39:50.993+0800: 39.739: [Full GC (Allocation Failure) 2020-01-14T17:39:50.993+0800: 39.739: [Tenured: 174784K->174714K(174784K), 0.5132189 secs] 253439K->253370K(253440K), [Metaspace: 128K->128K(4480K)], 0.5132584 secs] [Times: user=0.48 sys=0.03, real=0.51 secs] 
2020-01-14T17:39:51.507+0800: 40.253: [Full GC (Allocation Failure) 2020-01-14T17:39:51.507+0800: 40.253: [Tenured: 174784K->174784K(174784K), 0.5371573 secs] 253439K->253439K(253440K), [Metaspace: 128K->128K(4480K)], 0.5372006 secs] [Times: user=0.55 sys=0.00, real=0.54 secs] 
2020-01-14T17:39:52.045+0800: 40.791: [Full GC (Allocation Failure) 2020-01-14T17:39:52.045+0800: 40.791: [Tenured: 174784K->174734K(174784K), 0.5097404 secs] 253439K->253390K(253440K), [Metaspace: 128K->128K(4480K)], 0.5097795 secs] [Times: user=0.48 sys=0.02, real=0.51 secs] 
2020-01-14T17:39:52.555+0800: 41.301: [Full GC (Allocation Failure) 2020-01-14T17:39:52.555+0800: 41.301: [Tenured: 174783K->174783K(174784K), 0.6008618 secs] 253439K->253439K(253440K), [Metaspace: 128K->128K(4480K)], 0.6009050 secs] [Times: user=0.59 sys=0.02, real=0.60 secs] 
2020-01-14T17:39:53.156+0800: 41.902: [Full GC (Allocation Failure) 2020-01-14T17:39:53.156+0800: 41.902: [Tenured: 174783K->174748K(174784K), 0.5458638 secs] 253439K->253404K(253440K), [Metaspace: 128K->128K(4480K)], 0.5459163 secs] [Times: user=0.53 sys=0.02, real=0.55 secs] 
2020-01-14T17:39:53.702+0800: 42.449: [Full GC (Allocation Failure) 2020-01-14T17:39:53.702+0800: 42.449: [Tenured: 174783K->174783K(174784K), 0.5610071 secs] 253439K->253439K(253440K), [Metaspace: 128K->128K(4480K)], 0.5610697 secs] [Times: user=0.56 sys=0.00, real=0.56 secs] 
2020-01-14T17:39:54.264+0800: 43.010: [Full GC (Allocation Failure) 2020-01-14T17:39:54.264+0800: 43.010: [Tenured: 174783K->174758K(174784K), 0.5816586 secs] 253439K->253414K(253440K), [Metaspace: 128K->128K(4480K)], 0.5817005 secs] [Times: user=0.56 sys=0.02, real=0.58 secs] 
2020-01-14T17:39:54.845+0800: 43.592: [Full GC (Allocation Failure) 2020-01-14T17:39:54.845+0800: 43.592: [Tenured: 174784K->174784K(174784K), 0.5509171 secs] 253439K->253439K(253440K), [Metaspace: 128K->128K(4480K)], 0.5509675 secs] [Times: user=0.52 sys=0.03, real=0.55 secs] 
2020-01-14T17:39:55.397+0800: 44.143: [Full GC (Allocation Failure) 2020-01-14T17:39:55.397+0800: 44.143: [Tenured: 174784K->174765K(174784K), 0.5212619 secs] 253439K->253421K(253440K), [Metaspace: 128K->128K(4480K)], 0.5213166 secs] [Times: user=0.52 sys=0.02, real=0.52 secs] 
2020-01-14T17:39:55.919+0800: 44.665: [Full GC (Allocation Failure) 2020-01-14T17:39:55.919+0800: 44.665: [Tenured: 174783K->174783K(174784K), 0.5534032 secs] 253439K->253439K(253440K), [Metaspace: 128K->128K(4480K)], 0.5534520 secs] [Times: user=0.53 sys=0.01, real=0.55 secs] 
2020-01-14T17:39:56.471+0800: 45.218: [Full GC (Allocation Failure) 2020-01-14T17:39:56.471+0800: 45.218: [Tenured: 174783K->174771K(174784K), 0.5293563 secs] 253439K->253427K(253440K), [Metaspace: 128K->128K(4480K)], 0.5294068 secs] [Times: user=0.53 sys=0.00, real=0.53 secs] 
2020-01-14T17:39:57.002+0800: 45.748: [Full GC (Allocation Failure) 2020-01-14T17:39:57.002+0800: 45.748: [Tenured: 174783K->174783K(174784K), 0.5472666 secs] 253439K->253439K(253440K), [Metaspace: 128K->128K(4480K)], 0.5473144 secs] [Times: user=0.52 sys=0.03, real=0.55 secs] 
2020-01-14T17:39:57.549+0800: 46.295: [Full GC (Allocation Failure) 2020-01-14T17:39:57.549+0800: 46.295: [Tenured: 174783K->174774K(174784K), 0.5109672 secs] 253439K->253430K(253440K), [Metaspace: 128K->128K(4480K)], 0.5110102 secs] [Times: user=0.47 sys=0.05, real=0.51 secs] 
2020-01-14T17:39:58.060+0800: 46.806: [Full GC (Allocation Failure) 2020-01-14T17:39:58.060+0800: 46.806: [Tenured: 174783K->174783K(174784K), 0.5308266 secs] 253439K->253439K(253440K), [Metaspace: 128K->128K(4480K)], 0.5308732 secs] [Times: user=0.51 sys=0.01, real=0.53 secs] 
2020-01-14T17:39:58.591+0800: 47.337: [Full GC (Allocation Failure) 2020-01-14T17:39:58.591+0800: 47.337: [Tenured: 174783K->174777K(174784K), 0.6414833 secs] 253439K->253433K(253440K), [Metaspace: 128K->128K(4480K)], 0.6415310 secs] [Times: user=0.58 sys=0.02, real=0.64 secs] 
2020-01-14T17:39:59.233+0800: 47.979: [Full GC (Allocation Failure) 2020-01-14T17:39:59.233+0800: 47.979: [Tenured: 174783K->174783K(174784K), 0.5655186 secs] 253439K->253439K(253440K), [Metaspace: 128K->128K(4480K)], 0.5655691 secs] [Times: user=0.55 sys=0.01, real=0.57 secs] 
2020-01-14T17:39:59.798+0800: 48.545: [Full GC (Allocation Failure) 2020-01-14T17:39:59.798+0800: 48.545: [Tenured: 174783K->174779K(174784K), 0.7289202 secs] 253439K->253435K(253440K), [Metaspace: 128K->128K(4480K)], 0.7289605 secs] [Times: user=0.66 sys=0.06, real=0.73 secs] 
2020-01-14T17:40:00.527+0800: 49.274: [Full GC (Allocation Failure) 2020-01-14T17:40:00.527+0800: 49.274: [Tenured: 174783K->174783K(174784K), 0.5161232 secs] 253439K->253439K(253440K), [Metaspace: 128K->128K(4480K)], 0.5161777 secs] [Times: user=0.47 sys=0.05, real=0.52 secs] 
2020-01-14T17:40:01.044+0800: 49.790: [Full GC (Allocation Failure) 2020-01-14T17:40:01.044+0800: 49.790: [Tenured: 174783K->174780K(174784K), 0.5385450 secs] 253439K->253436K(253440K), [Metaspace: 128K->128K(4480K)], 0.5385916 secs] [Times: user=0.47 sys=0.05, real=0.54 secs] 
2020-01-14T17:40:01.582+0800: 50.329: [Full GC (Allocation Failure) 2020-01-14T17:40:01.582+0800: 50.329: [Tenured: 174783K->174783K(174784K), 0.5148370 secs] 253439K->253439K(253440K), [Metaspace: 128K->128K(4480K)], 0.5148809 secs] [Times: user=0.48 sys=0.03, real=0.52 secs] 
2020-01-14T17:40:02.098+0800: 50.844: [Full GC (Allocation Failure) 2020-01-14T17:40:02.098+0800: 50.844: [Tenured: 174783K->174781K(174784K), 0.5328173 secs] 253439K->253437K(253440K), [Metaspace: 128K->128K(4480K)], 0.5328592 secs] [Times: user=0.53 sys=0.00, real=0.53 secs] 
2020-01-14T17:40:02.630+0800: 51.377: [Full GC (Allocation Failure) 2020-01-14T17:40:02.630+0800: 51.377: [Tenured: 174783K->174783K(174784K), 0.5220935 secs] 253439K->253439K(253440K), [Metaspace: 128K->128K(4480K)], 0.5221493 secs] [Times: user=0.51 sys=0.02, real=0.52 secs] 
2020-01-14T17:40:03.153+0800: 51.899: [Full GC (Allocation Failure) 2020-01-14T17:40:03.153+0800: 51.899: [Tenured: 174783K->174782K(174784K), 0.5485353 secs] 253439K->253438K(253440K), [Metaspace: 128K->128K(4480K)], 0.5485785 secs] [Times: user=0.55 sys=0.00, real=0.55 secs] 
2020-01-14T17:40:03.702+0800: 52.448: [Full GC (Allocation Failure) 2020-01-14T17:40:03.702+0800: 52.448: [Tenured: 174783K->174783K(174784K), 0.5142639 secs] 253439K->253439K(253440K), [Metaspace: 128K->128K(4480K)], 0.5143194 secs] [Times: user=0.47 sys=0.05, real=0.51 secs] 
2020-01-14T17:40:04.216+0800: 52.962: [Full GC (Allocation Failure) 2020-01-14T17:40:04.216+0800: 52.962: [Tenured: 174783K->174782K(174784K), 0.5359253 secs] 253439K->253438K(253440K), [Metaspace: 128K->128K(4480K)], 0.5359702 secs] [Times: user=0.51 sys=0.02, real=0.53 secs] 
2020-01-14T17:40:04.752+0800: 53.498: [Full GC (Allocation Failure) 2020-01-14T17:40:04.752+0800: 53.498: [Tenured: 174784K->174784K(174784K), 0.5123374 secs] 253439K->253439K(253440K), [Metaspace: 128K->128K(4480K)], 0.5123846 secs] [Times: user=0.50 sys=0.02, real=0.51 secs] 
2020-01-14T17:40:05.264+0800: 54.011: [Full GC (Allocation Failure) 2020-01-14T17:40:05.264+0800: 54.011: [Tenured: 174784K->174783K(174784K), 0.5281648 secs] 253439K->253439K(253440K), [Metaspace: 128K->128K(4480K)], 0.5282105 secs] [Times: user=0.52 sys=0.02, real=0.53 secs] 
2020-01-14T17:40:05.793+0800: 54.539: [Full GC (Allocation Failure) 2020-01-14T17:40:05.793+0800: 54.539: [Tenured: 174783K->174783K(174784K), 0.5176276 secs] 253439K->253439K(253440K), [Metaspace: 128K->128K(4480K)], 0.5176973 secs] [Times: user=0.48 sys=0.03, real=0.52 secs] 
2020-01-14T17:40:06.311+0800: 55.057: [Full GC (Allocation Failure) 2020-01-14T17:40:06.311+0800: 55.057: [Tenured: 174783K->174783K(174784K), 0.5323595 secs] 253439K->253439K(253440K), [Metaspace: 128K->128K(4480K)], 0.5324110 secs] [Times: user=0.52 sys=0.01, real=0.53 secs] 
2020-01-14T17:40:06.843+0800: 55.590: [Full GC (Allocation Failure) 2020-01-14T17:40:06.843+0800: 55.590: [Tenured: 174783K->174783K(174784K), 0.5220102 secs] 253439K->253439K(253440K), [Metaspace: 128K->128K(4480K)], 0.5220588 secs] [Times: user=0.48 sys=0.03, real=0.52 secs] 
2020-01-14T17:40:07.366+0800: 56.112: [Full GC (Allocation Failure) 2020-01-14T17:40:07.366+0800: 56.112: [Tenured: 174783K->174783K(174784K), 0.5277199 secs] 253439K->253439K(253440K), [Metaspace: 128K->128K(4480K)], 0.5277618 secs] [Times: user=0.47 sys=0.05, real=0.53 secs] 
2020-01-14T17:40:07.893+0800: 56.640: [Full GC (Allocation Failure) 2020-01-14T17:40:07.893+0800: 56.640: [Tenured: 174784K->174784K(174784K), 0.5127233 secs] 253439K->253439K(253440K), [Metaspace: 128K->128K(4480K)], 0.5127775 secs] [Times: user=0.45 sys=0.06, real=0.51 secs] 
2020-01-14T17:40:08.406+0800: 57.152: [Full GC (Allocation Failure) 2020-01-14T17:40:08.406+0800: 57.152: [Tenured: 174784K->174783K(174784K), 0.5141674 secs] 253439K->253439K(253440K), [Metaspace: 128K->128K(4480K)], 0.5142090 secs] [Times: user=0.50 sys=0.01, real=0.51 secs] 
2020-01-14T17:40:08.920+0800: 57.667: [Full GC (Allocation Failure) 2020-01-14T17:40:08.920+0800: 57.667: [Tenured: 174783K->174783K(174784K), 0.5229853 secs] 253439K->253439K(253440K), [Metaspace: 128K->128K(4480K)], 0.5230313 secs] [Times: user=0.47 sys=0.03, real=0.52 secs] 
2020-01-14T17:40:09.444+0800: 58.190: [Full GC (Allocation Failure) 2020-01-14T17:40:09.444+0800: 58.190: [Tenured: 174783K->174783K(174784K), 0.5233960 secs] 253439K->253439K(253440K), [Metaspace: 128K->128K(4480K)], 0.5234357 secs] [Times: user=0.52 sys=0.02, real=0.52 secs] 
2020-01-14T17:40:09.967+0800: 58.713: [Full GC (Allocation Failure) 2020-01-14T17:40:09.967+0800: 58.713: [Tenured: 174784K->174784K(174784K), 0.5187321 secs] 253439K->253439K(253440K), [Metaspace: 128K->128K(4480K)], 0.5187862 secs] [Times: user=0.48 sys=0.03, real=0.52 secs] 
2020-01-14T17:40:10.486+0800: 59.232: [Full GC (Allocation Failure) 2020-01-14T17:40:10.486+0800: 59.232: [Tenured: 174784K->174783K(174784K), 0.6145558 secs] 253439K->253439K(253440K), [Metaspace: 128K->128K(4480K)], 0.6145991 secs] [Times: user=0.56 sys=0.05, real=0.62 secs] 
2020-01-14T17:40:11.101+0800: 59.847: [Full GC (Allocation Failure) 2020-01-14T17:40:11.101+0800: 59.847: [Tenured: 174783K->174783K(174784K), 0.5165527 secs] 253439K->253439K(253440K), [Metaspace: 128K->128K(4480K)], 0.5166037 secs] [Times: user=0.48 sys=0.03, real=0.52 secs] 
2020-01-14T17:40:11.618+0800: 60.364: [Full GC (Allocation Failure) 2020-01-14T17:40:11.618+0800: 60.364: [Tenured: 174783K->174783K(174784K), 0.5238366 secs] 253439K->253439K(253440K), [Metaspace: 128K->128K(4480K)], 0.5238861 secs] [Times: user=0.48 sys=0.05, real=0.52 secs] 
2020-01-14T17:40:12.141+0800: 60.888: [Full GC (Allocation Failure) 2020-01-14T17:40:12.141+0800: 60.888: [Tenured: 174784K->174784K(174784K), 0.5223551 secs] 253439K->253439K(253440K), [Metaspace: 128K->128K(4480K)], 0.5223962 secs] [Times: user=0.48 sys=0.03, real=0.52 secs] 
2020-01-14T17:40:12.663+0800: 61.410: [Full GC (Allocation Failure) 2020-01-14T17:40:12.663+0800: 61.410: [Tenured: 174784K->174783K(174784K), 0.5336886 secs] 253439K->253439K(253440K), [Metaspace: 128K->128K(4480K)], 0.5337330 secs] [Times: user=0.48 sys=0.06, real=0.53 secs] 
2020-01-14T17:40:13.198+0800: 61.944: [Full GC (Allocation Failure) 2020-01-14T17:40:13.198+0800: 61.944: [Tenured: 174783K->174783K(174784K), 0.5349268 secs] 253439K->253439K(253440K), [Metaspace: 128K->128K(4480K)], 0.5349744 secs] [Times: user=0.50 sys=0.03, real=0.54 secs] 
2020-01-14T17:40:13.733+0800: 62.479: [Full GC (Allocation Failure) 2020-01-14T17:40:13.733+0800: 62.479: [Tenured: 174783K->174783K(174784K), 0.5384822 secs] 253439K->253439K(253440K), [Metaspace: 128K->128K(4480K)], 0.5385231 secs] [Times: user=0.53 sys=0.00, real=0.54 secs] 
2020-01-14T17:40:14.271+0800: 63.018: [Full GC (Allocation Failure) 2020-01-14T17:40:14.271+0800: 63.018: [Tenured: 174783K->174783K(174784K), 0.5284819 secs] 253439K->253439K(253440K), [Metaspace: 128K->128K(4480K)], 0.5285441 secs] [Times: user=0.47 sys=0.05, real=0.53 secs] 
2020-01-14T17:40:14.800+0800: 63.546: [Full GC (Allocation Failure) 2020-01-14T17:40:14.800+0800: 63.546: [Tenured: 174783K->174783K(174784K), 0.5405759 secs] 253439K->253439K(253440K), [Metaspace: 128K->128K(4480K)], 0.5406158 secs] [Times: user=0.52 sys=0.03, real=0.54 secs] 
2020-01-14T17:40:15.341+0800: 64.087: [Full GC (Allocation Failure) 2020-01-14T17:40:15.341+0800: 64.087: [Tenured: 174784K->174784K(174784K), 0.5183568 secs] 253439K->253439K(253440K), [Metaspace: 128K->128K(4480K)], 0.5184174 secs] [Times: user=0.45 sys=0.05, real=0.52 secs] 
2020-01-14T17:40:15.859+0800: 64.606: [Full GC (Allocation Failure) 2020-01-14T17:40:15.859+0800: 64.606: [Tenured: 174784K->174783K(174784K), 0.5345040 secs] 253439K->253439K(253440K), [Metaspace: 128K->128K(4480K)], 0.5345505 secs] [Times: user=0.48 sys=0.03, real=0.54 secs] 
2020-01-14T17:40:16.394+0800: 65.140: [Full GC (Allocation Failure) 2020-01-14T17:40:16.394+0800: 65.140: [Tenured: 174784K->174784K(174784K), 0.5143894 secs] 253439K->253439K(253440K), [Metaspace: 128K->128K(4480K)], 0.5144546 secs] [Times: user=0.50 sys=0.01, real=0.51 secs] 
2020-01-14T17:40:16.908+0800: 65.655: [Full GC (Allocation Failure) 2020-01-14T17:40:16.908+0800: 65.655: [Tenured: 174784K->174783K(174784K), 0.5394185 secs] 253439K->253439K(253440K), [Metaspace: 128K->128K(4480K)], 0.5394570 secs] [Times: user=0.53 sys=0.02, real=0.54 secs] 
2020-01-14T17:40:17.448+0800: 66.194: [Full GC (Allocation Failure) 2020-01-14T17:40:17.448+0800: 66.194: [Tenured: 174784K->174784K(174784K), 0.5392051 secs] 253439K->253439K(253440K), [Metaspace: 128K->128K(4480K)], 0.5392592 secs] [Times: user=0.50 sys=0.03, real=0.54 secs] 
2020-01-14T17:40:17.987+0800: 66.734: [Full GC (Allocation Failure) 2020-01-14T17:40:17.987+0800: 66.734: [Tenured: 174784K->174784K(174784K), 0.5665315 secs] 253439K->253439K(253440K), [Metaspace: 128K->128K(4480K)], 0.5665747 secs] [Times: user=0.53 sys=0.03, real=0.57 secs] 
2020-01-14T17:40:18.554+0800: 67.300: [Full GC (Allocation Failure) 2020-01-14T17:40:18.554+0800: 67.300: [Tenured: 174784K->2244K(174784K), 0.0531258 secs] 253439K->2244K(253440K), [Metaspace: 128K->128K(4480K)], 0.0531744 secs] [Times: user=0.06 sys=0.00, real=0.05 secs] 
Heap
 def new generation   total 78656K, used 1405K [0x04a00000, 0x09f50000, 0x09f50000)
  eden space 69952K,   2% used [0x04a00000, 0x04b5f700, 0x08e50000)
  from space 8704K,   0% used [0x08e50000, 0x08e50000, 0x096d0000)
  to   space 8704K,   0% used [0x096d0000, 0x096d0000, 0x09f50000)
 tenured generation   total 174784K, used 2244K [0x09f50000, 0x14a00000, 0x14a00000)
   the space 174784K,   1% used [0x09f50000, 0x0a181038, 0x0a181200, 0x14a00000)
 Metaspace       used 129K, capacity 2280K, committed 2368K, reserved 4480K
